******************************************************************************
               TMS320C6x Linker Unix v7.3.23                   
******************************************************************************
>> Linked Thu Jan 29 16:15:34 2026

OUTPUT FILE NAME:   <assignment.out>
ENTRY POINT SYMBOL: "_c_int00"  address: 800065a0


MEMORY CONFIGURATION

         name            origin    length      used     unused   attr    fill
----------------------  --------  ---------  --------  --------  ----  --------
  DSPL2ROM              00700000   00100000  00000000  00100000  RWIX
  DSPL2RAM              00800000   00040000  00000000  00040000  RWIX
  DSPL1PRAM             00e00000   00008000  00000000  00008000  RWIX
  DSPL1DRAM             00f00000   00008000  00000000  00008000  RWIX
  SHDSPL2ROM            11700000   00100000  00000000  00100000  RWIX
  SHDSPL2RAM            11800000   00040000  00000000  00040000  RWIX
  SHDSPL1PRAM           11e00000   00008000  00000000  00008000  RWIX
  SHDSPL1DRAM           11f00000   00008000  00000000  00008000  RWIX
  EMIFACS0              40000000   20000000  00000000  20000000  RWIX
  EMIFACS2              60000000   02000000  00000000  02000000  RWIX
  EMIFACS3              62000000   02000000  00000000  02000000  RWIX
  EMIFACS4              64000000   02000000  00000000  02000000  RWIX
  EMIFACS5              66000000   02000000  00000000  02000000  RWIX
  SHRAM                 80000000   00020000  0000d46f  00012b91  RWIX
  DDR2                  c0000000   20000000  00000000  20000000  RWIX


SECTION ALLOCATION MAP

 output                                  attributes/
section   page    origin      length       input sections
--------  ----  ----------  ----------   ----------------
.pinit     0    80000000    00000000     UNINITIALIZED

.bss       0    80000000    00000000     UNINITIALIZED

.data      0    80000000    00000000     UNINITIALIZED

.text      0    80000000    00006c20     
                  80000000    000006c0     filter.obj (.text)
                  800006c0    000005a0     rts6740.lib : divd.obj (.text:__divd)
                  80000c60    00000580                 : _printfi.obj (.text:__getarg_diouxp)
                  800011e0    00000540                 : _printfi.obj (.text:__setfield)
                  80001720    00000440                 : _printfi.obj (.text:__printfi)
                  80001b60    00000300                 : fputs.obj (.text:_fputs)
                  80001e60    000002c0                 : _printfi.obj (.text:__pproc_fge)
                  80002120    000002c0                 : _printfi.obj (.text:__pproc_fwp)
                  800023e0    000002a0                 : _printfi.obj (.text:_ecvt)
                  80002680    000002a0                 : _printfi.obj (.text:_fcvt)
                  80002920    00000280                 : divf.obj (.text:__divf)
                  80002ba0    00000280                 : memory.obj (.text:_free)
                  80002e20    00000260                 : imath64.obj (.text:__divull)
                  80003080    00000260                 : _printfi.obj (.text:__pconv_e)
                  800032e0    00000240                 : _printfi.obj (.text:__pproc_diouxp)
                  80003520    00000220                 : _printfi.obj (.text:__pproc_str)
                  80003740    00000200                 : _printfi.obj (.text:__pconv_g)
                  80003940    00000200     main.obj (.text)
                  80003b40    000001c0     rts6740.lib : _printfi.obj (.text:__mcpy)
                  80003d00    000001c0                 : fopen.obj (.text:__openfile)
                  80003ec0    000001a0                 : imath40.obj (.text:__divul)
                  80004060    00000180                 : trgdrv.obj (.text:_HOSTrename)
                  800041e0    00000180                 : memory.obj (.text:_malloc)
                  80004360    00000180                 : lowlev.obj (.text:_open)
                  800044e0    00000180                 : setvbuf.obj (.text:_setvbuf)
                  80004660    00000140                 : _printfi.obj (.text:__pproc_fflags)
                  800047a0    00000140                 : fputc.obj (.text:_fputc)
                  800048e0    00000140                 : lowlev.obj (.text:_getdevice)
                  80004a20    00000120                 : fopen.obj (.text:__search_fp)
                  80004b40    00000120                 : fclose.obj (.text:_fclose)
                  80004c60    00000100                 : trgdrv.obj (.text:_HOSTlseek)
                  80004d60    00000100                 : autoinit.obj (.text:__auto_init)
                  80004e60    00000100                 : _printfi.obj (.text:__ltostr)
                  80004f60    00000100                 : _io_perm.obj (.text:__wrt_ok)
                  80005060    000000e0                 : trgdrv.obj (.text:_HOSTopen)
                  80005140    000000e0                 : trgdrv.obj (.text:_HOSTread)
                  80005220    000000e0                 : atoi.obj (.text:_atoi)
                  80005300    000000e0                 : lowlev.obj (.text:_close)
                  800053e0    000000e0                 : exit.obj (.text:_exit)
                  800054c0    000000e0                 : memset.obj (.text:_memset)
                  800055a0    000000c0                 : trgdrv.obj (.text:_HOSTunlink)
                  80005660    000000c0                 : trgdrv.obj (.text:_HOSTwrite)
                  80005720    000000c0                 : fopen.obj (.text:__cleanup)
                  800057e0    000000c0                 : _printfi.obj (.text:__div)
                  800058a0    000000c0                 : divu.obj (.text:__divu)
                  80005960    000000c0                 : fflush.obj (.text:__doflush)
                  80005a20    000000c0                 : fseek.obj (.text:_fseek)
                  80005ae0    000000c0                 : lowlev.obj (.text:_lseek)
                  80005ba0    000000c0                 : ltoa.obj (.text:_ltoa)
                  80005c60    000000c0                 : lowlev.obj (.text:_write)
                  80005d20    000000a0                 : trgdrv.obj (.text:_HOSTclose)
                  80005dc0    000000a0                 : imath40.obj (.text:__divli)
                  80005e60    000000a0                 : _printfi.obj (.text:__ecpy)
                  80005f00    000000a0                 : _printfi.obj (.text:__fcpy)
                  80005fa0    000000a0                 : fixdli.obj (.text:__fixdli)
                  80006040    000000a0                 : _printfi.obj (.text:__pconv_f)
                  800060e0    000000a0                 : cpy_tbl.obj (.text:_copy_in)
                  80006180    000000a0                 : lowlev.obj (.text:_finddevice)
                  80006220    000000a0                 : memcpy64.obj (.text:_memcpy)
                  800062c0    000000a0                 : memory.obj (.text:_minsert)
                  80006360    000000a0                 : memory.obj (.text:_mremove)
                  80006400    000000a0                 : lowlev.obj (.text:_tabinit)
                  800064a0    00000080                 : fltlid.obj (.text:__fltlid)
                  80006520    00000080                 : llshift.obj (.text:__llshl)
                  800065a0    00000080                 : boot.obj (.text:_c_int00)
                  80006620    00000080                 : fprintf.obj (.text:_fprintf)
                  800066a0    00000080                 : printf.obj (.text:_printf)
                  80006720    00000080                 : trgmsg.obj (.text:_readmsg)
                  800067a0    00000080                 : lowlev.obj (.text:_unlink)
                  80006820    00000060                 : imath64.obj (.text:__subcull)
                  80006880    00000060                 : fopen.obj (.text:_fopen)
                  800068e0    00000060                 : memccpy.obj (.text:_memccpy)
                  80006940    00000060                 : trgmsg.obj (.text:_writemsg)
                  800069a0    00000040                 : isinf.obj (.text:___isinf)
                  800069e0    00000040                 : _printfi.obj (.text:___isnan)
                  80006a20    00000040                 : args_main.obj (.text:__args_main)
                  80006a60    00000040                 : frcmpyd_div.obj (.text:__frcmpyd_div)
                  80006aa0    00000040                 : llshift.obj (.text:__llshru)
                  80006ae0    00000040                 : imath40.obj (.text:__remli)
                  80006b20    00000020                 : negll.obj (.text:__negll)
                  80006b40    00000020                 : _lock.obj (.text:__nop)
                  80006b60    00000020                 : fprintf.obj (.text:__outc)
                  80006b80    00000020                 : printf.obj (.text:__outc)
                  80006ba0    00000020                 : fprintf.obj (.text:__outs)
                  80006bc0    00000020                 : printf.obj (.text:__outs)
                  80006be0    00000020                 : exit.obj (.text:_abort)
                  80006c00    00000020                 : remove.obj (.text:_remove)

.const     0    80006c20    00003b47     
                  80006c20    00000e10     main.obj (.const:_$P$T2$3)
                  80007a30    00000e10     main.obj (.const:_$P$T3$4)
                  80008840    00000e10     main.obj (.const:_$P$T4$5)
                  80009650    00000e10     main.obj (.const:_$P$T5$6)
                  8000a460    00000134     filter.obj (.const:.string)
                  8000a594    00000002     rts6740.lib : fputs.obj (.const:.string)
                  8000a596    00000002     --HOLE-- [fill = 0]
                  8000a598    00000101                 : ctype.obj (.const:.string:__ctypes_)
                  8000a699    00000003     --HOLE-- [fill = 0]
                  8000a69c    00000058     main.obj (.const:.string)
                  8000a6f4    00000004     --HOLE-- [fill = 0]
                  8000a6f8    00000024     main.obj (.const:_$P$T0$1)
                  8000a71c    00000004     --HOLE-- [fill = 0]
                  8000a720    00000024     main.obj (.const:_$P$T1$2)
                  8000a744    00000023     rts6740.lib : _printfi.obj (.const:.string)

.far       0    8000a768    00000fd4     UNINITIALIZED
                  8000a768    00000a9c     main.obj (.far)
                  8000b204    00000004     rts6740.lib : fopen.obj (.far)
                  8000b208    00000324                 : defs.obj (.far)
                  8000b52c    00000004     --HOLE--
                  8000b530    0000011c                 : lowlev.obj (.far)
                  8000b64c    00000004     --HOLE--
                  8000b650    000000d0                 : trgdrv.obj (.far)
                  8000b720    0000000c                 : exit.obj (.far)
                  8000b72c    00000008                 : _lock.obj (.far)
                  8000b734    00000008                 : memory.obj (.far)

.cinit     0    8000b740    00000c14     
                  8000b740    00000abc     main.obj (.cinit)
                  8000c1fc    00000004     --HOLE-- [fill = 0]
                  8000c200    0000005c     rts6740.lib : defs.obj (.cinit)
                  8000c25c    00000004     --HOLE-- [fill = 0]
                  8000c260    0000005c                 : lowlev.obj (.cinit)
                  8000c2bc    00000004     --HOLE-- [fill = 0]
                  8000c2c0    0000002c                 : exit.obj (.cinit)
                  8000c2ec    00000004     --HOLE-- [fill = 0]
                  8000c2f0    0000002c                 : memory.obj (.cinit)
                  8000c31c    00000004     --HOLE-- [fill = 0]
                  8000c320    0000001c                 : _lock.obj (.cinit)
                  8000c33c    00000004     --HOLE-- [fill = 0]
                  8000c340    0000000c                 : fopen.obj (.cinit)
                  8000c34c    00000004     --HOLE-- [fill = 0]
                  8000c350    00000004     (.pad.cinit) [fill = 0]

.stack     0    8000c358    00000800     UNINITIALIZED
                  8000c358    00000008     rts6740.lib : boot.obj (.stack)
                  8000c360    000007f8     --HOLE--

.sysmem    0    8000cb58    00000800     UNINITIALIZED
                  8000cb58    00000008     rts6740.lib : memory.obj (.sysmem)
                  8000cb60    000007f8     --HOLE--

.cio       0    8000d358    00000120     UNINITIALIZED
                  8000d358    00000120     rts6740.lib : trgmsg.obj (.cio)


GLOBAL SYMBOLS: SORTED ALPHABETICALLY BY Name 

address    name
--------   ----
80000000   $bss
80000000   .bss
80000000   .data
80000000   .text
80006be0   C$$EXIT
80006998   C$$IO$$
8000ad08   _Filter_1_a_fir
8000a768   _Filter_1_b_fir
8000b200   _Filter_2_a_fir
8000ad10   _Filter_2_b_fir
80005d20   _HOSTclose
80004c60   _HOSTlseek
80005060   _HOSTopen
80005140   _HOSTread
80004060   _HOSTrename
800055a0   _HOSTunlink
80005660   _HOSTwrite
8000d358   __CIOBUF_
8000cb58   __STACK_END
00000800   __STACK_SIZE
00000800   __SYSMEM_SIZE
00000001   __TI_args_main
8000b728   ___TI_enable_exit_profile_output
ffffffff   ___TI_pprof_out_hndl
ffffffff   ___TI_prof_data_size
ffffffff   ___TI_prof_data_start
ffffffff   ___binit__
80000000   ___bss__
ffffffff   ___c_args__
8000b740   ___cinit__
80000000   ___data__
80000000   ___edata__
80000000   ___end__
80006c20   ___etext__
800069a0   ___isinf
ffffffff   ___pinit__
80000000   ___text__
80006a20   __args_main
80004d60   __auto_init
800058a0   __c6xabi_divu
80005720   __cleanup
8000b720   __cleanup_ptr
8000a598   __ctypes_
800006c0   __divd
80002920   __divf
80005dc0   __divli
800058a0   __divu
80003ec0   __divul
80002e20   __divull
80005960   __doflush
8000b724   __dtors_ptr
80005fa0   __fixdli
800064a0   __fltlid
80006a60   __frcmpyd_div
8000b528   __ft_end
8000b208   __ftable
80006520   __llshl
80006aa0   __llshru
8000b72c   __lock
80006b20   __negll
80006b40   __nop
80001720   __printfi
80006ae0   __remli
8000c358   __stack
80006820   __subcull
8000cb58   __sys_memory
8000b3e8   __tmpnams
8000b730   __unlock
80004f60   __wrt_ok
80006be0   _abort
80005220   _atoi
800065a0   _c_int00
80000260   _calculate_mean
80005300   _close
800060e0   _copy_in
800053e0   _exit
80004b40   _fclose
80000394   _filter_signal
80006880   _fopen
80006620   _fprintf
800047a0   _fputc
80001b60   _fputs
80002ba0   _free
80005a20   _fseek
800002d4   _generate_signal
80005ae0   _lseek
80005ba0   _ltoa
80003940   _main
800041e0   _malloc
800068e0   _memccpy
80006220   _memcpy
800054c0   _memset
80004360   _open
80000000   _print_statistics
800066a0   _printf
800047a0   _putc
80006720   _readmsg
800005f0   _record_output
80006c00   _remove
800044e0   _setvbuf
8000046c   _symm_filter_signal
800067a0   _unlink
80005c60   _write
80006940   _writemsg
ffffffff   binit
8000b740   cinit
80000000   edata
80000000   end
80006c20   etext
ffffffff   pinit


GLOBAL SYMBOLS: SORTED BY Symbol Address 

address    name
--------   ----
00000001   __TI_args_main
00000800   __STACK_SIZE
00000800   __SYSMEM_SIZE
80000000   $bss
80000000   .bss
80000000   .data
80000000   .text
80000000   ___bss__
80000000   ___data__
80000000   ___edata__
80000000   ___end__
80000000   ___text__
80000000   _print_statistics
80000000   edata
80000000   end
80000260   _calculate_mean
800002d4   _generate_signal
80000394   _filter_signal
8000046c   _symm_filter_signal
800005f0   _record_output
800006c0   __divd
80001720   __printfi
80001b60   _fputs
80002920   __divf
80002ba0   _free
80002e20   __divull
80003940   _main
80003ec0   __divul
80004060   _HOSTrename
800041e0   _malloc
80004360   _open
800044e0   _setvbuf
800047a0   _fputc
800047a0   _putc
80004b40   _fclose
80004c60   _HOSTlseek
80004d60   __auto_init
80004f60   __wrt_ok
80005060   _HOSTopen
80005140   _HOSTread
80005220   _atoi
80005300   _close
800053e0   _exit
800054c0   _memset
800055a0   _HOSTunlink
80005660   _HOSTwrite
80005720   __cleanup
800058a0   __c6xabi_divu
800058a0   __divu
80005960   __doflush
80005a20   _fseek
80005ae0   _lseek
80005ba0   _ltoa
80005c60   _write
80005d20   _HOSTclose
80005dc0   __divli
80005fa0   __fixdli
800060e0   _copy_in
80006220   _memcpy
800064a0   __fltlid
80006520   __llshl
800065a0   _c_int00
80006620   _fprintf
800066a0   _printf
80006720   _readmsg
800067a0   _unlink
80006820   __subcull
80006880   _fopen
800068e0   _memccpy
80006940   _writemsg
80006998   C$$IO$$
800069a0   ___isinf
80006a20   __args_main
80006a60   __frcmpyd_div
80006aa0   __llshru
80006ae0   __remli
80006b20   __negll
80006b40   __nop
80006be0   C$$EXIT
80006be0   _abort
80006c00   _remove
80006c20   ___etext__
80006c20   etext
8000a598   __ctypes_
8000a768   _Filter_1_b_fir
8000ad08   _Filter_1_a_fir
8000ad10   _Filter_2_b_fir
8000b200   _Filter_2_a_fir
8000b208   __ftable
8000b3e8   __tmpnams
8000b528   __ft_end
8000b720   __cleanup_ptr
8000b724   __dtors_ptr
8000b728   ___TI_enable_exit_profile_output
8000b72c   __lock
8000b730   __unlock
8000b740   ___cinit__
8000b740   cinit
8000c358   __stack
8000cb58   __STACK_END
8000cb58   __sys_memory
8000d358   __CIOBUF_
ffffffff   ___TI_pprof_out_hndl
ffffffff   ___TI_prof_data_size
ffffffff   ___TI_prof_data_start
ffffffff   ___binit__
ffffffff   ___c_args__
ffffffff   ___pinit__
ffffffff   binit
ffffffff   pinit

[110 symbols]
