<?xml version="1.0"?>
<link_info>
   <banner>TMS320C6x Linker Unix v7.3.23</banner>
   <copyright>Copyright (c) 1996-2015 Texas Instruments Incorporated</copyright>
   <link_time>0x697b87a6</link_time>
   <output_file>assignment.out</output_file>
   <entry_point>
      <name>_c_int00</name>
      <address>0x800065a0</address>
   </entry_point>
   <input_file_list>
      <input_file id="fl-2">
         <path>./src/</path>
         <kind>object</kind>
         <file>filter.obj</file>
         <name>filter.obj</name>
      </input_file>
      <input_file id="fl-3">
         <path>./src/</path>
         <kind>object</kind>
         <file>main.obj</file>
         <name>main.obj</name>
      </input_file>
      <input_file id="fl-72">
         <path>/home/preben/myApps/ti/ccs1280/ccs/tools/compiler/c6000_7.3.23/lib/</path>
         <kind>archive</kind>
         <file>rts6740.lib</file>
         <name>boot.obj</name>
      </input_file>
      <input_file id="fl-73">
         <path>/home/preben/myApps/ti/ccs1280/ccs/tools/compiler/c6000_7.3.23/lib/</path>
         <kind>archive</kind>
         <file>rts6740.lib</file>
         <name>divf.obj</name>
      </input_file>
      <input_file id="fl-74">
         <path>/home/preben/myApps/ti/ccs1280/ccs/tools/compiler/c6000_7.3.23/lib/</path>
         <kind>archive</kind>
         <file>rts6740.lib</file>
         <name>divu.obj</name>
      </input_file>
      <input_file id="fl-75">
         <path>/home/preben/myApps/ti/ccs1280/ccs/tools/compiler/c6000_7.3.23/lib/</path>
         <kind>archive</kind>
         <file>rts6740.lib</file>
         <name>exit.obj</name>
      </input_file>
      <input_file id="fl-76">
         <path>/home/preben/myApps/ti/ccs1280/ccs/tools/compiler/c6000_7.3.23/lib/</path>
         <kind>archive</kind>
         <file>rts6740.lib</file>
         <name>fclose.obj</name>
      </input_file>
      <input_file id="fl-77">
         <path>/home/preben/myApps/ti/ccs1280/ccs/tools/compiler/c6000_7.3.23/lib/</path>
         <kind>archive</kind>
         <file>rts6740.lib</file>
         <name>fflush.obj</name>
      </input_file>
      <input_file id="fl-78">
         <path>/home/preben/myApps/ti/ccs1280/ccs/tools/compiler/c6000_7.3.23/lib/</path>
         <kind>archive</kind>
         <file>rts6740.lib</file>
         <name>fopen.obj</name>
      </input_file>
      <input_file id="fl-79">
         <path>/home/preben/myApps/ti/ccs1280/ccs/tools/compiler/c6000_7.3.23/lib/</path>
         <kind>archive</kind>
         <file>rts6740.lib</file>
         <name>fprintf.obj</name>
      </input_file>
      <input_file id="fl-7a">
         <path>/home/preben/myApps/ti/ccs1280/ccs/tools/compiler/c6000_7.3.23/lib/</path>
         <kind>archive</kind>
         <file>rts6740.lib</file>
         <name>fputc.obj</name>
      </input_file>
      <input_file id="fl-7b">
         <path>/home/preben/myApps/ti/ccs1280/ccs/tools/compiler/c6000_7.3.23/lib/</path>
         <kind>archive</kind>
         <file>rts6740.lib</file>
         <name>fputs.obj</name>
      </input_file>
      <input_file id="fl-7c">
         <path>/home/preben/myApps/ti/ccs1280/ccs/tools/compiler/c6000_7.3.23/lib/</path>
         <kind>archive</kind>
         <file>rts6740.lib</file>
         <name>fseek.obj</name>
      </input_file>
      <input_file id="fl-7d">
         <path>/home/preben/myApps/ti/ccs1280/ccs/tools/compiler/c6000_7.3.23/lib/</path>
         <kind>archive</kind>
         <file>rts6740.lib</file>
         <name>lowlev.obj</name>
      </input_file>
      <input_file id="fl-7e">
         <path>/home/preben/myApps/ti/ccs1280/ccs/tools/compiler/c6000_7.3.23/lib/</path>
         <kind>archive</kind>
         <file>rts6740.lib</file>
         <name>memcpy64.obj</name>
      </input_file>
      <input_file id="fl-7f">
         <path>/home/preben/myApps/ti/ccs1280/ccs/tools/compiler/c6000_7.3.23/lib/</path>
         <kind>archive</kind>
         <file>rts6740.lib</file>
         <name>memory.obj</name>
      </input_file>
      <input_file id="fl-80">
         <path>/home/preben/myApps/ti/ccs1280/ccs/tools/compiler/c6000_7.3.23/lib/</path>
         <kind>archive</kind>
         <file>rts6740.lib</file>
         <name>memset.obj</name>
      </input_file>
      <input_file id="fl-81">
         <path>/home/preben/myApps/ti/ccs1280/ccs/tools/compiler/c6000_7.3.23/lib/</path>
         <kind>archive</kind>
         <file>rts6740.lib</file>
         <name>printf.obj</name>
      </input_file>
      <input_file id="fl-82">
         <path>/home/preben/myApps/ti/ccs1280/ccs/tools/compiler/c6000_7.3.23/lib/</path>
         <kind>archive</kind>
         <file>rts6740.lib</file>
         <name>remove.obj</name>
      </input_file>
      <input_file id="fl-83">
         <path>/home/preben/myApps/ti/ccs1280/ccs/tools/compiler/c6000_7.3.23/lib/</path>
         <kind>archive</kind>
         <file>rts6740.lib</file>
         <name>trgdrv.obj</name>
      </input_file>
      <input_file id="fl-84">
         <path>/home/preben/myApps/ti/ccs1280/ccs/tools/compiler/c6000_7.3.23/lib/</path>
         <kind>archive</kind>
         <file>rts6740.lib</file>
         <name>trgmsg.obj</name>
      </input_file>
      <input_file id="fl-85">
         <path>/home/preben/myApps/ti/ccs1280/ccs/tools/compiler/c6000_7.3.23/lib/</path>
         <kind>archive</kind>
         <file>rts6740.lib</file>
         <name>_io_perm.obj</name>
      </input_file>
      <input_file id="fl-86">
         <path>/home/preben/myApps/ti/ccs1280/ccs/tools/compiler/c6000_7.3.23/lib/</path>
         <kind>archive</kind>
         <file>rts6740.lib</file>
         <name>_lock.obj</name>
      </input_file>
      <input_file id="fl-87">
         <path>/home/preben/myApps/ti/ccs1280/ccs/tools/compiler/c6000_7.3.23/lib/</path>
         <kind>archive</kind>
         <file>rts6740.lib</file>
         <name>_printfi.obj</name>
      </input_file>
      <input_file id="fl-88">
         <path>/home/preben/myApps/ti/ccs1280/ccs/tools/compiler/c6000_7.3.23/lib/</path>
         <kind>archive</kind>
         <file>rts6740.lib</file>
         <name>args_main.obj</name>
      </input_file>
      <input_file id="fl-89">
         <path>/home/preben/myApps/ti/ccs1280/ccs/tools/compiler/c6000_7.3.23/lib/</path>
         <kind>archive</kind>
         <file>rts6740.lib</file>
         <name>atoi.obj</name>
      </input_file>
      <input_file id="fl-8a">
         <path>/home/preben/myApps/ti/ccs1280/ccs/tools/compiler/c6000_7.3.23/lib/</path>
         <kind>archive</kind>
         <file>rts6740.lib</file>
         <name>autoinit.obj</name>
      </input_file>
      <input_file id="fl-8b">
         <path>/home/preben/myApps/ti/ccs1280/ccs/tools/compiler/c6000_7.3.23/lib/</path>
         <kind>archive</kind>
         <file>rts6740.lib</file>
         <name>cpy_tbl.obj</name>
      </input_file>
      <input_file id="fl-8c">
         <path>/home/preben/myApps/ti/ccs1280/ccs/tools/compiler/c6000_7.3.23/lib/</path>
         <kind>archive</kind>
         <file>rts6740.lib</file>
         <name>ctype.obj</name>
      </input_file>
      <input_file id="fl-8d">
         <path>/home/preben/myApps/ti/ccs1280/ccs/tools/compiler/c6000_7.3.23/lib/</path>
         <kind>archive</kind>
         <file>rts6740.lib</file>
         <name>defs.obj</name>
      </input_file>
      <input_file id="fl-8e">
         <path>/home/preben/myApps/ti/ccs1280/ccs/tools/compiler/c6000_7.3.23/lib/</path>
         <kind>archive</kind>
         <file>rts6740.lib</file>
         <name>divd.obj</name>
      </input_file>
      <input_file id="fl-8f">
         <path>/home/preben/myApps/ti/ccs1280/ccs/tools/compiler/c6000_7.3.23/lib/</path>
         <kind>archive</kind>
         <file>rts6740.lib</file>
         <name>fixdli.obj</name>
      </input_file>
      <input_file id="fl-90">
         <path>/home/preben/myApps/ti/ccs1280/ccs/tools/compiler/c6000_7.3.23/lib/</path>
         <kind>archive</kind>
         <file>rts6740.lib</file>
         <name>fltlid.obj</name>
      </input_file>
      <input_file id="fl-91">
         <path>/home/preben/myApps/ti/ccs1280/ccs/tools/compiler/c6000_7.3.23/lib/</path>
         <kind>archive</kind>
         <file>rts6740.lib</file>
         <name>frcmpyd_div.obj</name>
      </input_file>
      <input_file id="fl-92">
         <path>/home/preben/myApps/ti/ccs1280/ccs/tools/compiler/c6000_7.3.23/lib/</path>
         <kind>archive</kind>
         <file>rts6740.lib</file>
         <name>imath40.obj</name>
      </input_file>
      <input_file id="fl-93">
         <path>/home/preben/myApps/ti/ccs1280/ccs/tools/compiler/c6000_7.3.23/lib/</path>
         <kind>archive</kind>
         <file>rts6740.lib</file>
         <name>imath64.obj</name>
      </input_file>
      <input_file id="fl-94">
         <path>/home/preben/myApps/ti/ccs1280/ccs/tools/compiler/c6000_7.3.23/lib/</path>
         <kind>archive</kind>
         <file>rts6740.lib</file>
         <name>isinf.obj</name>
      </input_file>
      <input_file id="fl-95">
         <path>/home/preben/myApps/ti/ccs1280/ccs/tools/compiler/c6000_7.3.23/lib/</path>
         <kind>archive</kind>
         <file>rts6740.lib</file>
         <name>llshift.obj</name>
      </input_file>
      <input_file id="fl-96">
         <path>/home/preben/myApps/ti/ccs1280/ccs/tools/compiler/c6000_7.3.23/lib/</path>
         <kind>archive</kind>
         <file>rts6740.lib</file>
         <name>ltoa.obj</name>
      </input_file>
      <input_file id="fl-97">
         <path>/home/preben/myApps/ti/ccs1280/ccs/tools/compiler/c6000_7.3.23/lib/</path>
         <kind>archive</kind>
         <file>rts6740.lib</file>
         <name>memccpy.obj</name>
      </input_file>
      <input_file id="fl-98">
         <path>/home/preben/myApps/ti/ccs1280/ccs/tools/compiler/c6000_7.3.23/lib/</path>
         <kind>archive</kind>
         <file>rts6740.lib</file>
         <name>negll.obj</name>
      </input_file>
      <input_file id="fl-99">
         <path>/home/preben/myApps/ti/ccs1280/ccs/tools/compiler/c6000_7.3.23/lib/</path>
         <kind>archive</kind>
         <file>rts6740.lib</file>
         <name>setvbuf.obj</name>
      </input_file>
      <input_file id="fl-9a">
         <path>/home/preben/myApps/ti/ccs1280/ccs/tools/compiler/c6000_7.3.23/lib/</path>
         <kind>archive</kind>
         <file>rts6740.lib</file>
         <name>abs.obj</name>
      </input_file>
   </input_file_list>
   <object_component_list>
      <object_component id="oc-c6">
         <name>.text</name>
         <load_address>0x80000000</load_address>
         <run_address>0x80000000</run_address>
         <size>0x6c0</size>
         <input_file_ref idref="fl-2"/>
      </object_component>
      <object_component id="oc-ff">
         <name>.text:__divd</name>
         <load_address>0x800006c0</load_address>
         <run_address>0x800006c0</run_address>
         <size>0x5a0</size>
         <input_file_ref idref="fl-8e"/>
      </object_component>
      <object_component id="oc-f5">
         <name>.text:__getarg_diouxp</name>
         <load_address>0x80000c60</load_address>
         <run_address>0x80000c60</run_address>
         <size>0x580</size>
         <input_file_ref idref="fl-87"/>
      </object_component>
      <object_component id="oc-de">
         <name>.text:__setfield</name>
         <load_address>0x800011e0</load_address>
         <run_address>0x800011e0</run_address>
         <size>0x540</size>
         <input_file_ref idref="fl-87"/>
      </object_component>
      <object_component id="oc-d0">
         <name>.text:__printfi</name>
         <load_address>0x80001720</load_address>
         <run_address>0x80001720</run_address>
         <size>0x440</size>
         <input_file_ref idref="fl-87"/>
      </object_component>
      <object_component id="oc-da">
         <name>.text:_fputs</name>
         <load_address>0x80001b60</load_address>
         <run_address>0x80001b60</run_address>
         <size>0x300</size>
         <input_file_ref idref="fl-7b"/>
      </object_component>
      <object_component id="oc-e9">
         <name>.text:__pproc_fge</name>
         <load_address>0x80001e60</load_address>
         <run_address>0x80001e60</run_address>
         <size>0x2c0</size>
         <input_file_ref idref="fl-87"/>
      </object_component>
      <object_component id="oc-dd">
         <name>.text:__pproc_fwp</name>
         <load_address>0x80002120</load_address>
         <run_address>0x80002120</run_address>
         <size>0x2c0</size>
         <input_file_ref idref="fl-87"/>
      </object_component>
      <object_component id="oc-fa">
         <name>.text:_ecvt</name>
         <load_address>0x800023e0</load_address>
         <run_address>0x800023e0</run_address>
         <size>0x2a0</size>
         <input_file_ref idref="fl-87"/>
      </object_component>
      <object_component id="oc-fd">
         <name>.text:_fcvt</name>
         <load_address>0x80002680</load_address>
         <run_address>0x80002680</run_address>
         <size>0x2a0</size>
         <input_file_ref idref="fl-87"/>
      </object_component>
      <object_component id="oc-c8">
         <name>.text:__divf</name>
         <load_address>0x80002920</load_address>
         <run_address>0x80002920</run_address>
         <size>0x280</size>
         <input_file_ref idref="fl-73"/>
      </object_component>
      <object_component id="oc-d7">
         <name>.text:_free</name>
         <load_address>0x80002ba0</load_address>
         <run_address>0x80002ba0</run_address>
         <size>0x280</size>
         <input_file_ref idref="fl-7f"/>
      </object_component>
      <object_component id="oc-107">
         <name>.text:__divull</name>
         <load_address>0x80002e20</load_address>
         <run_address>0x80002e20</run_address>
         <size>0x260</size>
         <input_file_ref idref="fl-93"/>
      </object_component>
      <object_component id="oc-f4">
         <name>.text:__pconv_e</name>
         <load_address>0x80003080</load_address>
         <run_address>0x80003080</run_address>
         <size>0x260</size>
         <input_file_ref idref="fl-87"/>
      </object_component>
      <object_component id="oc-ea">
         <name>.text:__pproc_diouxp</name>
         <load_address>0x800032e0</load_address>
         <run_address>0x800032e0</run_address>
         <size>0x240</size>
         <input_file_ref idref="fl-87"/>
      </object_component>
      <object_component id="oc-df">
         <name>.text:__pproc_str</name>
         <load_address>0x80003520</load_address>
         <run_address>0x80003520</run_address>
         <size>0x220</size>
         <input_file_ref idref="fl-87"/>
      </object_component>
      <object_component id="oc-f2">
         <name>.text:__pconv_g</name>
         <load_address>0x80003740</load_address>
         <run_address>0x80003740</run_address>
         <size>0x200</size>
         <input_file_ref idref="fl-87"/>
      </object_component>
      <object_component id="oc-bc">
         <name>.text</name>
         <load_address>0x80003940</load_address>
         <run_address>0x80003940</run_address>
         <size>0x200</size>
         <input_file_ref idref="fl-3"/>
      </object_component>
      <object_component id="oc-fc">
         <name>.text:__mcpy</name>
         <load_address>0x80003b40</load_address>
         <run_address>0x80003b40</run_address>
         <size>0x1c0</size>
         <input_file_ref idref="fl-87"/>
      </object_component>
      <object_component id="oc-d2">
         <name>.text:__openfile</name>
         <load_address>0x80003d00</load_address>
         <run_address>0x80003d00</run_address>
         <size>0x1c0</size>
         <input_file_ref idref="fl-78"/>
      </object_component>
      <object_component id="oc-106">
         <name>.text:__divul</name>
         <load_address>0x80003ec0</load_address>
         <run_address>0x80003ec0</run_address>
         <size>0x1a0</size>
         <input_file_ref idref="fl-92"/>
      </object_component>
      <object_component id="oc-b8">
         <name>.text:_HOSTrename</name>
         <load_address>0x80004060</load_address>
         <run_address>0x80004060</run_address>
         <size>0x180</size>
         <input_file_ref idref="fl-83"/>
      </object_component>
      <object_component id="oc-f9">
         <name>.text:_malloc</name>
         <load_address>0x800041e0</load_address>
         <run_address>0x800041e0</run_address>
         <size>0x180</size>
         <input_file_ref idref="fl-7f"/>
      </object_component>
      <object_component id="oc-e2">
         <name>.text:_open</name>
         <load_address>0x80004360</load_address>
         <run_address>0x80004360</run_address>
         <size>0x180</size>
         <input_file_ref idref="fl-7d"/>
      </object_component>
      <object_component id="oc-ee">
         <name>.text:_setvbuf</name>
         <load_address>0x800044e0</load_address>
         <run_address>0x800044e0</run_address>
         <size>0x180</size>
         <input_file_ref idref="fl-99"/>
      </object_component>
      <object_component id="oc-dc">
         <name>.text:__pproc_fflags</name>
         <load_address>0x80004660</load_address>
         <run_address>0x80004660</run_address>
         <size>0x140</size>
         <input_file_ref idref="fl-87"/>
      </object_component>
      <object_component id="oc-db">
         <name>.text:_fputc</name>
         <load_address>0x800047a0</load_address>
         <run_address>0x800047a0</run_address>
         <size>0x140</size>
         <input_file_ref idref="fl-7a"/>
      </object_component>
      <object_component id="oc-ed">
         <name>.text:_getdevice</name>
         <load_address>0x800048e0</load_address>
         <run_address>0x800048e0</run_address>
         <size>0x140</size>
         <input_file_ref idref="fl-7d"/>
      </object_component>
      <object_component id="oc-d1">
         <name>.text:__search_fp</name>
         <load_address>0x80004a20</load_address>
         <run_address>0x80004a20</run_address>
         <size>0x120</size>
         <input_file_ref idref="fl-78"/>
      </object_component>
      <object_component id="oc-cd">
         <name>.text:_fclose</name>
         <load_address>0x80004b40</load_address>
         <run_address>0x80004b40</run_address>
         <size>0x120</size>
         <input_file_ref idref="fl-76"/>
      </object_component>
      <object_component id="oc-b6">
         <name>.text:_HOSTlseek</name>
         <load_address>0x80004c60</load_address>
         <run_address>0x80004c60</run_address>
         <size>0x100</size>
         <input_file_ref idref="fl-83"/>
      </object_component>
      <object_component id="oc-af">
         <name>.text:__auto_init</name>
         <load_address>0x80004d60</load_address>
         <run_address>0x80004d60</run_address>
         <size>0x100</size>
         <input_file_ref idref="fl-8a"/>
      </object_component>
      <object_component id="oc-f7">
         <name>.text:__ltostr</name>
         <load_address>0x80004e60</load_address>
         <run_address>0x80004e60</run_address>
         <size>0x100</size>
         <input_file_ref idref="fl-87"/>
      </object_component>
      <object_component id="oc-e7">
         <name>.text:__wrt_ok</name>
         <load_address>0x80004f60</load_address>
         <run_address>0x80004f60</run_address>
         <size>0x100</size>
         <input_file_ref idref="fl-85"/>
      </object_component>
      <object_component id="oc-b2">
         <name>.text:_HOSTopen</name>
         <load_address>0x80005060</load_address>
         <run_address>0x80005060</run_address>
         <size>0xe0</size>
         <input_file_ref idref="fl-83"/>
      </object_component>
      <object_component id="oc-b4">
         <name>.text:_HOSTread</name>
         <load_address>0x80005140</load_address>
         <run_address>0x80005140</run_address>
         <size>0xe0</size>
         <input_file_ref idref="fl-83"/>
      </object_component>
      <object_component id="oc-e8">
         <name>.text:_atoi</name>
         <load_address>0x80005220</load_address>
         <run_address>0x80005220</run_address>
         <size>0xe0</size>
         <input_file_ref idref="fl-89"/>
      </object_component>
      <object_component id="oc-d8">
         <name>.text:_close</name>
         <load_address>0x80005300</load_address>
         <run_address>0x80005300</run_address>
         <size>0xe0</size>
         <input_file_ref idref="fl-7d"/>
      </object_component>
      <object_component id="oc-b1">
         <name>.text:_exit</name>
         <load_address>0x800053e0</load_address>
         <run_address>0x800053e0</run_address>
         <size>0xe0</size>
         <input_file_ref idref="fl-75"/>
      </object_component>
      <object_component id="oc-e0">
         <name>.text:_memset</name>
         <load_address>0x800054c0</load_address>
         <run_address>0x800054c0</run_address>
         <size>0xe0</size>
         <input_file_ref idref="fl-80"/>
      </object_component>
      <object_component id="oc-b7">
         <name>.text:_HOSTunlink</name>
         <load_address>0x800055a0</load_address>
         <run_address>0x800055a0</run_address>
         <size>0xc0</size>
         <input_file_ref idref="fl-83"/>
      </object_component>
      <object_component id="oc-b5">
         <name>.text:_HOSTwrite</name>
         <load_address>0x80005660</load_address>
         <run_address>0x80005660</run_address>
         <size>0xc0</size>
         <input_file_ref idref="fl-83"/>
      </object_component>
      <object_component id="oc-e1">
         <name>.text:__cleanup</name>
         <load_address>0x80005720</load_address>
         <run_address>0x80005720</run_address>
         <size>0xc0</size>
         <input_file_ref idref="fl-78"/>
      </object_component>
      <object_component id="oc-100">
         <name>.text:__div</name>
         <load_address>0x800057e0</load_address>
         <run_address>0x800057e0</run_address>
         <size>0xc0</size>
         <input_file_ref idref="fl-87"/>
      </object_component>
      <object_component id="oc-c9">
         <name>.text:__divu</name>
         <load_address>0x800058a0</load_address>
         <run_address>0x800058a0</run_address>
         <size>0xc0</size>
         <input_file_ref idref="fl-74"/>
      </object_component>
      <object_component id="oc-d5">
         <name>.text:__doflush</name>
         <load_address>0x80005960</load_address>
         <run_address>0x80005960</run_address>
         <size>0xc0</size>
         <input_file_ref idref="fl-77"/>
      </object_component>
      <object_component id="oc-cc">
         <name>.text:_fseek</name>
         <load_address>0x80005a20</load_address>
         <run_address>0x80005a20</run_address>
         <size>0xc0</size>
         <input_file_ref idref="fl-7c"/>
      </object_component>
      <object_component id="oc-d6">
         <name>.text:_lseek</name>
         <load_address>0x80005ae0</load_address>
         <run_address>0x80005ae0</run_address>
         <size>0xc0</size>
         <input_file_ref idref="fl-7d"/>
      </object_component>
      <object_component id="oc-102">
         <name>.text:_ltoa</name>
         <load_address>0x80005ba0</load_address>
         <run_address>0x80005ba0</run_address>
         <size>0xc0</size>
         <input_file_ref idref="fl-96"/>
      </object_component>
      <object_component id="oc-e3">
         <name>.text:_write</name>
         <load_address>0x80005c60</load_address>
         <run_address>0x80005c60</run_address>
         <size>0xc0</size>
         <input_file_ref idref="fl-7d"/>
      </object_component>
      <object_component id="oc-b3">
         <name>.text:_HOSTclose</name>
         <load_address>0x80005d20</load_address>
         <run_address>0x80005d20</run_address>
         <size>0xa0</size>
         <input_file_ref idref="fl-83"/>
      </object_component>
      <object_component id="oc-109">
         <name>.text:__divli</name>
         <load_address>0x80005dc0</load_address>
         <run_address>0x80005dc0</run_address>
         <size>0xa0</size>
         <input_file_ref idref="fl-92"/>
      </object_component>
      <object_component id="oc-fb">
         <name>.text:__ecpy</name>
         <load_address>0x80005e60</load_address>
         <run_address>0x80005e60</run_address>
         <size>0xa0</size>
         <input_file_ref idref="fl-87"/>
      </object_component>
      <object_component id="oc-fe">
         <name>.text:__fcpy</name>
         <load_address>0x80005f00</load_address>
         <run_address>0x80005f00</run_address>
         <size>0xa0</size>
         <input_file_ref idref="fl-87"/>
      </object_component>
      <object_component id="oc-101">
         <name>.text:__fixdli</name>
         <load_address>0x80005fa0</load_address>
         <run_address>0x80005fa0</run_address>
         <size>0xa0</size>
         <input_file_ref idref="fl-8f"/>
      </object_component>
      <object_component id="oc-f3">
         <name>.text:__pconv_f</name>
         <load_address>0x80006040</load_address>
         <run_address>0x80006040</run_address>
         <size>0xa0</size>
         <input_file_ref idref="fl-87"/>
      </object_component>
      <object_component id="oc-ba">
         <name>.text:_copy_in</name>
         <load_address>0x800060e0</load_address>
         <run_address>0x800060e0</run_address>
         <size>0xa0</size>
         <input_file_ref idref="fl-8b"/>
      </object_component>
      <object_component id="oc-f8">
         <name>.text:_finddevice</name>
         <load_address>0x80006180</load_address>
         <run_address>0x80006180</run_address>
         <size>0xa0</size>
         <input_file_ref idref="fl-7d"/>
      </object_component>
      <object_component id="oc-bb">
         <name>.text:_memcpy</name>
         <load_address>0x80006220</load_address>
         <run_address>0x80006220</run_address>
         <size>0xa0</size>
         <input_file_ref idref="fl-7e"/>
      </object_component>
      <object_component id="oc-e5">
         <name>.text:_minsert</name>
         <load_address>0x800062c0</load_address>
         <run_address>0x800062c0</run_address>
         <size>0xa0</size>
         <input_file_ref idref="fl-7f"/>
      </object_component>
      <object_component id="oc-e4">
         <name>.text:_mremove</name>
         <load_address>0x80006360</load_address>
         <run_address>0x80006360</run_address>
         <size>0xa0</size>
         <input_file_ref idref="fl-7f"/>
      </object_component>
      <object_component id="oc-ec">
         <name>.text:_tabinit</name>
         <load_address>0x80006400</load_address>
         <run_address>0x80006400</run_address>
         <size>0xa0</size>
         <input_file_ref idref="fl-7d"/>
      </object_component>
      <object_component id="oc-103">
         <name>.text:__fltlid</name>
         <load_address>0x800064a0</load_address>
         <run_address>0x800064a0</run_address>
         <size>0x80</size>
         <input_file_ref idref="fl-90"/>
      </object_component>
      <object_component id="oc-10a">
         <name>.text:__llshl</name>
         <load_address>0x80006520</load_address>
         <run_address>0x80006520</run_address>
         <size>0x80</size>
         <input_file_ref idref="fl-95"/>
      </object_component>
      <object_component id="oc-17">
         <name>.text:_c_int00</name>
         <load_address>0x800065a0</load_address>
         <run_address>0x800065a0</run_address>
         <size>0x80</size>
         <input_file_ref idref="fl-72"/>
      </object_component>
      <object_component id="oc-cb">
         <name>.text:_fprintf</name>
         <load_address>0x80006620</load_address>
         <run_address>0x80006620</run_address>
         <size>0x80</size>
         <input_file_ref idref="fl-79"/>
      </object_component>
      <object_component id="oc-c7">
         <name>.text:_printf</name>
         <load_address>0x800066a0</load_address>
         <run_address>0x800066a0</run_address>
         <size>0x80</size>
         <input_file_ref idref="fl-81"/>
      </object_component>
      <object_component id="oc-bf">
         <name>.text:_readmsg</name>
         <load_address>0x80006720</load_address>
         <run_address>0x80006720</run_address>
         <size>0x80</size>
         <input_file_ref idref="fl-84"/>
      </object_component>
      <object_component id="oc-e6">
         <name>.text:_unlink</name>
         <load_address>0x800067a0</load_address>
         <run_address>0x800067a0</run_address>
         <size>0x80</size>
         <input_file_ref idref="fl-7d"/>
      </object_component>
      <object_component id="oc-10b">
         <name>.text:__subcull</name>
         <load_address>0x80006820</load_address>
         <run_address>0x80006820</run_address>
         <size>0x60</size>
         <input_file_ref idref="fl-93"/>
      </object_component>
      <object_component id="oc-ca">
         <name>.text:_fopen</name>
         <load_address>0x80006880</load_address>
         <run_address>0x80006880</run_address>
         <size>0x60</size>
         <input_file_ref idref="fl-78"/>
      </object_component>
      <object_component id="oc-eb">
         <name>.text:_memccpy</name>
         <load_address>0x800068e0</load_address>
         <run_address>0x800068e0</run_address>
         <size>0x60</size>
         <input_file_ref idref="fl-97"/>
      </object_component>
      <object_component id="oc-be">
         <name>.text:_writemsg</name>
         <load_address>0x80006940</load_address>
         <run_address>0x80006940</run_address>
         <size>0x60</size>
         <input_file_ref idref="fl-84"/>
      </object_component>
      <object_component id="oc-f1">
         <name>.text:___isinf</name>
         <load_address>0x800069a0</load_address>
         <run_address>0x800069a0</run_address>
         <size>0x40</size>
         <input_file_ref idref="fl-94"/>
      </object_component>
      <object_component id="oc-f0">
         <name>.text:___isnan</name>
         <load_address>0x800069e0</load_address>
         <run_address>0x800069e0</run_address>
         <size>0x40</size>
         <input_file_ref idref="fl-87"/>
      </object_component>
      <object_component id="oc-b0">
         <name>.text:__args_main</name>
         <load_address>0x80006a20</load_address>
         <run_address>0x80006a20</run_address>
         <size>0x40</size>
         <input_file_ref idref="fl-88"/>
      </object_component>
      <object_component id="oc-105">
         <name>.text:__frcmpyd_div</name>
         <load_address>0x80006a60</load_address>
         <run_address>0x80006a60</run_address>
         <size>0x40</size>
         <input_file_ref idref="fl-91"/>
      </object_component>
      <object_component id="oc-104">
         <name>.text:__llshru</name>
         <load_address>0x80006aa0</load_address>
         <run_address>0x80006aa0</run_address>
         <size>0x40</size>
         <input_file_ref idref="fl-95"/>
      </object_component>
      <object_component id="oc-108">
         <name>.text:__remli</name>
         <load_address>0x80006ae0</load_address>
         <run_address>0x80006ae0</run_address>
         <size>0x40</size>
         <input_file_ref idref="fl-92"/>
      </object_component>
      <object_component id="oc-f6">
         <name>.text:__negll</name>
         <load_address>0x80006b20</load_address>
         <run_address>0x80006b20</run_address>
         <size>0x20</size>
         <input_file_ref idref="fl-98"/>
      </object_component>
      <object_component id="oc-b9">
         <name>.text:__nop</name>
         <load_address>0x80006b40</load_address>
         <run_address>0x80006b40</run_address>
         <size>0x20</size>
         <input_file_ref idref="fl-86"/>
      </object_component>
      <object_component id="oc-d3">
         <name>.text:__outc</name>
         <load_address>0x80006b60</load_address>
         <run_address>0x80006b60</run_address>
         <size>0x20</size>
         <input_file_ref idref="fl-79"/>
      </object_component>
      <object_component id="oc-cf">
         <name>.text:__outc</name>
         <load_address>0x80006b80</load_address>
         <run_address>0x80006b80</run_address>
         <size>0x20</size>
         <input_file_ref idref="fl-81"/>
      </object_component>
      <object_component id="oc-d4">
         <name>.text:__outs</name>
         <load_address>0x80006ba0</load_address>
         <run_address>0x80006ba0</run_address>
         <size>0x20</size>
         <input_file_ref idref="fl-79"/>
      </object_component>
      <object_component id="oc-ce">
         <name>.text:__outs</name>
         <load_address>0x80006bc0</load_address>
         <run_address>0x80006bc0</run_address>
         <size>0x20</size>
         <input_file_ref idref="fl-81"/>
      </object_component>
      <object_component id="oc-bd">
         <name>.text:_abort</name>
         <load_address>0x80006be0</load_address>
         <run_address>0x80006be0</run_address>
         <size>0x20</size>
         <input_file_ref idref="fl-75"/>
      </object_component>
      <object_component id="oc-d9">
         <name>.text:_remove</name>
         <load_address>0x80006c00</load_address>
         <run_address>0x80006c00</run_address>
         <size>0x20</size>
         <input_file_ref idref="fl-82"/>
      </object_component>
      <object_component id="oc-25">
         <name>.stack</name>
         <uninitialized>true</uninitialized>
         <run_address>0x8000c358</run_address>
         <size>0x8</size>
         <input_file_ref idref="fl-72"/>
      </object_component>
      <object_component id="oc-12a">
         <name>.stack</name>
         <uninitialized>true</uninitialized>
         <run_address>0x8000c358</run_address>
         <size>0x0</size>
      </object_component>
      <object_component id="oc-67">
         <name>.cio</name>
         <uninitialized>true</uninitialized>
         <run_address>0x8000d358</run_address>
         <size>0x120</size>
         <input_file_ref idref="fl-84"/>
      </object_component>
      <object_component id="oc-c2">
         <name>.const:_$P$T2$3</name>
         <load_address>0x80006c20</load_address>
         <run_address>0x80006c20</run_address>
         <size>0xe10</size>
         <input_file_ref idref="fl-3"/>
      </object_component>
      <object_component id="oc-c3">
         <name>.const:_$P$T3$4</name>
         <load_address>0x80007a30</load_address>
         <run_address>0x80007a30</run_address>
         <size>0xe10</size>
         <input_file_ref idref="fl-3"/>
      </object_component>
      <object_component id="oc-c4">
         <name>.const:_$P$T4$5</name>
         <load_address>0x80008840</load_address>
         <run_address>0x80008840</run_address>
         <size>0xe10</size>
         <input_file_ref idref="fl-3"/>
      </object_component>
      <object_component id="oc-c5">
         <name>.const:_$P$T5$6</name>
         <load_address>0x80009650</load_address>
         <run_address>0x80009650</run_address>
         <size>0xe10</size>
         <input_file_ref idref="fl-3"/>
      </object_component>
      <object_component id="oc-19">
         <name>.const:.string</name>
         <load_address>0x8000a460</load_address>
         <run_address>0x8000a460</run_address>
         <size>0x134</size>
         <input_file_ref idref="fl-2"/>
      </object_component>
      <object_component id="oc-45">
         <name>.const:.string</name>
         <load_address>0x8000a594</load_address>
         <run_address>0x8000a594</run_address>
         <size>0x2</size>
         <input_file_ref idref="fl-7b"/>
      </object_component>
      <object_component id="oc-ef">
         <name>.const:.string:__ctypes_</name>
         <load_address>0x8000a598</load_address>
         <run_address>0x8000a598</run_address>
         <size>0x101</size>
         <input_file_ref idref="fl-8c"/>
      </object_component>
      <object_component id="oc-20">
         <name>.const:.string</name>
         <load_address>0x8000a69c</load_address>
         <run_address>0x8000a69c</run_address>
         <size>0x58</size>
         <input_file_ref idref="fl-3"/>
      </object_component>
      <object_component id="oc-c0">
         <name>.const:_$P$T0$1</name>
         <load_address>0x8000a6f8</load_address>
         <run_address>0x8000a6f8</run_address>
         <size>0x24</size>
         <input_file_ref idref="fl-3"/>
      </object_component>
      <object_component id="oc-c1">
         <name>.const:_$P$T1$2</name>
         <load_address>0x8000a720</load_address>
         <run_address>0x8000a720</run_address>
         <size>0x24</size>
         <input_file_ref idref="fl-3"/>
      </object_component>
      <object_component id="oc-73">
         <name>.const:.string</name>
         <load_address>0x8000a744</load_address>
         <run_address>0x8000a744</run_address>
         <size>0x23</size>
         <input_file_ref idref="fl-87"/>
      </object_component>
      <object_component id="oc-56">
         <name>.sysmem</name>
         <uninitialized>true</uninitialized>
         <run_address>0x8000cb58</run_address>
         <size>0x8</size>
         <input_file_ref idref="fl-7f"/>
      </object_component>
      <object_component id="oc-12b">
         <name>.sysmem</name>
         <uninitialized>true</uninitialized>
         <run_address>0x8000cb58</run_address>
         <size>0x0</size>
      </object_component>
      <object_component id="oc-1f">
         <name>.far</name>
         <uninitialized>true</uninitialized>
         <run_address>0x8000a768</run_address>
         <size>0xa9c</size>
         <input_file_ref idref="fl-3"/>
      </object_component>
      <object_component id="oc-30">
         <name>.far</name>
         <uninitialized>true</uninitialized>
         <run_address>0x8000b720</run_address>
         <size>0xc</size>
         <input_file_ref idref="fl-75"/>
      </object_component>
      <object_component id="oc-3b">
         <name>.far</name>
         <uninitialized>true</uninitialized>
         <run_address>0x8000b204</run_address>
         <size>0x4</size>
         <input_file_ref idref="fl-78"/>
      </object_component>
      <object_component id="oc-4d">
         <name>.far</name>
         <uninitialized>true</uninitialized>
         <run_address>0x8000b530</run_address>
         <size>0x11c</size>
         <input_file_ref idref="fl-7d"/>
      </object_component>
      <object_component id="oc-55">
         <name>.far</name>
         <uninitialized>true</uninitialized>
         <run_address>0x8000b734</run_address>
         <size>0x8</size>
         <input_file_ref idref="fl-7f"/>
      </object_component>
      <object_component id="oc-63">
         <name>.far</name>
         <uninitialized>true</uninitialized>
         <run_address>0x8000b650</run_address>
         <size>0xd0</size>
         <input_file_ref idref="fl-83"/>
      </object_component>
      <object_component id="oc-6f">
         <name>.far</name>
         <uninitialized>true</uninitialized>
         <run_address>0x8000b72c</run_address>
         <size>0x8</size>
         <input_file_ref idref="fl-86"/>
      </object_component>
      <object_component id="oc-86">
         <name>.far</name>
         <uninitialized>true</uninitialized>
         <run_address>0x8000b208</run_address>
         <size>0x324</size>
         <input_file_ref idref="fl-8d"/>
      </object_component>
      <object_component id="oc-1e">
         <name>.cinit</name>
         <load_address>0x8000b740</load_address>
         <run_address>0x8000b740</run_address>
         <size>0xabc</size>
         <input_file_ref idref="fl-3"/>
      </object_component>
      <object_component id="oc-85">
         <name>.cinit</name>
         <load_address>0x8000c200</load_address>
         <run_address>0x8000c200</run_address>
         <size>0x5c</size>
         <input_file_ref idref="fl-8d"/>
      </object_component>
      <object_component id="oc-4c">
         <name>.cinit</name>
         <load_address>0x8000c260</load_address>
         <run_address>0x8000c260</run_address>
         <size>0x5c</size>
         <input_file_ref idref="fl-7d"/>
      </object_component>
      <object_component id="oc-2f">
         <name>.cinit</name>
         <load_address>0x8000c2c0</load_address>
         <run_address>0x8000c2c0</run_address>
         <size>0x2c</size>
         <input_file_ref idref="fl-75"/>
      </object_component>
      <object_component id="oc-54">
         <name>.cinit</name>
         <load_address>0x8000c2f0</load_address>
         <run_address>0x8000c2f0</run_address>
         <size>0x2c</size>
         <input_file_ref idref="fl-7f"/>
      </object_component>
      <object_component id="oc-6e">
         <name>.cinit</name>
         <load_address>0x8000c320</load_address>
         <run_address>0x8000c320</run_address>
         <size>0x1c</size>
         <input_file_ref idref="fl-86"/>
      </object_component>
      <object_component id="oc-3a">
         <name>.cinit</name>
         <load_address>0x8000c340</load_address>
         <run_address>0x8000c340</run_address>
         <size>0xc</size>
         <input_file_ref idref="fl-78"/>
      </object_component>
      <object_component id="oc-18">
         <name>.debug_info</name>
         <load_address>0x0</load_address>
         <run_address>0x0</run_address>
         <size>0x15bb</size>
         <input_file_ref idref="fl-2"/>
      </object_component>
      <object_component id="oc-1d">
         <name>.debug_info</name>
         <load_address>0x15bb</load_address>
         <run_address>0x15bb</run_address>
         <size>0xb59</size>
         <input_file_ref idref="fl-3"/>
      </object_component>
      <object_component id="oc-24">
         <name>.debug_info</name>
         <load_address>0x2114</load_address>
         <run_address>0x2114</run_address>
         <size>0x6d3</size>
         <input_file_ref idref="fl-72"/>
      </object_component>
      <object_component id="oc-28">
         <name>.debug_info</name>
         <load_address>0x27e7</load_address>
         <run_address>0x27e7</run_address>
         <size>0x8b6</size>
         <input_file_ref idref="fl-73"/>
      </object_component>
      <object_component id="oc-2b">
         <name>.debug_info</name>
         <load_address>0x309d</load_address>
         <run_address>0x309d</run_address>
         <size>0xbc</size>
         <input_file_ref idref="fl-74"/>
      </object_component>
      <object_component id="oc-2e">
         <name>.debug_info</name>
         <load_address>0x3159</load_address>
         <run_address>0x3159</run_address>
         <size>0x7fa</size>
         <input_file_ref idref="fl-75"/>
      </object_component>
      <object_component id="oc-33">
         <name>.debug_info</name>
         <load_address>0x3953</load_address>
         <run_address>0x3953</run_address>
         <size>0x7b2</size>
         <input_file_ref idref="fl-76"/>
      </object_component>
      <object_component id="oc-36">
         <name>.debug_info</name>
         <load_address>0x4105</load_address>
         <run_address>0x4105</run_address>
         <size>0x769</size>
         <input_file_ref idref="fl-77"/>
      </object_component>
      <object_component id="oc-39">
         <name>.debug_info</name>
         <load_address>0x486e</load_address>
         <run_address>0x486e</run_address>
         <size>0xa8f</size>
         <input_file_ref idref="fl-78"/>
      </object_component>
      <object_component id="oc-3e">
         <name>.debug_info</name>
         <load_address>0x52fd</load_address>
         <run_address>0x52fd</run_address>
         <size>0x897</size>
         <input_file_ref idref="fl-79"/>
      </object_component>
      <object_component id="oc-41">
         <name>.debug_info</name>
         <load_address>0x5b94</load_address>
         <run_address>0x5b94</run_address>
         <size>0x795</size>
         <input_file_ref idref="fl-7a"/>
      </object_component>
      <object_component id="oc-44">
         <name>.debug_info</name>
         <load_address>0x6329</load_address>
         <run_address>0x6329</run_address>
         <size>0xa28</size>
         <input_file_ref idref="fl-7b"/>
      </object_component>
      <object_component id="oc-48">
         <name>.debug_info</name>
         <load_address>0x6d51</load_address>
         <run_address>0x6d51</run_address>
         <size>0x74b</size>
         <input_file_ref idref="fl-7c"/>
      </object_component>
      <object_component id="oc-4b">
         <name>.debug_info</name>
         <load_address>0x749c</load_address>
         <run_address>0x749c</run_address>
         <size>0x104f</size>
         <input_file_ref idref="fl-7d"/>
      </object_component>
      <object_component id="oc-50">
         <name>.debug_info</name>
         <load_address>0x84eb</load_address>
         <run_address>0x84eb</run_address>
         <size>0xcb</size>
         <input_file_ref idref="fl-7e"/>
      </object_component>
      <object_component id="oc-53">
         <name>.debug_info</name>
         <load_address>0x85b6</load_address>
         <run_address>0x85b6</run_address>
         <size>0xac6</size>
         <input_file_ref idref="fl-7f"/>
      </object_component>
      <object_component id="oc-59">
         <name>.debug_info</name>
         <load_address>0x907c</load_address>
         <run_address>0x907c</run_address>
         <size>0x79e</size>
         <input_file_ref idref="fl-80"/>
      </object_component>
      <object_component id="oc-5c">
         <name>.debug_info</name>
         <load_address>0x981a</load_address>
         <run_address>0x981a</run_address>
         <size>0x8a1</size>
         <input_file_ref idref="fl-81"/>
      </object_component>
      <object_component id="oc-5f">
         <name>.debug_info</name>
         <load_address>0xa0bb</load_address>
         <run_address>0xa0bb</run_address>
         <size>0x64c</size>
         <input_file_ref idref="fl-82"/>
      </object_component>
      <object_component id="oc-62">
         <name>.debug_info</name>
         <load_address>0xa707</load_address>
         <run_address>0xa707</run_address>
         <size>0xdc3</size>
         <input_file_ref idref="fl-83"/>
      </object_component>
      <object_component id="oc-66">
         <name>.debug_info</name>
         <load_address>0xb4ca</load_address>
         <run_address>0xb4ca</run_address>
         <size>0x851</size>
         <input_file_ref idref="fl-84"/>
      </object_component>
      <object_component id="oc-6a">
         <name>.debug_info</name>
         <load_address>0xbd1b</load_address>
         <run_address>0xbd1b</run_address>
         <size>0x742</size>
         <input_file_ref idref="fl-85"/>
      </object_component>
      <object_component id="oc-6d">
         <name>.debug_info</name>
         <load_address>0xc45d</load_address>
         <run_address>0xc45d</run_address>
         <size>0x634</size>
         <input_file_ref idref="fl-86"/>
      </object_component>
      <object_component id="oc-72">
         <name>.debug_info</name>
         <load_address>0xca91</load_address>
         <run_address>0xca91</run_address>
         <size>0x265b</size>
         <input_file_ref idref="fl-87"/>
      </object_component>
      <object_component id="oc-76">
         <name>.debug_info</name>
         <load_address>0xf0ec</load_address>
         <run_address>0xf0ec</run_address>
         <size>0x6c9</size>
         <input_file_ref idref="fl-88"/>
      </object_component>
      <object_component id="oc-79">
         <name>.debug_info</name>
         <load_address>0xf7b5</load_address>
         <run_address>0xf7b5</run_address>
         <size>0x6d6</size>
         <input_file_ref idref="fl-89"/>
      </object_component>
      <object_component id="oc-7c">
         <name>.debug_info</name>
         <load_address>0xfe8b</load_address>
         <run_address>0xfe8b</run_address>
         <size>0x8b0</size>
         <input_file_ref idref="fl-8a"/>
      </object_component>
      <object_component id="oc-7f">
         <name>.debug_info</name>
         <load_address>0x1073b</load_address>
         <run_address>0x1073b</run_address>
         <size>0x7ad</size>
         <input_file_ref idref="fl-8b"/>
      </object_component>
      <object_component id="oc-82">
         <name>.debug_info</name>
         <load_address>0x10ee8</load_address>
         <run_address>0x10ee8</run_address>
         <size>0x5e2</size>
         <input_file_ref idref="fl-8c"/>
      </object_component>
      <object_component id="oc-84">
         <name>.debug_info</name>
         <load_address>0x114ca</load_address>
         <run_address>0x114ca</run_address>
         <size>0x6cf</size>
         <input_file_ref idref="fl-8d"/>
      </object_component>
      <object_component id="oc-88">
         <name>.debug_info</name>
         <load_address>0x11b99</load_address>
         <run_address>0x11b99</run_address>
         <size>0x96b</size>
         <input_file_ref idref="fl-8e"/>
      </object_component>
      <object_component id="oc-8b">
         <name>.debug_info</name>
         <load_address>0x12504</load_address>
         <run_address>0x12504</run_address>
         <size>0x679</size>
         <input_file_ref idref="fl-8f"/>
      </object_component>
      <object_component id="oc-8e">
         <name>.debug_info</name>
         <load_address>0x12b7d</load_address>
         <run_address>0x12b7d</run_address>
         <size>0x698</size>
         <input_file_ref idref="fl-90"/>
      </object_component>
      <object_component id="oc-91">
         <name>.debug_info</name>
         <load_address>0x13215</load_address>
         <run_address>0x13215</run_address>
         <size>0x654</size>
         <input_file_ref idref="fl-91"/>
      </object_component>
      <object_component id="oc-94">
         <name>.debug_info</name>
         <load_address>0x13869</load_address>
         <run_address>0x13869</run_address>
         <size>0x78b</size>
         <input_file_ref idref="fl-92"/>
      </object_component>
      <object_component id="oc-97">
         <name>.debug_info</name>
         <load_address>0x13ff4</load_address>
         <run_address>0x13ff4</run_address>
         <size>0x786</size>
         <input_file_ref idref="fl-93"/>
      </object_component>
      <object_component id="oc-9a">
         <name>.debug_info</name>
         <load_address>0x1477a</load_address>
         <run_address>0x1477a</run_address>
         <size>0x7fe</size>
         <input_file_ref idref="fl-94"/>
      </object_component>
      <object_component id="oc-9d">
         <name>.debug_info</name>
         <load_address>0x14f78</load_address>
         <run_address>0x14f78</run_address>
         <size>0x6e9</size>
         <input_file_ref idref="fl-95"/>
      </object_component>
      <object_component id="oc-a0">
         <name>.debug_info</name>
         <load_address>0x15661</load_address>
         <run_address>0x15661</run_address>
         <size>0x717</size>
         <input_file_ref idref="fl-96"/>
      </object_component>
      <object_component id="oc-a3">
         <name>.debug_info</name>
         <load_address>0x15d78</load_address>
         <run_address>0x15d78</run_address>
         <size>0x6ba</size>
         <input_file_ref idref="fl-97"/>
      </object_component>
      <object_component id="oc-a6">
         <name>.debug_info</name>
         <load_address>0x16432</load_address>
         <run_address>0x16432</run_address>
         <size>0x600</size>
         <input_file_ref idref="fl-98"/>
      </object_component>
      <object_component id="oc-a9">
         <name>.debug_info</name>
         <load_address>0x16a32</load_address>
         <run_address>0x16a32</run_address>
         <size>0x798</size>
         <input_file_ref idref="fl-99"/>
      </object_component>
      <object_component id="oc-ac">
         <name>.debug_info</name>
         <load_address>0x171ca</load_address>
         <run_address>0x171ca</run_address>
         <size>0x5b4</size>
         <input_file_ref idref="fl-9a"/>
      </object_component>
      <object_component id="oc-12c">
         <name>.debug_info</name>
         <load_address>0x1777e</load_address>
         <run_address>0x1777e</run_address>
         <size>0x70</size>
      </object_component>
      <object_component id="oc-1a">
         <name>.debug_frame</name>
         <load_address>0x0</load_address>
         <run_address>0x0</run_address>
         <size>0x2f3</size>
         <input_file_ref idref="fl-2"/>
      </object_component>
      <object_component id="oc-21">
         <name>.debug_frame</name>
         <load_address>0x2f3</load_address>
         <run_address>0x2f3</run_address>
         <size>0x261</size>
         <input_file_ref idref="fl-3"/>
      </object_component>
      <object_component id="oc-1b">
         <name>.debug_line</name>
         <load_address>0x0</load_address>
         <run_address>0x0</run_address>
         <size>0x21c</size>
         <input_file_ref idref="fl-2"/>
      </object_component>
      <object_component id="oc-22">
         <name>.debug_line</name>
         <load_address>0x21c</load_address>
         <run_address>0x21c</run_address>
         <size>0x69</size>
         <input_file_ref idref="fl-3"/>
      </object_component>
      <object_component id="oc-26">
         <name>.debug_line</name>
         <load_address>0x285</load_address>
         <run_address>0x285</run_address>
         <size>0x3d</size>
         <input_file_ref idref="fl-72"/>
      </object_component>
      <object_component id="oc-29">
         <name>.debug_line</name>
         <load_address>0x2c2</load_address>
         <run_address>0x2c2</run_address>
         <size>0x3c</size>
         <input_file_ref idref="fl-73"/>
      </object_component>
      <object_component id="oc-2c">
         <name>.debug_line</name>
         <load_address>0x2fe</load_address>
         <run_address>0x2fe</run_address>
         <size>0x44</size>
         <input_file_ref idref="fl-74"/>
      </object_component>
      <object_component id="oc-31">
         <name>.debug_line</name>
         <load_address>0x342</load_address>
         <run_address>0x342</run_address>
         <size>0x4f</size>
         <input_file_ref idref="fl-75"/>
      </object_component>
      <object_component id="oc-34">
         <name>.debug_line</name>
         <load_address>0x391</load_address>
         <run_address>0x391</run_address>
         <size>0x3d</size>
         <input_file_ref idref="fl-76"/>
      </object_component>
      <object_component id="oc-37">
         <name>.debug_line</name>
         <load_address>0x3ce</load_address>
         <run_address>0x3ce</run_address>
         <size>0x3e</size>
         <input_file_ref idref="fl-77"/>
      </object_component>
      <object_component id="oc-3c">
         <name>.debug_line</name>
         <load_address>0x40c</load_address>
         <run_address>0x40c</run_address>
         <size>0x92</size>
         <input_file_ref idref="fl-78"/>
      </object_component>
      <object_component id="oc-3f">
         <name>.debug_line</name>
         <load_address>0x49e</load_address>
         <run_address>0x49e</run_address>
         <size>0x6a</size>
         <input_file_ref idref="fl-79"/>
      </object_component>
      <object_component id="oc-42">
         <name>.debug_line</name>
         <load_address>0x508</load_address>
         <run_address>0x508</run_address>
         <size>0x3d</size>
         <input_file_ref idref="fl-7a"/>
      </object_component>
      <object_component id="oc-46">
         <name>.debug_line</name>
         <load_address>0x545</load_address>
         <run_address>0x545</run_address>
         <size>0x91</size>
         <input_file_ref idref="fl-7b"/>
      </object_component>
      <object_component id="oc-49">
         <name>.debug_line</name>
         <load_address>0x5d6</load_address>
         <run_address>0x5d6</run_address>
         <size>0x3c</size>
         <input_file_ref idref="fl-7c"/>
      </object_component>
      <object_component id="oc-4e">
         <name>.debug_line</name>
         <load_address>0x612</load_address>
         <run_address>0x612</run_address>
         <size>0x133</size>
         <input_file_ref idref="fl-7d"/>
      </object_component>
      <object_component id="oc-51">
         <name>.debug_line</name>
         <load_address>0x745</load_address>
         <run_address>0x745</run_address>
         <size>0x4a</size>
         <input_file_ref idref="fl-7e"/>
      </object_component>
      <object_component id="oc-57">
         <name>.debug_line</name>
         <load_address>0x78f</load_address>
         <run_address>0x78f</run_address>
         <size>0xa8</size>
         <input_file_ref idref="fl-7f"/>
      </object_component>
      <object_component id="oc-5a">
         <name>.debug_line</name>
         <load_address>0x837</load_address>
         <run_address>0x837</run_address>
         <size>0x46</size>
         <input_file_ref idref="fl-80"/>
      </object_component>
      <object_component id="oc-5d">
         <name>.debug_line</name>
         <load_address>0x87d</load_address>
         <run_address>0x87d</run_address>
         <size>0x69</size>
         <input_file_ref idref="fl-81"/>
      </object_component>
      <object_component id="oc-60">
         <name>.debug_line</name>
         <load_address>0x8e6</load_address>
         <run_address>0x8e6</run_address>
         <size>0x39</size>
         <input_file_ref idref="fl-82"/>
      </object_component>
      <object_component id="oc-64">
         <name>.debug_line</name>
         <load_address>0x91f</load_address>
         <run_address>0x91f</run_address>
         <size>0x114</size>
         <input_file_ref idref="fl-83"/>
      </object_component>
      <object_component id="oc-68">
         <name>.debug_line</name>
         <load_address>0xa33</load_address>
         <run_address>0xa33</run_address>
         <size>0x68</size>
         <input_file_ref idref="fl-84"/>
      </object_component>
      <object_component id="oc-6b">
         <name>.debug_line</name>
         <load_address>0xa9b</load_address>
         <run_address>0xa9b</run_address>
         <size>0x40</size>
         <input_file_ref idref="fl-85"/>
      </object_component>
      <object_component id="oc-70">
         <name>.debug_line</name>
         <load_address>0xadb</load_address>
         <run_address>0xadb</run_address>
         <size>0x35</size>
         <input_file_ref idref="fl-86"/>
      </object_component>
      <object_component id="oc-74">
         <name>.debug_line</name>
         <load_address>0xb10</load_address>
         <run_address>0xb10</run_address>
         <size>0x31d</size>
         <input_file_ref idref="fl-87"/>
      </object_component>
      <object_component id="oc-77">
         <name>.debug_line</name>
         <load_address>0xe2d</load_address>
         <run_address>0xe2d</run_address>
         <size>0x3f</size>
         <input_file_ref idref="fl-88"/>
      </object_component>
      <object_component id="oc-7a">
         <name>.debug_line</name>
         <load_address>0xe6c</load_address>
         <run_address>0xe6c</run_address>
         <size>0x45</size>
         <input_file_ref idref="fl-89"/>
      </object_component>
      <object_component id="oc-7d">
         <name>.debug_line</name>
         <load_address>0xeb1</load_address>
         <run_address>0xeb1</run_address>
         <size>0x51</size>
         <input_file_ref idref="fl-8a"/>
      </object_component>
      <object_component id="oc-80">
         <name>.debug_line</name>
         <load_address>0xf02</load_address>
         <run_address>0xf02</run_address>
         <size>0x44</size>
         <input_file_ref idref="fl-8b"/>
      </object_component>
      <object_component id="oc-89">
         <name>.debug_line</name>
         <load_address>0xf46</load_address>
         <run_address>0xf46</run_address>
         <size>0x3c</size>
         <input_file_ref idref="fl-8e"/>
      </object_component>
      <object_component id="oc-8c">
         <name>.debug_line</name>
         <load_address>0xf82</load_address>
         <run_address>0xf82</run_address>
         <size>0x3d</size>
         <input_file_ref idref="fl-8f"/>
      </object_component>
      <object_component id="oc-8f">
         <name>.debug_line</name>
         <load_address>0xfbf</load_address>
         <run_address>0xfbf</run_address>
         <size>0x3d</size>
         <input_file_ref idref="fl-90"/>
      </object_component>
      <object_component id="oc-92">
         <name>.debug_line</name>
         <load_address>0xffc</load_address>
         <run_address>0xffc</run_address>
         <size>0x3e</size>
         <input_file_ref idref="fl-91"/>
      </object_component>
      <object_component id="oc-95">
         <name>.debug_line</name>
         <load_address>0x103a</load_address>
         <run_address>0x103a</run_address>
         <size>0x73</size>
         <input_file_ref idref="fl-92"/>
      </object_component>
      <object_component id="oc-98">
         <name>.debug_line</name>
         <load_address>0x10ad</load_address>
         <run_address>0x10ad</run_address>
         <size>0x61</size>
         <input_file_ref idref="fl-93"/>
      </object_component>
      <object_component id="oc-9b">
         <name>.debug_line</name>
         <load_address>0x110e</load_address>
         <run_address>0x110e</run_address>
         <size>0x38</size>
         <input_file_ref idref="fl-94"/>
      </object_component>
      <object_component id="oc-9e">
         <name>.debug_line</name>
         <load_address>0x1146</load_address>
         <run_address>0x1146</run_address>
         <size>0x56</size>
         <input_file_ref idref="fl-95"/>
      </object_component>
      <object_component id="oc-a1">
         <name>.debug_line</name>
         <load_address>0x119c</load_address>
         <run_address>0x119c</run_address>
         <size>0x40</size>
         <input_file_ref idref="fl-96"/>
      </object_component>
      <object_component id="oc-a4">
         <name>.debug_line</name>
         <load_address>0x11dc</load_address>
         <run_address>0x11dc</run_address>
         <size>0x3f</size>
         <input_file_ref idref="fl-97"/>
      </object_component>
      <object_component id="oc-a7">
         <name>.debug_line</name>
         <load_address>0x121b</load_address>
         <run_address>0x121b</run_address>
         <size>0x39</size>
         <input_file_ref idref="fl-98"/>
      </object_component>
      <object_component id="oc-aa">
         <name>.debug_line</name>
         <load_address>0x1254</load_address>
         <run_address>0x1254</run_address>
         <size>0x3f</size>
         <input_file_ref idref="fl-99"/>
      </object_component>
      <object_component id="oc-ad">
         <name>.debug_line</name>
         <load_address>0x1293</load_address>
         <run_address>0x1293</run_address>
         <size>0x23</size>
         <input_file_ref idref="fl-9a"/>
      </object_component>
      <object_component id="oc-1c">
         <name>.debug_abbrev</name>
         <load_address>0x0</load_address>
         <run_address>0x0</run_address>
         <size>0x107</size>
         <input_file_ref idref="fl-2"/>
      </object_component>
      <object_component id="oc-23">
         <name>.debug_abbrev</name>
         <load_address>0x107</load_address>
         <run_address>0x107</run_address>
         <size>0x102</size>
         <input_file_ref idref="fl-3"/>
      </object_component>
      <object_component id="oc-27">
         <name>.debug_abbrev</name>
         <load_address>0x209</load_address>
         <run_address>0x209</run_address>
         <size>0xe7</size>
         <input_file_ref idref="fl-72"/>
      </object_component>
      <object_component id="oc-2a">
         <name>.debug_abbrev</name>
         <load_address>0x2f0</load_address>
         <run_address>0x2f0</run_address>
         <size>0xe7</size>
         <input_file_ref idref="fl-73"/>
      </object_component>
      <object_component id="oc-2d">
         <name>.debug_abbrev</name>
         <load_address>0x3d7</load_address>
         <run_address>0x3d7</run_address>
         <size>0x3b</size>
         <input_file_ref idref="fl-74"/>
      </object_component>
      <object_component id="oc-32">
         <name>.debug_abbrev</name>
         <load_address>0x412</load_address>
         <run_address>0x412</run_address>
         <size>0x119</size>
         <input_file_ref idref="fl-75"/>
      </object_component>
      <object_component id="oc-35">
         <name>.debug_abbrev</name>
         <load_address>0x52b</load_address>
         <run_address>0x52b</run_address>
         <size>0x11a</size>
         <input_file_ref idref="fl-76"/>
      </object_component>
      <object_component id="oc-38">
         <name>.debug_abbrev</name>
         <load_address>0x645</load_address>
         <run_address>0x645</run_address>
         <size>0x12d</size>
         <input_file_ref idref="fl-77"/>
      </object_component>
      <object_component id="oc-3d">
         <name>.debug_abbrev</name>
         <load_address>0x772</load_address>
         <run_address>0x772</run_address>
         <size>0x1a0</size>
         <input_file_ref idref="fl-78"/>
      </object_component>
      <object_component id="oc-40">
         <name>.debug_abbrev</name>
         <load_address>0x912</load_address>
         <run_address>0x912</run_address>
         <size>0x129</size>
         <input_file_ref idref="fl-79"/>
      </object_component>
      <object_component id="oc-43">
         <name>.debug_abbrev</name>
         <load_address>0xa3b</load_address>
         <run_address>0xa3b</run_address>
         <size>0x109</size>
         <input_file_ref idref="fl-7a"/>
      </object_component>
      <object_component id="oc-47">
         <name>.debug_abbrev</name>
         <load_address>0xb44</load_address>
         <run_address>0xb44</run_address>
         <size>0x135</size>
         <input_file_ref idref="fl-7b"/>
      </object_component>
      <object_component id="oc-4a">
         <name>.debug_abbrev</name>
         <load_address>0xc79</load_address>
         <run_address>0xc79</run_address>
         <size>0xd1</size>
         <input_file_ref idref="fl-7c"/>
      </object_component>
      <object_component id="oc-4f">
         <name>.debug_abbrev</name>
         <load_address>0xd4a</load_address>
         <run_address>0xd4a</run_address>
         <size>0x22b</size>
         <input_file_ref idref="fl-7d"/>
      </object_component>
      <object_component id="oc-52">
         <name>.debug_abbrev</name>
         <load_address>0xf75</load_address>
         <run_address>0xf75</run_address>
         <size>0x3b</size>
         <input_file_ref idref="fl-7e"/>
      </object_component>
      <object_component id="oc-58">
         <name>.debug_abbrev</name>
         <load_address>0xfb0</load_address>
         <run_address>0xfb0</run_address>
         <size>0x1f8</size>
         <input_file_ref idref="fl-7f"/>
      </object_component>
      <object_component id="oc-5b">
         <name>.debug_abbrev</name>
         <load_address>0x11a8</load_address>
         <run_address>0x11a8</run_address>
         <size>0xd0</size>
         <input_file_ref idref="fl-80"/>
      </object_component>
      <object_component id="oc-5e">
         <name>.debug_abbrev</name>
         <load_address>0x1278</load_address>
         <run_address>0x1278</run_address>
         <size>0x14b</size>
         <input_file_ref idref="fl-81"/>
      </object_component>
      <object_component id="oc-61">
         <name>.debug_abbrev</name>
         <load_address>0x13c3</load_address>
         <run_address>0x13c3</run_address>
         <size>0xab</size>
         <input_file_ref idref="fl-82"/>
      </object_component>
      <object_component id="oc-65">
         <name>.debug_abbrev</name>
         <load_address>0x146e</load_address>
         <run_address>0x146e</run_address>
         <size>0x151</size>
         <input_file_ref idref="fl-83"/>
      </object_component>
      <object_component id="oc-69">
         <name>.debug_abbrev</name>
         <load_address>0x15bf</load_address>
         <run_address>0x15bf</run_address>
         <size>0xd5</size>
         <input_file_ref idref="fl-84"/>
      </object_component>
      <object_component id="oc-6c">
         <name>.debug_abbrev</name>
         <load_address>0x1694</load_address>
         <run_address>0x1694</run_address>
         <size>0xd1</size>
         <input_file_ref idref="fl-85"/>
      </object_component>
      <object_component id="oc-71">
         <name>.debug_abbrev</name>
         <load_address>0x1765</load_address>
         <run_address>0x1765</run_address>
         <size>0x9f</size>
         <input_file_ref idref="fl-86"/>
      </object_component>
      <object_component id="oc-75">
         <name>.debug_abbrev</name>
         <load_address>0x1804</load_address>
         <run_address>0x1804</run_address>
         <size>0x1d1</size>
         <input_file_ref idref="fl-87"/>
      </object_component>
      <object_component id="oc-78">
         <name>.debug_abbrev</name>
         <load_address>0x19d5</load_address>
         <run_address>0x19d5</run_address>
         <size>0xe1</size>
         <input_file_ref idref="fl-88"/>
      </object_component>
      <object_component id="oc-7b">
         <name>.debug_abbrev</name>
         <load_address>0x1ab6</load_address>
         <run_address>0x1ab6</run_address>
         <size>0xcc</size>
         <input_file_ref idref="fl-89"/>
      </object_component>
      <object_component id="oc-7e">
         <name>.debug_abbrev</name>
         <load_address>0x1b82</load_address>
         <run_address>0x1b82</run_address>
         <size>0x155</size>
         <input_file_ref idref="fl-8a"/>
      </object_component>
      <object_component id="oc-81">
         <name>.debug_abbrev</name>
         <load_address>0x1cd7</load_address>
         <run_address>0x1cd7</run_address>
         <size>0x10c</size>
         <input_file_ref idref="fl-8b"/>
      </object_component>
      <object_component id="oc-83">
         <name>.debug_abbrev</name>
         <load_address>0x1de3</load_address>
         <run_address>0x1de3</run_address>
         <size>0x5f</size>
         <input_file_ref idref="fl-8c"/>
      </object_component>
      <object_component id="oc-87">
         <name>.debug_abbrev</name>
         <load_address>0x1e42</load_address>
         <run_address>0x1e42</run_address>
         <size>0x8e</size>
         <input_file_ref idref="fl-8d"/>
      </object_component>
      <object_component id="oc-8a">
         <name>.debug_abbrev</name>
         <load_address>0x1ed0</load_address>
         <run_address>0x1ed0</run_address>
         <size>0xf5</size>
         <input_file_ref idref="fl-8e"/>
      </object_component>
      <object_component id="oc-8d">
         <name>.debug_abbrev</name>
         <load_address>0x1fc5</load_address>
         <run_address>0x1fc5</run_address>
         <size>0xac</size>
         <input_file_ref idref="fl-8f"/>
      </object_component>
      <object_component id="oc-90">
         <name>.debug_abbrev</name>
         <load_address>0x2071</load_address>
         <run_address>0x2071</run_address>
         <size>0xc3</size>
         <input_file_ref idref="fl-90"/>
      </object_component>
      <object_component id="oc-93">
         <name>.debug_abbrev</name>
         <load_address>0x2134</load_address>
         <run_address>0x2134</run_address>
         <size>0x8c</size>
         <input_file_ref idref="fl-91"/>
      </object_component>
      <object_component id="oc-96">
         <name>.debug_abbrev</name>
         <load_address>0x21c0</load_address>
         <run_address>0x21c0</run_address>
         <size>0xc3</size>
         <input_file_ref idref="fl-92"/>
      </object_component>
      <object_component id="oc-99">
         <name>.debug_abbrev</name>
         <load_address>0x2283</load_address>
         <run_address>0x2283</run_address>
         <size>0xc3</size>
         <input_file_ref idref="fl-93"/>
      </object_component>
      <object_component id="oc-9c">
         <name>.debug_abbrev</name>
         <load_address>0x2346</load_address>
         <run_address>0x2346</run_address>
         <size>0xd0</size>
         <input_file_ref idref="fl-94"/>
      </object_component>
      <object_component id="oc-9f">
         <name>.debug_abbrev</name>
         <load_address>0x2416</load_address>
         <run_address>0x2416</run_address>
         <size>0xa3</size>
         <input_file_ref idref="fl-95"/>
      </object_component>
      <object_component id="oc-a2">
         <name>.debug_abbrev</name>
         <load_address>0x24b9</load_address>
         <run_address>0x24b9</run_address>
         <size>0xe3</size>
         <input_file_ref idref="fl-96"/>
      </object_component>
      <object_component id="oc-a5">
         <name>.debug_abbrev</name>
         <load_address>0x259c</load_address>
         <run_address>0x259c</run_address>
         <size>0xae</size>
         <input_file_ref idref="fl-97"/>
      </object_component>
      <object_component id="oc-a8">
         <name>.debug_abbrev</name>
         <load_address>0x264a</load_address>
         <run_address>0x264a</run_address>
         <size>0x71</size>
         <input_file_ref idref="fl-98"/>
      </object_component>
      <object_component id="oc-ab">
         <name>.debug_abbrev</name>
         <load_address>0x26bb</load_address>
         <run_address>0x26bb</run_address>
         <size>0x10b</size>
         <input_file_ref idref="fl-99"/>
      </object_component>
      <object_component id="oc-ae">
         <name>.debug_abbrev</name>
         <load_address>0x27c6</load_address>
         <run_address>0x27c6</run_address>
         <size>0x90</size>
         <input_file_ref idref="fl-9a"/>
      </object_component>
      <object_component id="oc-12d">
         <name>.debug_abbrev</name>
         <load_address>0x2856</load_address>
         <run_address>0x2856</run_address>
         <size>0xd</size>
      </object_component>
   </object_component_list>
   <logical_group_list>
      <logical_group id="lg-2">
         <name>.text</name>
         <load_address>0x80000000</load_address>
         <run_address>0x80000000</run_address>
         <size>0x6c20</size>
         <contents>
            <object_component_ref idref="oc-c6"/>
            <object_component_ref idref="oc-ff"/>
            <object_component_ref idref="oc-f5"/>
            <object_component_ref idref="oc-de"/>
            <object_component_ref idref="oc-d0"/>
            <object_component_ref idref="oc-da"/>
            <object_component_ref idref="oc-e9"/>
            <object_component_ref idref="oc-dd"/>
            <object_component_ref idref="oc-fa"/>
            <object_component_ref idref="oc-fd"/>
            <object_component_ref idref="oc-c8"/>
            <object_component_ref idref="oc-d7"/>
            <object_component_ref idref="oc-107"/>
            <object_component_ref idref="oc-f4"/>
            <object_component_ref idref="oc-ea"/>
            <object_component_ref idref="oc-df"/>
            <object_component_ref idref="oc-f2"/>
            <object_component_ref idref="oc-bc"/>
            <object_component_ref idref="oc-fc"/>
            <object_component_ref idref="oc-d2"/>
            <object_component_ref idref="oc-106"/>
            <object_component_ref idref="oc-b8"/>
            <object_component_ref idref="oc-f9"/>
            <object_component_ref idref="oc-e2"/>
            <object_component_ref idref="oc-ee"/>
            <object_component_ref idref="oc-dc"/>
            <object_component_ref idref="oc-db"/>
            <object_component_ref idref="oc-ed"/>
            <object_component_ref idref="oc-d1"/>
            <object_component_ref idref="oc-cd"/>
            <object_component_ref idref="oc-b6"/>
            <object_component_ref idref="oc-af"/>
            <object_component_ref idref="oc-f7"/>
            <object_component_ref idref="oc-e7"/>
            <object_component_ref idref="oc-b2"/>
            <object_component_ref idref="oc-b4"/>
            <object_component_ref idref="oc-e8"/>
            <object_component_ref idref="oc-d8"/>
            <object_component_ref idref="oc-b1"/>
            <object_component_ref idref="oc-e0"/>
            <object_component_ref idref="oc-b7"/>
            <object_component_ref idref="oc-b5"/>
            <object_component_ref idref="oc-e1"/>
            <object_component_ref idref="oc-100"/>
            <object_component_ref idref="oc-c9"/>
            <object_component_ref idref="oc-d5"/>
            <object_component_ref idref="oc-cc"/>
            <object_component_ref idref="oc-d6"/>
            <object_component_ref idref="oc-102"/>
            <object_component_ref idref="oc-e3"/>
            <object_component_ref idref="oc-b3"/>
            <object_component_ref idref="oc-109"/>
            <object_component_ref idref="oc-fb"/>
            <object_component_ref idref="oc-fe"/>
            <object_component_ref idref="oc-101"/>
            <object_component_ref idref="oc-f3"/>
            <object_component_ref idref="oc-ba"/>
            <object_component_ref idref="oc-f8"/>
            <object_component_ref idref="oc-bb"/>
            <object_component_ref idref="oc-e5"/>
            <object_component_ref idref="oc-e4"/>
            <object_component_ref idref="oc-ec"/>
            <object_component_ref idref="oc-103"/>
            <object_component_ref idref="oc-10a"/>
            <object_component_ref idref="oc-17"/>
            <object_component_ref idref="oc-cb"/>
            <object_component_ref idref="oc-c7"/>
            <object_component_ref idref="oc-bf"/>
            <object_component_ref idref="oc-e6"/>
            <object_component_ref idref="oc-10b"/>
            <object_component_ref idref="oc-ca"/>
            <object_component_ref idref="oc-eb"/>
            <object_component_ref idref="oc-be"/>
            <object_component_ref idref="oc-f1"/>
            <object_component_ref idref="oc-f0"/>
            <object_component_ref idref="oc-b0"/>
            <object_component_ref idref="oc-105"/>
            <object_component_ref idref="oc-104"/>
            <object_component_ref idref="oc-108"/>
            <object_component_ref idref="oc-f6"/>
            <object_component_ref idref="oc-b9"/>
            <object_component_ref idref="oc-d3"/>
            <object_component_ref idref="oc-cf"/>
            <object_component_ref idref="oc-d4"/>
            <object_component_ref idref="oc-ce"/>
            <object_component_ref idref="oc-bd"/>
            <object_component_ref idref="oc-d9"/>
         </contents>
      </logical_group>
      <logical_group id="lg-3">
         <name>.stack</name>
         <run_address>0x8000c358</run_address>
         <size>0x800</size>
         <contents>
            <object_component_ref idref="oc-25"/>
            <object_component_ref idref="oc-12a"/>
         </contents>
      </logical_group>
      <logical_group id="lg-4">
         <name>.bss</name>
         <run_address>0x80000000</run_address>
         <size>0x0</size>
         <contents>
         </contents>
      </logical_group>
      <logical_group id="lg-5">
         <name>.cio</name>
         <run_address>0x8000d358</run_address>
         <size>0x120</size>
         <contents>
            <object_component_ref idref="oc-67"/>
         </contents>
      </logical_group>
      <logical_group id="lg-6">
         <name>.const</name>
         <load_address>0x80006c20</load_address>
         <run_address>0x80006c20</run_address>
         <size>0x3b47</size>
         <contents>
            <object_component_ref idref="oc-c2"/>
            <object_component_ref idref="oc-c3"/>
            <object_component_ref idref="oc-c4"/>
[...]
         <attributes>RWIX</attributes>
         <usage_details>
         </usage_details>
      </memory_area>
      <memory_area>
         <name>EMIFACS4</name>
         <page_id>0x0</page_id>
         <origin>0x64000000</origin>
         <length>0x2000000</length>
         <used_space>0x0</used_space>
         <unused_space>0x2000000</unused_space>
         <attributes>RWIX</attributes>
         <usage_details>
         </usage_details>
      </memory_area>
      <memory_area>
         <name>EMIFACS5</name>
         <page_id>0x0</page_id>
         <origin>0x66000000</origin>
         <length>0x2000000</length>
         <used_space>0x0</used_space>
         <unused_space>0x2000000</unused_space>
         <attributes>RWIX</attributes>
         <usage_details>
         </usage_details>
      </memory_area>
      <memory_area>
         <name>SHRAM</name>
         <page_id>0x0</page_id>
         <origin>0x80000000</origin>
         <length>0x20000</length>
         <used_space>0xd46f</used_space>
         <unused_space>0x12b91</unused_space>
         <attributes>RWIX</attributes>
         <usage_details>
            <allocated_space>
               <start_address>0x80000000</start_address>
               <size>0x0</size>
               <logical_group_ref idref="lg-7"/>
            </allocated_space>
            <allocated_space>
               <start_address>0x80000000</start_address>
               <size>0x0</size>
               <logical_group_ref idref="lg-4"/>
            </allocated_space>
            <allocated_space>
               <start_address>0x80000000</start_address>
               <size>0x6c20</size>
               <logical_group_ref idref="lg-2"/>
            </allocated_space>
            <allocated_space>
               <start_address>0x80006c20</start_address>
               <size>0x3b47</size>
               <logical_group_ref idref="lg-6"/>
            </allocated_space>
            <available_space>
               <start_address>0x8000a767</start_address>
               <size>0x1</size>
            </available_space>
            <allocated_space>
               <start_address>0x8000a768</start_address>
               <size>0xfd4</size>
               <logical_group_ref idref="lg-a"/>
            </allocated_space>
            <available_space>
               <start_address>0x8000b73c</start_address>
               <size>0x4</size>
            </available_space>
            <allocated_space>
               <start_address>0x8000b740</start_address>
               <size>0xc14</size>
               <logical_group_ref idref="lg-f"/>
            </allocated_space>
            <available_space>
               <start_address>0x8000c354</start_address>
               <size>0x4</size>
            </available_space>
            <allocated_space>
               <start_address>0x8000c358</start_address>
               <size>0x800</size>
               <logical_group_ref idref="lg-3"/>
            </allocated_space>
            <allocated_space>
               <start_address>0x8000cb58</start_address>
               <size>0x800</size>
               <logical_group_ref idref="lg-9"/>
            </allocated_space>
            <allocated_space>
               <start_address>0x8000d358</start_address>
               <size>0x120</size>
               <logical_group_ref idref="lg-5"/>
            </allocated_space>
            <available_space>
               <start_address>0x8000d478</start_address>
               <size>0x12b88</size>
            </available_space>
         </usage_details>
      </memory_area>
      <memory_area>
         <name>DDR2</name>
         <page_id>0x0</page_id>
         <origin>0xc0000000</origin>
         <length>0x20000000</length>
         <used_space>0x0</used_space>
         <unused_space>0x20000000</unused_space>
         <attributes>RWIX</attributes>
         <usage_details>
         </usage_details>
      </memory_area>
   </placement_map>
   <symbol_table>
      <symbol id="sm-0">
         <name>cinit</name>
         <value>0x8000b740</value>
      </symbol>
      <symbol id="sm-1">
         <name>___cinit__</name>
         <value>0x8000b740</value>
      </symbol>
      <symbol id="sm-2">
         <name>pinit</name>
         <value>0xffffffff</value>
      </symbol>
      <symbol id="sm-3">
         <name>___pinit__</name>
         <value>0xffffffff</value>
      </symbol>
      <symbol id="sm-4">
         <name>binit</name>
         <value>0xffffffff</value>
      </symbol>
      <symbol id="sm-5">
         <name>___binit__</name>
         <value>0xffffffff</value>
      </symbol>
      <symbol id="sm-6">
         <name>__STACK_SIZE</name>
         <value>0x800</value>
      </symbol>
      <symbol id="sm-7">
         <name>__STACK_END</name>
         <value>0x8000cb58</value>
      </symbol>
      <symbol id="sm-8">
         <name>__SYSMEM_SIZE</name>
         <value>0x800</value>
      </symbol>
      <symbol id="sm-9">
         <name>___c_args__</name>
         <value>0xffffffff</value>
      </symbol>
      <symbol id="sm-a">
         <name>.text</name>
         <value>0x80000000</value>
      </symbol>
      <symbol id="sm-b">
         <name>___text__</name>
         <value>0x80000000</value>
      </symbol>
      <symbol id="sm-c">
         <name>etext</name>
         <value>0x80006c20</value>
      </symbol>
      <symbol id="sm-d">
         <name>___etext__</name>
         <value>0x80006c20</value>
      </symbol>
      <symbol id="sm-e">
         <name>.data</name>
         <value>0x80000000</value>
      </symbol>
      <symbol id="sm-f">
         <name>___data__</name>
         <value>0x80000000</value>
      </symbol>
      <symbol id="sm-10">
         <name>edata</name>
         <value>0x80000000</value>
      </symbol>
      <symbol id="sm-11">
         <name>___edata__</name>
         <value>0x80000000</value>
      </symbol>
      <symbol id="sm-12">
         <name>.bss</name>
         <value>0x80000000</value>
      </symbol>
      <symbol id="sm-13">
         <name>___bss__</name>
         <value>0x80000000</value>
      </symbol>
      <symbol id="sm-14">
         <name>end</name>
         <value>0x80000000</value>
      </symbol>
      <symbol id="sm-15">
         <name>___end__</name>
         <value>0x80000000</value>
      </symbol>
      <symbol id="sm-16">
         <name>___TI_pprof_out_hndl</name>
         <value>0xffffffff</value>
      </symbol>
      <symbol id="sm-17">
         <name>___TI_prof_data_start</name>
         <value>0xffffffff</value>
      </symbol>
      <symbol id="sm-18">
         <name>___TI_prof_data_size</name>
         <value>0xffffffff</value>
      </symbol>
      <symbol id="sm-19">
         <name>$bss</name>
         <value>0x80000000</value>
      </symbol>
      <symbol id="sm-bc">
         <name>_filter_signal</name>
         <value>0x80000394</value>
         <object_component_ref idref="oc-c6"/>
      </symbol>
      <symbol id="sm-bd">
         <name>_print_statistics</name>
         <value>0x80000000</value>
         <object_component_ref idref="oc-c6"/>
      </symbol>
      <symbol id="sm-be">
         <name>_record_output</name>
         <value>0x800005f0</value>
         <object_component_ref idref="oc-c6"/>
      </symbol>
      <symbol id="sm-bf">
         <name>_calculate_mean</name>
         <value>0x80000260</value>
         <object_component_ref idref="oc-c6"/>
      </symbol>
      <symbol id="sm-c0">
         <name>_symm_filter_signal</name>
         <value>0x8000046c</value>
         <object_component_ref idref="oc-c6"/>
      </symbol>
      <symbol id="sm-c1">
         <name>_generate_signal</name>
         <value>0x800002d4</value>
         <object_component_ref idref="oc-c6"/>
      </symbol>
      <symbol id="sm-f5">
         <name>_main</name>
         <value>0x80003940</value>
         <object_component_ref idref="oc-bc"/>
      </symbol>
      <symbol id="sm-f6">
         <name>_Filter_2_b_fir</name>
         <value>0x8000ad10</value>
         <object_component_ref idref="oc-1f"/>
      </symbol>
      <symbol id="sm-f7">
         <name>_Filter_1_a_fir</name>
         <value>0x8000ad08</value>
         <object_component_ref idref="oc-1f"/>
      </symbol>
      <symbol id="sm-f8">
         <name>_Filter_1_b_fir</name>
         <value>0x8000a768</value>
         <object_component_ref idref="oc-1f"/>
      </symbol>
      <symbol id="sm-f9">
         <name>_Filter_2_a_fir</name>
         <value>0x8000b200</value>
         <object_component_ref idref="oc-1f"/>
      </symbol>
      <symbol id="sm-108">
         <name>_c_int00</name>
         <value>0x800065a0</value>
         <object_component_ref idref="oc-17"/>
      </symbol>
      <symbol id="sm-109">
         <name>__stack</name>
         <value>0x8000c358</value>
         <object_component_ref idref="oc-25"/>
      </symbol>
      <symbol id="sm-119">
         <name>__divf</name>
         <value>0x80002920</value>
         <object_component_ref idref="oc-c8"/>
      </symbol>
      <symbol id="sm-122">
         <name>__c6xabi_divu</name>
         <value>0x800058a0</value>
         <object_component_ref idref="oc-c9"/>
      </symbol>
      <symbol id="sm-123">
         <name>__divu</name>
         <value>0x800058a0</value>
         <object_component_ref idref="oc-c9"/>
      </symbol>
      <symbol id="sm-13c">
         <name>C$$EXIT</name>
         <value>0x80006be0</value>
         <object_component_ref idref="oc-bd"/>
      </symbol>
      <symbol id="sm-13d">
         <name>_exit</name>
         <value>0x800053e0</value>
         <object_component_ref idref="oc-b1"/>
      </symbol>
      <symbol id="sm-13e">
         <name>___TI_enable_exit_profile_output</name>
         <value>0x8000b728</value>
         <object_component_ref idref="oc-30"/>
      </symbol>
      <symbol id="sm-13f">
         <name>_abort</name>
         <value>0x80006be0</value>
         <object_component_ref idref="oc-bd"/>
      </symbol>
      <symbol id="sm-140">
         <name>__cleanup_ptr</name>
         <value>0x8000b720</value>
         <object_component_ref idref="oc-30"/>
      </symbol>
      <symbol id="sm-141">
         <name>__dtors_ptr</name>
         <value>0x8000b724</value>
         <object_component_ref idref="oc-30"/>
      </symbol>
      <symbol id="sm-153">
         <name>_fclose</name>
         <value>0x80004b40</value>
         <object_component_ref idref="oc-cd"/>
      </symbol>
      <symbol id="sm-160">
         <name>__doflush</name>
         <value>0x80005960</value>
         <object_component_ref idref="oc-d5"/>
      </symbol>
      <symbol id="sm-18b">
         <name>__cleanup</name>
         <value>0x80005720</value>
         <object_component_ref idref="oc-e1"/>
      </symbol>
      <symbol id="sm-18c">
         <name>_fopen</name>
         <value>0x80006880</value>
         <object_component_ref idref="oc-ca"/>
      </symbol>
      <symbol id="sm-19e">
         <name>_fprintf</name>
         <value>0x80006620</value>
         <object_component_ref idref="oc-cb"/>
      </symbol>
      <symbol id="sm-1b0">
         <name>_putc</name>
         <value>0x800047a0</value>
         <object_component_ref idref="oc-db"/>
      </symbol>
      <symbol id="sm-1b1">
         <name>_fputc</name>
         <value>0x800047a0</value>
         <object_component_ref idref="oc-db"/>
      </symbol>
      <symbol id="sm-1cb">
         <name>_fputs</name>
         <value>0x80001b60</value>
         <object_component_ref idref="oc-da"/>
      </symbol>
      <symbol id="sm-1d8">
         <name>_fseek</name>
         <value>0x80005a20</value>
         <object_component_ref idref="oc-cc"/>
      </symbol>
      <symbol id="sm-229">
         <name>_unlink</name>
         <value>0x800067a0</value>
         <object_component_ref idref="oc-e6"/>
      </symbol>
      <symbol id="sm-22a">
         <name>_open</name>
         <value>0x80004360</value>
         <object_component_ref idref="oc-e2"/>
      </symbol>
      <symbol id="sm-22b">
         <name>_lseek</name>
         <value>0x80005ae0</value>
         <object_component_ref idref="oc-d6"/>
      </symbol>
      <symbol id="sm-22c">
         <name>_close</name>
         <value>0x80005300</value>
         <object_component_ref idref="oc-d8"/>
      </symbol>
      <symbol id="sm-22d">
         <name>_write</name>
         <value>0x80005c60</value>
         <object_component_ref idref="oc-e3"/>
      </symbol>
      <symbol id="sm-235">
         <name>_memcpy</name>
         <value>0x80006220</value>
         <object_component_ref idref="oc-bb"/>
      </symbol>
      <symbol id="sm-26d">
         <name>__sys_memory</name>
         <value>0x8000cb58</value>
         <object_component_ref idref="oc-56"/>
      </symbol>
      <symbol id="sm-26e">
         <name>_free</name>
         <value>0x80002ba0</value>
         <object_component_ref idref="oc-d7"/>
      </symbol>
      <symbol id="sm-26f">
         <name>_malloc</name>
         <value>0x800041e0</value>
         <object_component_ref idref="oc-f9"/>
      </symbol>
      <symbol id="sm-27a">
         <name>_memset</name>
         <value>0x800054c0</value>
         <object_component_ref idref="oc-e0"/>
      </symbol>
      <symbol id="sm-28c">
         <name>_printf</name>
         <value>0x800066a0</value>
         <object_component_ref idref="oc-c7"/>
      </symbol>
      <symbol id="sm-296">
         <name>_remove</name>
         <value>0x80006c00</value>
         <object_component_ref idref="oc-d9"/>
      </symbol>
      <symbol id="sm-2c0">
         <name>_HOSTopen</name>
         <value>0x80005060</value>
         <object_component_ref idref="oc-b2"/>
      </symbol>
      <symbol id="sm-2c1">
         <name>_HOSTread</name>
         <value>0x80005140</value>
         <object_component_ref idref="oc-b4"/>
      </symbol>
      <symbol id="sm-2c2">
         <name>_HOSTrename</name>
         <value>0x80004060</value>
         <object_component_ref idref="oc-b8"/>
      </symbol>
      <symbol id="sm-2c3">
         <name>_HOSTwrite</name>
         <value>0x80005660</value>
         <object_component_ref idref="oc-b5"/>
      </symbol>
      <symbol id="sm-2c4">
         <name>_HOSTlseek</name>
         <value>0x80004c60</value>
         <object_component_ref idref="oc-b6"/>
      </symbol>
      <symbol id="sm-2c5">
         <name>_HOSTunlink</name>
         <value>0x800055a0</value>
         <object_component_ref idref="oc-b7"/>
      </symbol>
      <symbol id="sm-2c6">
         <name>_HOSTclose</name>
         <value>0x80005d20</value>
         <object_component_ref idref="oc-b3"/>
      </symbol>
      <symbol id="sm-2d6">
         <name>C$$IO$$</name>
         <value>0x80006998</value>
         <object_component_ref idref="oc-be"/>
      </symbol>
      <symbol id="sm-2d7">
         <name>__CIOBUF_</name>
         <value>0x8000d358</value>
         <object_component_ref idref="oc-67"/>
      </symbol>
      <symbol id="sm-2d8">
         <name>_readmsg</name>
         <value>0x80006720</value>
         <object_component_ref idref="oc-bf"/>
      </symbol>
      <symbol id="sm-2d9">
         <name>_writemsg</name>
         <value>0x80006940</value>
         <object_component_ref idref="oc-be"/>
      </symbol>
      <symbol id="sm-2e8">
         <name>__wrt_ok</name>
         <value>0x80004f60</value>
         <object_component_ref idref="oc-e7"/>
      </symbol>
      <symbol id="sm-2f6">
         <name>__unlock</name>
         <value>0x8000b730</value>
         <object_component_ref idref="oc-6f"/>
      </symbol>
      <symbol id="sm-2f7">
         <name>__lock</name>
         <value>0x8000b72c</value>
         <object_component_ref idref="oc-6f"/>
      </symbol>
      <symbol id="sm-2f8">
         <name>__nop</name>
         <value>0x80006b40</value>
         <object_component_ref idref="oc-b9"/>
      </symbol>
      <symbol id="sm-405">
         <name>__printfi</name>
         <value>0x80001720</value>
         <object_component_ref idref="oc-d0"/>
      </symbol>
      <symbol id="sm-40f">
         <name>__args_main</name>
         <value>0x80006a20</value>
         <object_component_ref idref="oc-b0"/>
      </symbol>
      <symbol id="sm-410">
         <name>__TI_args_main</name>
         <value>0x1</value>
      </symbol>
      <symbol id="sm-41e">
         <name>_atoi</name>
         <value>0x80005220</value>
         <object_component_ref idref="oc-e8"/>
      </symbol>
      <symbol id="sm-430">
         <name>__auto_init</name>
         <value>0x80004d60</value>
         <object_component_ref idref="oc-af"/>
      </symbol>
      <symbol id="sm-43e">
         <name>_copy_in</name>
         <value>0x800060e0</value>
         <object_component_ref idref="oc-ba"/>
      </symbol>
      <symbol id="sm-446">
         <name>__ctypes_</name>
         <value>0x8000a598</value>
         <object_component_ref idref="oc-ef"/>
      </symbol>
      <symbol id="sm-450">
         <name>__tmpnams</name>
         <value>0x8000b3e8</value>
         <object_component_ref idref="oc-86"/>
      </symbol>
      <symbol id="sm-451">
         <name>__ft_end</name>
         <value>0x8000b528</value>
         <object_component_ref idref="oc-86"/>
      </symbol>
      <symbol id="sm-452">
         <name>__ftable</name>
         <value>0x8000b208</value>
         <object_component_ref idref="oc-86"/>
      </symbol>
      <symbol id="sm-464">
         <name>__divd</name>
         <value>0x800006c0</value>
         <object_component_ref idref="oc-ff"/>
      </symbol>
      <symbol id="sm-471">
         <name>__fixdli</name>
         <value>0x80005fa0</value>
         <object_component_ref idref="oc-101"/>
      </symbol>
      <symbol id="sm-47c">
         <name>__fltlid</name>
         <value>0x800064a0</value>
         <object_component_ref idref="oc-103"/>
      </symbol>
      <symbol id="sm-486">
         <name>__frcmpyd_div</name>
         <value>0x80006a60</value>
         <object_component_ref idref="oc-105"/>
      </symbol>
      <symbol id="sm-496">
         <name>__divul</name>
         <value>0x80003ec0</value>
         <object_component_ref idref="oc-106"/>
      </symbol>
      <symbol id="sm-497">
         <name>__remli</name>
         <value>0x80006ae0</value>
         <object_component_ref idref="oc-108"/>
      </symbol>
      <symbol id="sm-498">
         <name>__divli</name>
         <value>0x80005dc0</value>
         <object_component_ref idref="oc-109"/>
      </symbol>
      <symbol id="sm-4ac">
         <name>__subcull</name>
         <value>0x80006820</value>
         <object_component_ref idref="oc-10b"/>
      </symbol>
      <symbol id="sm-4ad">
         <name>__divull</name>
         <value>0x80002e20</value>
         <object_component_ref idref="oc-107"/>
      </symbol>
      <symbol id="sm-4b7">
         <name>___isinf</name>
         <value>0x800069a0</value>
         <object_component_ref idref="oc-f1"/>
      </symbol>
      <symbol id="sm-4c5">
         <name>__llshl</name>
         <value>0x80006520</value>
         <object_component_ref idref="oc-10a"/>
      </symbol>
      <symbol id="sm-4c6">
         <name>__llshru</name>
         <value>0x80006aa0</value>
         <object_component_ref idref="oc-104"/>
      </symbol>
      <symbol id="sm-4d3">
         <name>_ltoa</name>
         <value>0x80005ba0</value>
         <object_component_ref idref="oc-102"/>
      </symbol>
      <symbol id="sm-4e0">
         <name>_memccpy</name>
         <value>0x800068e0</value>
         <object_component_ref idref="oc-eb"/>
      </symbol>
      <symbol id="sm-4ea">
         <name>__negll</name>
         <value>0x80006b20</value>
         <object_component_ref idref="oc-f6"/>
      </symbol>
      <symbol id="sm-4fb">
         <name>_setvbuf</name>
         <value>0x800044e0</value>
         <object_component_ref idref="oc-ee"/>
      </symbol>
   </symbol_table>
</link_info>
