<?xml version="1.0"?>
<link_info>
   <banner>TMS320C6x Linker Unix v7.3.23</banner>
   <copyright>Copyright (c) 1996-2015 Texas Instruments Incorporated</copyright>
   <link_time>0x697b88b2</link_time>
   <output_file>C_dsp.out</output_file>
   <entry_point>
      <name>_c_int00</name>
      <address>0x65c0</address>
   </entry_point>
   <input_file_list>
      <input_file id="fl-2">
         <path>./src/</path>
         <kind>object</kind>
         <file>filter.obj</file>
         <name>filter.obj</name>
      </input_file>
      <input_file id="fl-3">
         <path>./src/</path>
         <kind>object</kind>
         <file>main.obj</file>
         <name>main.obj</name>
      </input_file>
      <input_file id="fl-71">
         <path>/home/preben/myApps/ti/ccs1280/ccs/tools/compiler/c6000_7.3.23/lib/</path>
         <kind>archive</kind>
         <file>rts6740.lib</file>
         <name>boot.obj</name>
      </input_file>
      <input_file id="fl-72">
         <path>/home/preben/myApps/ti/ccs1280/ccs/tools/compiler/c6000_7.3.23/lib/</path>
         <kind>archive</kind>
         <file>rts6740.lib</file>
         <name>divf.obj</name>
      </input_file>
      <input_file id="fl-73">
         <path>/home/preben/myApps/ti/ccs1280/ccs/tools/compiler/c6000_7.3.23/lib/</path>
         <kind>archive</kind>
         <file>rts6740.lib</file>
         <name>divu.obj</name>
      </input_file>
      <input_file id="fl-74">
         <path>/home/preben/myApps/ti/ccs1280/ccs/tools/compiler/c6000_7.3.23/lib/</path>
         <kind>archive</kind>
         <file>rts6740.lib</file>
         <name>exit.obj</name>
      </input_file>
      <input_file id="fl-75">
         <path>/home/preben/myApps/ti/ccs1280/ccs/tools/compiler/c6000_7.3.23/lib/</path>
         <kind>archive</kind>
         <file>rts6740.lib</file>
         <name>fclose.obj</name>
      </input_file>
      <input_file id="fl-76">
         <path>/home/preben/myApps/ti/ccs1280/ccs/tools/compiler/c6000_7.3.23/lib/</path>
         <kind>archive</kind>
         <file>rts6740.lib</file>
         <name>fflush.obj</name>
      </input_file>
      <input_file id="fl-77">
         <path>/home/preben/myApps/ti/ccs1280/ccs/tools/compiler/c6000_7.3.23/lib/</path>
         <kind>archive</kind>
         <file>rts6740.lib</file>
         <name>fopen.obj</name>
      </input_file>
      <input_file id="fl-78">
         <path>/home/preben/myApps/ti/ccs1280/ccs/tools/compiler/c6000_7.3.23/lib/</path>
         <kind>archive</kind>
         <file>rts6740.lib</file>
         <name>fprintf.obj</name>
      </input_file>
      <input_file id="fl-79">
         <path>/home/preben/myApps/ti/ccs1280/ccs/tools/compiler/c6000_7.3.23/lib/</path>
         <kind>archive</kind>
         <file>rts6740.lib</file>
         <name>fputc.obj</name>
      </input_file>
      <input_file id="fl-7a">
         <path>/home/preben/myApps/ti/ccs1280/ccs/tools/compiler/c6000_7.3.23/lib/</path>
         <kind>archive</kind>
         <file>rts6740.lib</file>
         <name>fputs.obj</name>
      </input_file>
      <input_file id="fl-7b">
         <path>/home/preben/myApps/ti/ccs1280/ccs/tools/compiler/c6000_7.3.23/lib/</path>
         <kind>archive</kind>
         <file>rts6740.lib</file>
         <name>fseek.obj</name>
      </input_file>
      <input_file id="fl-7c">
         <path>/home/preben/myApps/ti/ccs1280/ccs/tools/compiler/c6000_7.3.23/lib/</path>
         <kind>archive</kind>
         <file>rts6740.lib</file>
         <name>lowlev.obj</name>
      </input_file>
      <input_file id="fl-7d">
         <path>/home/preben/myApps/ti/ccs1280/ccs/tools/compiler/c6000_7.3.23/lib/</path>
         <kind>archive</kind>
         <file>rts6740.lib</file>
         <name>memcpy64.obj</name>
      </input_file>
      <input_file id="fl-7e">
         <path>/home/preben/myApps/ti/ccs1280/ccs/tools/compiler/c6000_7.3.23/lib/</path>
         <kind>archive</kind>
         <file>rts6740.lib</file>
         <name>memory.obj</name>
      </input_file>
      <input_file id="fl-7f">
         <path>/home/preben/myApps/ti/ccs1280/ccs/tools/compiler/c6000_7.3.23/lib/</path>
         <kind>archive</kind>
         <file>rts6740.lib</file>
         <name>memset.obj</name>
      </input_file>
      <input_file id="fl-80">
         <path>/home/preben/myApps/ti/ccs1280/ccs/tools/compiler/c6000_7.3.23/lib/</path>
         <kind>archive</kind>
         <file>rts6740.lib</file>
         <name>printf.obj</name>
      </input_file>
      <input_file id="fl-81">
         <path>/home/preben/myApps/ti/ccs1280/ccs/tools/compiler/c6000_7.3.23/lib/</path>
         <kind>archive</kind>
         <file>rts6740.lib</file>
         <name>remove.obj</name>
      </input_file>
      <input_file id="fl-82">
         <path>/home/preben/myApps/ti/ccs1280/ccs/tools/compiler/c6000_7.3.23/lib/</path>
         <kind>archive</kind>
         <file>rts6740.lib</file>
         <name>trgdrv.obj</name>
      </input_file>
      <input_file id="fl-83">
         <path>/home/preben/myApps/ti/ccs1280/ccs/tools/compiler/c6000_7.3.23/lib/</path>
         <kind>archive</kind>
         <file>rts6740.lib</file>
         <name>trgmsg.obj</name>
      </input_file>
      <input_file id="fl-84">
         <path>/home/preben/myApps/ti/ccs1280/ccs/tools/compiler/c6000_7.3.23/lib/</path>
         <kind>archive</kind>
         <file>rts6740.lib</file>
         <name>_io_perm.obj</name>
      </input_file>
      <input_file id="fl-85">
         <path>/home/preben/myApps/ti/ccs1280/ccs/tools/compiler/c6000_7.3.23/lib/</path>
         <kind>archive</kind>
         <file>rts6740.lib</file>
         <name>_lock.obj</name>
      </input_file>
      <input_file id="fl-86">
         <path>/home/preben/myApps/ti/ccs1280/ccs/tools/compiler/c6000_7.3.23/lib/</path>
         <kind>archive</kind>
         <file>rts6740.lib</file>
         <name>_printfi.obj</name>
      </input_file>
      <input_file id="fl-87">
         <path>/home/preben/myApps/ti/ccs1280/ccs/tools/compiler/c6000_7.3.23/lib/</path>
         <kind>archive</kind>
         <file>rts6740.lib</file>
         <name>args_main.obj</name>
      </input_file>
      <input_file id="fl-88">
         <path>/home/preben/myApps/ti/ccs1280/ccs/tools/compiler/c6000_7.3.23/lib/</path>
         <kind>archive</kind>
         <file>rts6740.lib</file>
         <name>atoi.obj</name>
      </input_file>
      <input_file id="fl-89">
         <path>/home/preben/myApps/ti/ccs1280/ccs/tools/compiler/c6000_7.3.23/lib/</path>
         <kind>archive</kind>
         <file>rts6740.lib</file>
         <name>autoinit.obj</name>
      </input_file>
      <input_file id="fl-8a">
         <path>/home/preben/myApps/ti/ccs1280/ccs/tools/compiler/c6000_7.3.23/lib/</path>
         <kind>archive</kind>
         <file>rts6740.lib</file>
         <name>cpy_tbl.obj</name>
      </input_file>
      <input_file id="fl-8b">
         <path>/home/preben/myApps/ti/ccs1280/ccs/tools/compiler/c6000_7.3.23/lib/</path>
         <kind>archive</kind>
         <file>rts6740.lib</file>
         <name>ctype.obj</name>
      </input_file>
      <input_file id="fl-8c">
         <path>/home/preben/myApps/ti/ccs1280/ccs/tools/compiler/c6000_7.3.23/lib/</path>
         <kind>archive</kind>
         <file>rts6740.lib</file>
         <name>defs.obj</name>
      </input_file>
      <input_file id="fl-8d">
         <path>/home/preben/myApps/ti/ccs1280/ccs/tools/compiler/c6000_7.3.23/lib/</path>
         <kind>archive</kind>
         <file>rts6740.lib</file>
         <name>divd.obj</name>
      </input_file>
      <input_file id="fl-8e">
         <path>/home/preben/myApps/ti/ccs1280/ccs/tools/compiler/c6000_7.3.23/lib/</path>
         <kind>archive</kind>
         <file>rts6740.lib</file>
         <name>fixdli.obj</name>
      </input_file>
      <input_file id="fl-8f">
         <path>/home/preben/myApps/ti/ccs1280/ccs/tools/compiler/c6000_7.3.23/lib/</path>
         <kind>archive</kind>
         <file>rts6740.lib</file>
         <name>fltlid.obj</name>
      </input_file>
      <input_file id="fl-90">
         <path>/home/preben/myApps/ti/ccs1280/ccs/tools/compiler/c6000_7.3.23/lib/</path>
         <kind>archive</kind>
         <file>rts6740.lib</file>
         <name>frcmpyd_div.obj</name>
      </input_file>
      <input_file id="fl-91">
         <path>/home/preben/myApps/ti/ccs1280/ccs/tools/compiler/c6000_7.3.23/lib/</path>
         <kind>archive</kind>
         <file>rts6740.lib</file>
         <name>imath40.obj</name>
      </input_file>
      <input_file id="fl-92">
         <path>/home/preben/myApps/ti/ccs1280/ccs/tools/compiler/c6000_7.3.23/lib/</path>
         <kind>archive</kind>
         <file>rts6740.lib</file>
         <name>imath64.obj</name>
      </input_file>
      <input_file id="fl-93">
         <path>/home/preben/myApps/ti/ccs1280/ccs/tools/compiler/c6000_7.3.23/lib/</path>
         <kind>archive</kind>
         <file>rts6740.lib</file>
         <name>isinf.obj</name>
      </input_file>
      <input_file id="fl-94">
         <path>/home/preben/myApps/ti/ccs1280/ccs/tools/compiler/c6000_7.3.23/lib/</path>
         <kind>archive</kind>
         <file>rts6740.lib</file>
         <name>llshift.obj</name>
      </input_file>
      <input_file id="fl-95">
         <path>/home/preben/myApps/ti/ccs1280/ccs/tools/compiler/c6000_7.3.23/lib/</path>
         <kind>archive</kind>
         <file>rts6740.lib</file>
         <name>ltoa.obj</name>
      </input_file>
      <input_file id="fl-96">
         <path>/home/preben/myApps/ti/ccs1280/ccs/tools/compiler/c6000_7.3.23/lib/</path>
         <kind>archive</kind>
         <file>rts6740.lib</file>
         <name>memccpy.obj</name>
      </input_file>
      <input_file id="fl-97">
         <path>/home/preben/myApps/ti/ccs1280/ccs/tools/compiler/c6000_7.3.23/lib/</path>
         <kind>archive</kind>
         <file>rts6740.lib</file>
         <name>negll.obj</name>
      </input_file>
      <input_file id="fl-98">
         <path>/home/preben/myApps/ti/ccs1280/ccs/tools/compiler/c6000_7.3.23/lib/</path>
         <kind>archive</kind>
         <file>rts6740.lib</file>
         <name>setvbuf.obj</name>
      </input_file>
      <input_file id="fl-99">
         <path>/home/preben/myApps/ti/ccs1280/ccs/tools/compiler/c6000_7.3.23/lib/</path>
         <kind>archive</kind>
         <file>rts6740.lib</file>
         <name>abs.obj</name>
      </input_file>
   </input_file_list>
   <object_component_list>
      <object_component id="oc-b1">
         <name>.text</name>
         <load_address>0x20</load_address>
         <run_address>0x20</run_address>
         <size>0x6c0</size>
         <input_file_ref idref="fl-2"/>
      </object_component>
      <object_component id="oc-ea">
         <name>.text:__divd</name>
         <load_address>0x6e0</load_address>
         <run_address>0x6e0</run_address>
         <size>0x5a0</size>
         <input_file_ref idref="fl-8d"/>
      </object_component>
      <object_component id="oc-e0">
         <name>.text:__getarg_diouxp</name>
         <load_address>0xc80</load_address>
         <run_address>0xc80</run_address>
         <size>0x580</size>
         <input_file_ref idref="fl-86"/>
      </object_component>
      <object_component id="oc-c9">
         <name>.text:__setfield</name>
         <load_address>0x1200</load_address>
         <run_address>0x1200</run_address>
         <size>0x540</size>
         <input_file_ref idref="fl-86"/>
      </object_component>
      <object_component id="oc-bb">
         <name>.text:__printfi</name>
         <load_address>0x1740</load_address>
         <run_address>0x1740</run_address>
         <size>0x440</size>
         <input_file_ref idref="fl-86"/>
      </object_component>
      <object_component id="oc-c5">
         <name>.text:_fputs</name>
         <load_address>0x1b80</load_address>
         <run_address>0x1b80</run_address>
         <size>0x300</size>
         <input_file_ref idref="fl-7a"/>
      </object_component>
      <object_component id="oc-d4">
         <name>.text:__pproc_fge</name>
         <load_address>0x1e80</load_address>
         <run_address>0x1e80</run_address>
         <size>0x2c0</size>
         <input_file_ref idref="fl-86"/>
      </object_component>
      <object_component id="oc-c8">
         <name>.text:__pproc_fwp</name>
         <load_address>0x2140</load_address>
         <run_address>0x2140</run_address>
         <size>0x2c0</size>
         <input_file_ref idref="fl-86"/>
      </object_component>
      <object_component id="oc-e5">
         <name>.text:_ecvt</name>
         <load_address>0x2400</load_address>
         <run_address>0x2400</run_address>
         <size>0x2a0</size>
         <input_file_ref idref="fl-86"/>
      </object_component>
      <object_component id="oc-e8">
         <name>.text:_fcvt</name>
         <load_address>0x26a0</load_address>
         <run_address>0x26a0</run_address>
         <size>0x2a0</size>
         <input_file_ref idref="fl-86"/>
      </object_component>
      <object_component id="oc-b3">
         <name>.text:__divf</name>
         <load_address>0x2940</load_address>
         <run_address>0x2940</run_address>
         <size>0x280</size>
         <input_file_ref idref="fl-72"/>
      </object_component>
      <object_component id="oc-c2">
         <name>.text:_free</name>
         <load_address>0x2bc0</load_address>
         <run_address>0x2bc0</run_address>
         <size>0x280</size>
         <input_file_ref idref="fl-7e"/>
      </object_component>
      <object_component id="oc-f2">
         <name>.text:__divull</name>
         <load_address>0x2e40</load_address>
         <run_address>0x2e40</run_address>
         <size>0x260</size>
         <input_file_ref idref="fl-92"/>
      </object_component>
      <object_component id="oc-df">
         <name>.text:__pconv_e</name>
         <load_address>0x30a0</load_address>
         <run_address>0x30a0</run_address>
         <size>0x260</size>
         <input_file_ref idref="fl-86"/>
      </object_component>
      <object_component id="oc-d5">
         <name>.text:__pproc_diouxp</name>
         <load_address>0x3300</load_address>
         <run_address>0x3300</run_address>
         <size>0x240</size>
         <input_file_ref idref="fl-86"/>
      </object_component>
      <object_component id="oc-ca">
         <name>.text:__pproc_str</name>
         <load_address>0x3540</load_address>
         <run_address>0x3540</run_address>
         <size>0x220</size>
         <input_file_ref idref="fl-86"/>
      </object_component>
      <object_component id="oc-dd">
         <name>.text:__pconv_g</name>
         <load_address>0x3760</load_address>
         <run_address>0x3760</run_address>
         <size>0x200</size>
         <input_file_ref idref="fl-86"/>
      </object_component>
      <object_component id="oc-a7">
         <name>.text</name>
         <load_address>0x3960</load_address>
         <run_address>0x3960</run_address>
         <size>0x200</size>
         <input_file_ref idref="fl-3"/>
      </object_component>
      <object_component id="oc-e7">
         <name>.text:__mcpy</name>
         <load_address>0x3b60</load_address>
         <run_address>0x3b60</run_address>
         <size>0x1c0</size>
         <input_file_ref idref="fl-86"/>
      </object_component>
      <object_component id="oc-bd">
         <name>.text:__openfile</name>
         <load_address>0x3d20</load_address>
         <run_address>0x3d20</run_address>
         <size>0x1c0</size>
         <input_file_ref idref="fl-77"/>
      </object_component>
      <object_component id="oc-f1">
         <name>.text:__divul</name>
         <load_address>0x3ee0</load_address>
         <run_address>0x3ee0</run_address>
         <size>0x1a0</size>
         <input_file_ref idref="fl-91"/>
      </object_component>
      <object_component id="oc-a3">
         <name>.text:_HOSTrename</name>
         <load_address>0x4080</load_address>
         <run_address>0x4080</run_address>
         <size>0x180</size>
         <input_file_ref idref="fl-82"/>
      </object_component>
      <object_component id="oc-e4">
         <name>.text:_malloc</name>
         <load_address>0x4200</load_address>
         <run_address>0x4200</run_address>
         <size>0x180</size>
         <input_file_ref idref="fl-7e"/>
      </object_component>
      <object_component id="oc-cd">
         <name>.text:_open</name>
         <load_address>0x4380</load_address>
         <run_address>0x4380</run_address>
         <size>0x180</size>
         <input_file_ref idref="fl-7c"/>
      </object_component>
      <object_component id="oc-d9">
         <name>.text:_setvbuf</name>
         <load_address>0x4500</load_address>
         <run_address>0x4500</run_address>
         <size>0x180</size>
         <input_file_ref idref="fl-98"/>
      </object_component>
      <object_component id="oc-c7">
         <name>.text:__pproc_fflags</name>
         <load_address>0x4680</load_address>
         <run_address>0x4680</run_address>
         <size>0x140</size>
         <input_file_ref idref="fl-86"/>
      </object_component>
      <object_component id="oc-c6">
         <name>.text:_fputc</name>
         <load_address>0x47c0</load_address>
         <run_address>0x47c0</run_address>
         <size>0x140</size>
         <input_file_ref idref="fl-79"/>
      </object_component>
      <object_component id="oc-d8">
         <name>.text:_getdevice</name>
         <load_address>0x4900</load_address>
         <run_address>0x4900</run_address>
         <size>0x140</size>
         <input_file_ref idref="fl-7c"/>
      </object_component>
      <object_component id="oc-bc">
         <name>.text:__search_fp</name>
         <load_address>0x4a40</load_address>
         <run_address>0x4a40</run_address>
         <size>0x120</size>
         <input_file_ref idref="fl-77"/>
      </object_component>
      <object_component id="oc-b8">
         <name>.text:_fclose</name>
         <load_address>0x4b60</load_address>
         <run_address>0x4b60</run_address>
         <size>0x120</size>
         <input_file_ref idref="fl-75"/>
      </object_component>
      <object_component id="oc-a1">
         <name>.text:_HOSTlseek</name>
         <load_address>0x4c80</load_address>
         <run_address>0x4c80</run_address>
         <size>0x100</size>
         <input_file_ref idref="fl-82"/>
      </object_component>
      <object_component id="oc-9a">
         <name>.text:__auto_init</name>
         <load_address>0x4d80</load_address>
         <run_address>0x4d80</run_address>
         <size>0x100</size>
         <input_file_ref idref="fl-89"/>
      </object_component>
      <object_component id="oc-e2">
         <name>.text:__ltostr</name>
         <load_address>0x4e80</load_address>
         <run_address>0x4e80</run_address>
         <size>0x100</size>
         <input_file_ref idref="fl-86"/>
      </object_component>
      <object_component id="oc-d2">
         <name>.text:__wrt_ok</name>
         <load_address>0x4f80</load_address>
         <run_address>0x4f80</run_address>
         <size>0x100</size>
         <input_file_ref idref="fl-84"/>
      </object_component>
      <object_component id="oc-9d">
         <name>.text:_HOSTopen</name>
         <load_address>0x5080</load_address>
         <run_address>0x5080</run_address>
         <size>0xe0</size>
         <input_file_ref idref="fl-82"/>
      </object_component>
      <object_component id="oc-9f">
         <name>.text:_HOSTread</name>
         <load_address>0x5160</load_address>
         <run_address>0x5160</run_address>
         <size>0xe0</size>
         <input_file_ref idref="fl-82"/>
      </object_component>
      <object_component id="oc-d3">
         <name>.text:_atoi</name>
         <load_address>0x5240</load_address>
         <run_address>0x5240</run_address>
         <size>0xe0</size>
         <input_file_ref idref="fl-88"/>
      </object_component>
      <object_component id="oc-c3">
         <name>.text:_close</name>
         <load_address>0x5320</load_address>
         <run_address>0x5320</run_address>
         <size>0xe0</size>
         <input_file_ref idref="fl-7c"/>
      </object_component>
      <object_component id="oc-9c">
         <name>.text:_exit</name>
         <load_address>0x5400</load_address>
         <run_address>0x5400</run_address>
         <size>0xe0</size>
         <input_file_ref idref="fl-74"/>
      </object_component>
      <object_component id="oc-cb">
         <name>.text:_memset</name>
         <load_address>0x54e0</load_address>
         <run_address>0x54e0</run_address>
         <size>0xe0</size>
         <input_file_ref idref="fl-7f"/>
      </object_component>
      <object_component id="oc-a2">
         <name>.text:_HOSTunlink</name>
         <load_address>0x55c0</load_address>
         <run_address>0x55c0</run_address>
         <size>0xc0</size>
         <input_file_ref idref="fl-82"/>
      </object_component>
      <object_component id="oc-a0">
         <name>.text:_HOSTwrite</name>
         <load_address>0x5680</load_address>
         <run_address>0x5680</run_address>
         <size>0xc0</size>
         <input_file_ref idref="fl-82"/>
      </object_component>
      <object_component id="oc-cc">
         <name>.text:__cleanup</name>
         <load_address>0x5740</load_address>
         <run_address>0x5740</run_address>
         <size>0xc0</size>
         <input_file_ref idref="fl-77"/>
      </object_component>
      <object_component id="oc-eb">
         <name>.text:__div</name>
         <load_address>0x5800</load_address>
         <run_address>0x5800</run_address>
         <size>0xc0</size>
         <input_file_ref idref="fl-86"/>
      </object_component>
      <object_component id="oc-b4">
         <name>.text:__divu</name>
         <load_address>0x58c0</load_address>
         <run_address>0x58c0</run_address>
         <size>0xc0</size>
         <input_file_ref idref="fl-73"/>
      </object_component>
      <object_component id="oc-c0">
         <name>.text:__doflush</name>
         <load_address>0x5980</load_address>
         <run_address>0x5980</run_address>
         <size>0xc0</size>
         <input_file_ref idref="fl-76"/>
      </object_component>
      <object_component id="oc-b7">
         <name>.text:_fseek</name>
         <load_address>0x5a40</load_address>
         <run_address>0x5a40</run_address>
         <size>0xc0</size>
         <input_file_ref idref="fl-7b"/>
      </object_component>
      <object_component id="oc-c1">
         <name>.text:_lseek</name>
         <load_address>0x5b00</load_address>
         <run_address>0x5b00</run_address>
         <size>0xc0</size>
         <input_file_ref idref="fl-7c"/>
      </object_component>
      <object_component id="oc-ed">
         <name>.text:_ltoa</name>
         <load_address>0x5bc0</load_address>
         <run_address>0x5bc0</run_address>
         <size>0xc0</size>
         <input_file_ref idref="fl-95"/>
      </object_component>
      <object_component id="oc-ce">
         <name>.text:_write</name>
         <load_address>0x5c80</load_address>
         <run_address>0x5c80</run_address>
         <size>0xc0</size>
         <input_file_ref idref="fl-7c"/>
      </object_component>
      <object_component id="oc-9e">
         <name>.text:_HOSTclose</name>
         <load_address>0x5d40</load_address>
         <run_address>0x5d40</run_address>
         <size>0xa0</size>
         <input_file_ref idref="fl-82"/>
      </object_component>
      <object_component id="oc-f4">
         <name>.text:__divli</name>
         <load_address>0x5de0</load_address>
         <run_address>0x5de0</run_address>
         <size>0xa0</size>
         <input_file_ref idref="fl-91"/>
      </object_component>
      <object_component id="oc-e6">
         <name>.text:__ecpy</name>
         <load_address>0x5e80</load_address>
         <run_address>0x5e80</run_address>
         <size>0xa0</size>
         <input_file_ref idref="fl-86"/>
      </object_component>
      <object_component id="oc-e9">
         <name>.text:__fcpy</name>
         <load_address>0x5f20</load_address>
         <run_address>0x5f20</run_address>
         <size>0xa0</size>
         <input_file_ref idref="fl-86"/>
      </object_component>
      <object_component id="oc-ec">
         <name>.text:__fixdli</name>
         <load_address>0x5fc0</load_address>
         <run_address>0x5fc0</run_address>
         <size>0xa0</size>
         <input_file_ref idref="fl-8e"/>
      </object_component>
      <object_component id="oc-de">
         <name>.text:__pconv_f</name>
         <load_address>0x6060</load_address>
         <run_address>0x6060</run_address>
         <size>0xa0</size>
         <input_file_ref idref="fl-86"/>
      </object_component>
      <object_component id="oc-a5">
         <name>.text:_copy_in</name>
         <load_address>0x6100</load_address>
         <run_address>0x6100</run_address>
         <size>0xa0</size>
         <input_file_ref idref="fl-8a"/>
      </object_component>
      <object_component id="oc-e3">
         <name>.text:_finddevice</name>
         <load_address>0x61a0</load_address>
         <run_address>0x61a0</run_address>
         <size>0xa0</size>
         <input_file_ref idref="fl-7c"/>
      </object_component>
      <object_component id="oc-a6">
         <name>.text:_memcpy</name>
         <load_address>0x6240</load_address>
         <run_address>0x6240</run_address>
         <size>0xa0</size>
         <input_file_ref idref="fl-7d"/>
      </object_component>
      <object_component id="oc-d0">
         <name>.text:_minsert</name>
         <load_address>0x62e0</load_address>
         <run_address>0x62e0</run_address>
         <size>0xa0</size>
         <input_file_ref idref="fl-7e"/>
      </object_component>
      <object_component id="oc-cf">
         <name>.text:_mremove</name>
         <load_address>0x6380</load_address>
         <run_address>0x6380</run_address>
         <size>0xa0</size>
         <input_file_ref idref="fl-7e"/>
      </object_component>
      <object_component id="oc-d7">
         <name>.text:_tabinit</name>
         <load_address>0x6420</load_address>
         <run_address>0x6420</run_address>
         <size>0xa0</size>
         <input_file_ref idref="fl-7c"/>
      </object_component>
      <object_component id="oc-ee">
         <name>.text:__fltlid</name>
         <load_address>0x64c0</load_address>
         <run_address>0x64c0</run_address>
         <size>0x80</size>
         <input_file_ref idref="fl-8f"/>
      </object_component>
      <object_component id="oc-f5">
         <name>.text:__llshl</name>
         <load_address>0x6540</load_address>
         <run_address>0x6540</run_address>
         <size>0x80</size>
         <input_file_ref idref="fl-94"/>
      </object_component>
      <object_component id="oc-2">
         <name>.text:_c_int00</name>
         <load_address>0x65c0</load_address>
         <run_address>0x65c0</run_address>
         <size>0x80</size>
         <input_file_ref idref="fl-71"/>
      </object_component>
      <object_component id="oc-b6">
         <name>.text:_fprintf</name>
         <load_address>0x6640</load_address>
         <run_address>0x6640</run_address>
         <size>0x80</size>
         <input_file_ref idref="fl-78"/>
      </object_component>
      <object_component id="oc-b2">
         <name>.text:_printf</name>
         <load_address>0x66c0</load_address>
         <run_address>0x66c0</run_address>
         <size>0x80</size>
         <input_file_ref idref="fl-80"/>
      </object_component>
      <object_component id="oc-aa">
         <name>.text:_readmsg</name>
         <load_address>0x6740</load_address>
         <run_address>0x6740</run_address>
         <size>0x80</size>
         <input_file_ref idref="fl-83"/>
      </object_component>
      <object_component id="oc-d1">
         <name>.text:_unlink</name>
         <load_address>0x67c0</load_address>
         <run_address>0x67c0</run_address>
         <size>0x80</size>
         <input_file_ref idref="fl-7c"/>
      </object_component>
      <object_component id="oc-f6">
         <name>.text:__subcull</name>
         <load_address>0x6840</load_address>
         <run_address>0x6840</run_address>
         <size>0x60</size>
         <input_file_ref idref="fl-92"/>
      </object_component>
      <object_component id="oc-b5">
         <name>.text:_fopen</name>
         <load_address>0x68a0</load_address>
         <run_address>0x68a0</run_address>
         <size>0x60</size>
         <input_file_ref idref="fl-77"/>
      </object_component>
      <object_component id="oc-d6">
         <name>.text:_memccpy</name>
         <load_address>0x6900</load_address>
         <run_address>0x6900</run_address>
         <size>0x60</size>
         <input_file_ref idref="fl-96"/>
      </object_component>
      <object_component id="oc-a9">
         <name>.text:_writemsg</name>
         <load_address>0x6960</load_address>
         <run_address>0x6960</run_address>
         <size>0x60</size>
         <input_file_ref idref="fl-83"/>
      </object_component>
      <object_component id="oc-dc">
         <name>.text:___isinf</name>
         <load_address>0x69c0</load_address>
         <run_address>0x69c0</run_address>
         <size>0x40</size>
         <input_file_ref idref="fl-93"/>
      </object_component>
      <object_component id="oc-db">
         <name>.text:___isnan</name>
         <load_address>0x6a00</load_address>
         <run_address>0x6a00</run_address>
         <size>0x40</size>
         <input_file_ref idref="fl-86"/>
      </object_component>
      <object_component id="oc-9b">
         <name>.text:__args_main</name>
         <load_address>0x6a40</load_address>
         <run_address>0x6a40</run_address>
         <size>0x40</size>
         <input_file_ref idref="fl-87"/>
      </object_component>
      <object_component id="oc-f0">
         <name>.text:__frcmpyd_div</name>
         <load_address>0x6a80</load_address>
         <run_address>0x6a80</run_address>
         <size>0x40</size>
         <input_file_ref idref="fl-90"/>
      </object_component>
      <object_component id="oc-ef">
         <name>.text:__llshru</name>
         <load_address>0x6ac0</load_address>
         <run_address>0x6ac0</run_address>
         <size>0x40</size>
         <input_file_ref idref="fl-94"/>
      </object_component>
      <object_component id="oc-f3">
         <name>.text:__remli</name>
         <load_address>0x6b00</load_address>
         <run_address>0x6b00</run_address>
         <size>0x40</size>
         <input_file_ref idref="fl-91"/>
      </object_component>
      <object_component id="oc-e1">
         <name>.text:__negll</name>
         <load_address>0x6b40</load_address>
         <run_address>0x6b40</run_address>
         <size>0x20</size>
         <input_file_ref idref="fl-97"/>
      </object_component>
      <object_component id="oc-a4">
         <name>.text:__nop</name>
         <load_address>0x6b60</load_address>
         <run_address>0x6b60</run_address>
         <size>0x20</size>
         <input_file_ref idref="fl-85"/>
      </object_component>
      <object_component id="oc-be">
         <name>.text:__outc</name>
         <load_address>0x6b80</load_address>
         <run_address>0x6b80</run_address>
         <size>0x20</size>
         <input_file_ref idref="fl-78"/>
      </object_component>
      <object_component id="oc-ba">
         <name>.text:__outc</name>
         <load_address>0x6ba0</load_address>
         <run_address>0x6ba0</run_address>
         <size>0x20</size>
         <input_file_ref idref="fl-80"/>
      </object_component>
      <object_component id="oc-bf">
         <name>.text:__outs</name>
         <load_address>0x6bc0</load_address>
         <run_address>0x6bc0</run_address>
         <size>0x20</size>
         <input_file_ref idref="fl-78"/>
      </object_component>
      <object_component id="oc-b9">
         <name>.text:__outs</name>
         <load_address>0x6be0</load_address>
         <run_address>0x6be0</run_address>
         <size>0x20</size>
         <input_file_ref idref="fl-80"/>
      </object_component>
      <object_component id="oc-a8">
         <name>.text:_abort</name>
         <load_address>0x6c00</load_address>
         <run_address>0x6c00</run_address>
         <size>0x20</size>
         <input_file_ref idref="fl-74"/>
      </object_component>
      <object_component id="oc-c4">
         <name>.text:_remove</name>
         <load_address>0x6c20</load_address>
         <run_address>0x6c20</run_address>
         <size>0x20</size>
         <input_file_ref idref="fl-81"/>
      </object_component>
      <object_component id="oc-ad">
         <name>.const:_$P$T2$3</name>
         <load_address>0x6c40</load_address>
         <run_address>0x6c40</run_address>
         <size>0xe10</size>
         <input_file_ref idref="fl-3"/>
      </object_component>
      <object_component id="oc-ae">
         <name>.const:_$P$T3$4</name>
         <load_address>0x7a50</load_address>
         <run_address>0x7a50</run_address>
         <size>0xe10</size>
         <input_file_ref idref="fl-3"/>
      </object_component>
      <object_component id="oc-af">
         <name>.const:_$P$T4$5</name>
         <load_address>0x8860</load_address>
         <run_address>0x8860</run_address>
         <size>0xe10</size>
         <input_file_ref idref="fl-3"/>
      </object_component>
      <object_component id="oc-b0">
         <name>.const:_$P$T5$6</name>
         <load_address>0x9670</load_address>
         <run_address>0x9670</run_address>
         <size>0xe10</size>
         <input_file_ref idref="fl-3"/>
      </object_component>
      <object_component id="oc-4">
         <name>.const:.string</name>
         <load_address>0xa480</load_address>
         <run_address>0xa480</run_address>
         <size>0x134</size>
         <input_file_ref idref="fl-2"/>
      </object_component>
      <object_component id="oc-30">
         <name>.const:.string</name>
         <load_address>0xa5b4</load_address>
         <run_address>0xa5b4</run_address>
         <size>0x2</size>
         <input_file_ref idref="fl-7a"/>
      </object_component>
      <object_component id="oc-da">
         <name>.const:.string:__ctypes_</name>
         <load_address>0xa5b8</load_address>
         <run_address>0xa5b8</run_address>
         <size>0x101</size>
         <input_file_ref idref="fl-8b"/>
      </object_component>
      <object_component id="oc-b">
         <name>.const:.string</name>
         <load_address>0xa6bc</load_address>
         <run_address>0xa6bc</run_address>
         <size>0x58</size>
         <input_file_ref idref="fl-3"/>
      </object_component>
      <object_component id="oc-ab">
         <name>.const:_$P$T0$1</name>
         <load_address>0xa718</load_address>
         <run_address>0xa718</run_address>
         <size>0x24</size>
         <input_file_ref idref="fl-3"/>
      </object_component>
      <object_component id="oc-ac">
         <name>.const:_$P$T1$2</name>
         <load_address>0xa740</load_address>
         <run_address>0xa740</run_address>
         <size>0x24</size>
         <input_file_ref idref="fl-3"/>
      </object_component>
      <object_component id="oc-5e">
         <name>.const:.string</name>
         <load_address>0xa764</load_address>
         <run_address>0xa764</run_address>
         <size>0x23</size>
         <input_file_ref idref="fl-86"/>
      </object_component>
      <object_component id="oc-9">
         <name>.cinit</name>
         <load_address>0xb760</load_address>
         <run_address>0xb760</run_address>
         <size>0xabc</size>
         <input_file_ref idref="fl-3"/>
      </object_component>
      <object_component id="oc-70">
         <name>.cinit</name>
         <load_address>0xc220</load_address>
         <run_address>0xc220</run_address>
         <size>0x5c</size>
         <input_file_ref idref="fl-8c"/>
      </object_component>
      <object_component id="oc-37">
         <name>.cinit</name>
         <load_address>0xc280</load_address>
         <run_address>0xc280</run_address>
         <size>0x5c</size>
         <input_file_ref idref="fl-7c"/>
      </object_component>
      <object_component id="oc-1a">
         <name>.cinit</name>
         <load_address>0xc2e0</load_address>
         <run_address>0xc2e0</run_address>
         <size>0x2c</size>
         <input_file_ref idref="fl-74"/>
      </object_component>
      <object_component id="oc-3f">
         <name>.cinit</name>
         <load_address>0xc310</load_address>
         <run_address>0xc310</run_address>
         <size>0x2c</size>
         <input_file_ref idref="fl-7e"/>
      </object_component>
      <object_component id="oc-59">
         <name>.cinit</name>
         <load_address>0xc340</load_address>
         <run_address>0xc340</run_address>
         <size>0x1c</size>
         <input_file_ref idref="fl-85"/>
      </object_component>
      <object_component id="oc-25">
         <name>.cinit</name>
         <load_address>0xc360</load_address>
         <run_address>0xc360</run_address>
         <size>0xc</size>
         <input_file_ref idref="fl-77"/>
      </object_component>
      <object_component id="oc-10">
         <name>.stack</name>
         <uninitialized>true</uninitialized>
         <run_address>0xc378</run_address>
         <size>0x8</size>
         <input_file_ref idref="fl-71"/>
      </object_component>
      <object_component id="oc-11a">
         <name>.stack</name>
         <uninitialized>true</uninitialized>
         <run_address>0xc378</run_address>
         <size>0x0</size>
      </object_component>
      <object_component id="oc-41">
         <name>.sysmem</name>
         <uninitialized>true</uninitialized>
         <run_address>0xcb78</run_address>
         <size>0x8</size>
         <input_file_ref idref="fl-7e"/>
      </object_component>
      <object_component id="oc-11b">
         <name>.sysmem</name>
         <uninitialized>true</uninitialized>
         <run_address>0xcb78</run_address>
         <size>0x0</size>
      </object_component>
      <object_component id="oc-a">
         <name>.far</name>
         <uninitialized>true</uninitialized>
         <run_address>0xa788</run_address>
         <size>0xa9c</size>
         <input_file_ref idref="fl-3"/>
      </object_component>
      <object_component id="oc-1b">
         <name>.far</name>
         <uninitialized>true</uninitialized>
         <run_address>0xb740</run_address>
         <size>0xc</size>
         <input_file_ref idref="fl-74"/>
      </object_component>
      <object_component id="oc-26">
         <name>.far</name>
         <uninitialized>true</uninitialized>
         <run_address>0xb224</run_address>
         <size>0x4</size>
         <input_file_ref idref="fl-77"/>
      </object_component>
      <object_component id="oc-38">
         <name>.far</name>
         <uninitialized>true</uninitialized>
         <run_address>0xb550</run_address>
         <size>0x11c</size>
         <input_file_ref idref="fl-7c"/>
      </object_component>
      <object_component id="oc-40">
         <name>.far</name>
         <uninitialized>true</uninitialized>
         <run_address>0xb754</run_address>
         <size>0x8</size>
         <input_file_ref idref="fl-7e"/>
      </object_component>
      <object_component id="oc-4e">
         <name>.far</name>
         <uninitialized>true</uninitialized>
         <run_address>0xb670</run_address>
         <size>0xd0</size>
         <input_file_ref idref="fl-82"/>
      </object_component>
      <object_component id="oc-5a">
         <name>.far</name>
         <uninitialized>true</uninitialized>
         <run_address>0xb74c</run_address>
         <size>0x8</size>
         <input_file_ref idref="fl-85"/>
      </object_component>
      <object_component id="oc-71">
         <name>.far</name>
         <uninitialized>true</uninitialized>
         <run_address>0xb228</run_address>
         <size>0x324</size>
         <input_file_ref idref="fl-8c"/>
      </object_component>
      <object_component id="oc-52">
         <name>.cio</name>
         <uninitialized>true</uninitialized>
         <run_address>0xd378</run_address>
         <size>0x120</size>
         <input_file_ref idref="fl-83"/>
      </object_component>
      <object_component id="oc-3">
         <name>.debug_info</name>
         <load_address>0x0</load_address>
         <run_address>0x0</run_address>
         <size>0x15b6</size>
         <input_file_ref idref="fl-2"/>
      </object_component>
      <object_component id="oc-8">
         <name>.debug_info</name>
         <load_address>0x15b6</load_address>
         <run_address>0x15b6</run_address>
         <size>0xb54</size>
         <input_file_ref idref="fl-3"/>
      </object_component>
      <object_component id="oc-f">
         <name>.debug_info</name>
         <load_address>0x210a</load_address>
         <run_address>0x210a</run_address>
         <size>0x6d3</size>
         <input_file_ref idref="fl-71"/>
      </object_component>
      <object_component id="oc-13">
         <name>.debug_info</name>
         <load_address>0x27dd</load_address>
         <run_address>0x27dd</run_address>
         <size>0x8b6</size>
         <input_file_ref idref="fl-72"/>
      </object_component>
      <object_component id="oc-16">
         <name>.debug_info</name>
         <load_address>0x3093</load_address>
         <run_address>0x3093</run_address>
         <size>0xbc</size>
         <input_file_ref idref="fl-73"/>
      </object_component>
      <object_component id="oc-19">
         <name>.debug_info</name>
         <load_address>0x314f</load_address>
         <run_address>0x314f</run_address>
         <size>0x7fa</size>
         <input_file_ref idref="fl-74"/>
      </object_component>
      <object_component id="oc-1e">
         <name>.debug_info</name>
         <load_address>0x3949</load_address>
         <run_address>0x3949</run_address>
         <size>0x7b2</size>
         <input_file_ref idref="fl-75"/>
      </object_component>
      <object_component id="oc-21">
         <name>.debug_info</name>
         <load_address>0x40fb</load_address>
         <run_address>0x40fb</run_address>
         <size>0x769</size>
         <input_file_ref idref="fl-76"/>
      </object_component>
      <object_component id="oc-24">
         <name>.debug_info</name>
         <load_address>0x4864</load_address>
         <run_address>0x4864</run_address>
         <size>0xa8f</size>
         <input_file_ref idref="fl-77"/>
      </object_component>
      <object_component id="oc-29">
         <name>.debug_info</name>
         <load_address>0x52f3</load_address>
         <run_address>0x52f3</run_address>
         <size>0x897</size>
         <input_file_ref idref="fl-78"/>
      </object_component>
      <object_component id="oc-2c">
         <name>.debug_info</name>
         <load_address>0x5b8a</load_address>
         <run_address>0x5b8a</run_address>
         <size>0x795</size>
         <input_file_ref idref="fl-79"/>
      </object_component>
      <object_component id="oc-2f">
         <name>.debug_info</name>
         <load_address>0x631f</load_address>
         <run_address>0x631f</run_address>
         <size>0xa28</size>
         <input_file_ref idref="fl-7a"/>
      </object_component>
      <object_component id="oc-33">
         <name>.debug_info</name>
         <load_address>0x6d47</load_address>
         <run_address>0x6d47</run_address>
         <size>0x74b</size>
         <input_file_ref idref="fl-7b"/>
      </object_component>
      <object_component id="oc-36">
         <name>.debug_info</name>
         <load_address>0x7492</load_address>
         <run_address>0x7492</run_address>
         <size>0x104f</size>
         <input_file_ref idref="fl-7c"/>
      </object_component>
      <object_component id="oc-3b">
         <name>.debug_info</name>
         <load_address>0x84e1</load_address>
         <run_address>0x84e1</run_address>
         <size>0xcb</size>
         <input_file_ref idref="fl-7d"/>
      </object_component>
      <object_component id="oc-3e">
         <name>.debug_info</name>
         <load_address>0x85ac</load_address>
         <run_address>0x85ac</run_address>
         <size>0xac6</size>
         <input_file_ref idref="fl-7e"/>
      </object_component>
      <object_component id="oc-44">
         <name>.debug_info</name>
         <load_address>0x9072</load_address>
         <run_address>0x9072</run_address>
         <size>0x79e</size>
         <input_file_ref idref="fl-7f"/>
      </object_component>
      <object_component id="oc-47">
         <name>.debug_info</name>
         <load_address>0x9810</load_address>
         <run_address>0x9810</run_address>
         <size>0x8a1</size>
         <input_file_ref idref="fl-80"/>
      </object_component>
      <object_component id="oc-4a">
         <name>.debug_info</name>
         <load_address>0xa0b1</load_address>
         <run_address>0xa0b1</run_address>
         <size>0x64c</size>
         <input_file_ref idref="fl-81"/>
      </object_component>
      <object_component id="oc-4d">
         <name>.debug_info</name>
         <load_address>0xa6fd</load_address>
         <run_address>0xa6fd</run_address>
         <size>0xdc3</size>
         <input_file_ref idref="fl-82"/>
      </object_component>
      <object_component id="oc-51">
         <name>.debug_info</name>
         <load_address>0xb4c0</load_address>
         <run_address>0xb4c0</run_address>
         <size>0x851</size>
         <input_file_ref idref="fl-83"/>
      </object_component>
      <object_component id="oc-55">
         <name>.debug_info</name>
         <load_address>0xbd11</load_address>
         <run_address>0xbd11</run_address>
         <size>0x742</size>
         <input_file_ref idref="fl-84"/>
      </object_component>
      <object_component id="oc-58">
         <name>.debug_info</name>
         <load_address>0xc453</load_address>
         <run_address>0xc453</run_address>
         <size>0x634</size>
         <input_file_ref idref="fl-85"/>
      </object_component>
      <object_component id="oc-5d">
         <name>.debug_info</name>
         <load_address>0xca87</load_address>
         <run_address>0xca87</run_address>
         <size>0x265b</size>
         <input_file_ref idref="fl-86"/>
      </object_component>
      <object_component id="oc-61">
         <name>.debug_info</name>
         <load_address>0xf0e2</load_address>
         <run_address>0xf0e2</run_address>
         <size>0x6c9</size>
         <input_file_ref idref="fl-87"/>
      </object_component>
      <object_component id="oc-64">
         <name>.debug_info</name>
         <load_address>0xf7ab</load_address>
         <run_address>0xf7ab</run_address>
         <size>0x6d6</size>
         <input_file_ref idref="fl-88"/>
      </object_component>
      <object_component id="oc-67">
         <name>.debug_info</name>
         <load_address>0xfe81</load_address>
         <run_address>0xfe81</run_address>
         <size>0x8b0</size>
         <input_file_ref idref="fl-89"/>
      </object_component>
      <object_component id="oc-6a">
         <name>.debug_info</name>
         <load_address>0x10731</load_address>
         <run_address>0x10731</run_address>
         <size>0x7ad</size>
         <input_file_ref idref="fl-8a"/>
      </object_component>
      <object_component id="oc-6d">
         <name>.debug_info</name>
         <load_address>0x10ede</load_address>
         <run_address>0x10ede</run_address>
         <size>0x5e2</size>
         <input_file_ref idref="fl-8b"/>
      </object_component>
      <object_component id="oc-6f">
         <name>.debug_info</name>
         <load_address>0x114c0</load_address>
         <run_address>0x114c0</run_address>
         <size>0x6cf</size>
         <input_file_ref idref="fl-8c"/>
      </object_component>
      <object_component id="oc-73">
         <name>.debug_info</name>
         <load_address>0x11b8f</load_address>
         <run_address>0x11b8f</run_address>
         <size>0x96b</size>
         <input_file_ref idref="fl-8d"/>
      </object_component>
      <object_component id="oc-76">
         <name>.debug_info</name>
         <load_address>0x124fa</load_address>
         <run_address>0x124fa</run_address>
         <size>0x679</size>
         <input_file_ref idref="fl-8e"/>
      </object_component>
      <object_component id="oc-79">
         <name>.debug_info</name>
         <load_address>0x12b73</load_address>
         <run_address>0x12b73</run_address>
         <size>0x698</size>
         <input_file_ref idref="fl-8f"/>
      </object_component>
      <object_component id="oc-7c">
         <name>.debug_info</name>
         <load_address>0x1320b</load_address>
         <run_address>0x1320b</run_address>
         <size>0x654</size>
         <input_file_ref idref="fl-90"/>
      </object_component>
      <object_component id="oc-7f">
         <name>.debug_info</name>
         <load_address>0x1385f</load_address>
         <run_address>0x1385f</run_address>
         <size>0x78b</size>
         <input_file_ref idref="fl-91"/>
      </object_component>
      <object_component id="oc-82">
         <name>.debug_info</name>
         <load_address>0x13fea</load_address>
         <run_address>0x13fea</run_address>
         <size>0x786</size>
         <input_file_ref idref="fl-92"/>
      </object_component>
      <object_component id="oc-85">
         <name>.debug_info</name>
         <load_address>0x14770</load_address>
         <run_address>0x14770</run_address>
         <size>0x7fe</size>
         <input_file_ref idref="fl-93"/>
      </object_component>
      <object_component id="oc-88">
         <name>.debug_info</name>
         <load_address>0x14f6e</load_address>
         <run_address>0x14f6e</run_address>
         <size>0x6e9</size>
         <input_file_ref idref="fl-94"/>
      </object_component>
      <object_component id="oc-8b">
         <name>.debug_info</name>
         <load_address>0x15657</load_address>
         <run_address>0x15657</run_address>
         <size>0x717</size>
         <input_file_ref idref="fl-95"/>
      </object_component>
      <object_component id="oc-8e">
         <name>.debug_info</name>
         <load_address>0x15d6e</load_address>
         <run_address>0x15d6e</run_address>
         <size>0x6ba</size>
         <input_file_ref idref="fl-96"/>
      </object_component>
      <object_component id="oc-91">
         <name>.debug_info</name>
         <load_address>0x16428</load_address>
         <run_address>0x16428</run_address>
         <size>0x600</size>
         <input_file_ref idref="fl-97"/>
      </object_component>
      <object_component id="oc-94">
         <name>.debug_info</name>
         <load_address>0x16a28</load_address>
         <run_address>0x16a28</run_address>
         <size>0x798</size>
         <input_file_ref idref="fl-98"/>
      </object_component>
      <object_component id="oc-97">
         <name>.debug_info</name>
         <load_address>0x171c0</load_address>
         <run_address>0x171c0</run_address>
         <size>0x5b4</size>
         <input_file_ref idref="fl-99"/>
      </object_component>
      <object_component id="oc-150">
         <name>.debug_info</name>
         <load_address>0x17774</load_address>
         <run_address>0x17774</run_address>
         <size>0x70</size>
      </object_component>
      <object_component id="oc-5">
         <name>.debug_frame</name>
         <load_address>0x0</load_address>
         <run_address>0x0</run_address>
         <size>0x2f3</size>
         <input_file_ref idref="fl-2"/>
      </object_component>
      <object_component id="oc-c">
         <name>.debug_frame</name>
         <load_address>0x2f3</load_address>
         <run_address>0x2f3</run_address>
         <size>0x261</size>
         <input_file_ref idref="fl-3"/>
      </object_component>
      <object_component id="oc-6">
         <name>.debug_line</name>
         <load_address>0x0</load_address>
         <run_address>0x0</run_address>
         <size>0x21c</size>
         <input_file_ref idref="fl-2"/>
      </object_component>
      <object_component id="oc-d">
         <name>.debug_line</name>
         <load_address>0x21c</load_address>
         <run_address>0x21c</run_address>
         <size>0x69</size>
         <input_file_ref idref="fl-3"/>
      </object_component>
      <object_component id="oc-11">
         <name>.debug_line</name>
         <load_address>0x285</load_address>
         <run_address>0x285</run_address>
         <size>0x3d</size>
         <input_file_ref idref="fl-71"/>
      </object_component>
      <object_component id="oc-14">
         <name>.debug_line</name>
         <load_address>0x2c2</load_address>
         <run_address>0x2c2</run_address>
         <size>0x3c</size>
         <input_file_ref idref="fl-72"/>
      </object_component>
      <object_component id="oc-17">
         <name>.debug_line</name>
         <load_address>0x2fe</load_address>
         <run_address>0x2fe</run_address>
         <size>0x44</size>
         <input_file_ref idref="fl-73"/>
      </object_component>
      <object_component id="oc-1c">
         <name>.debug_line</name>
         <load_address>0x342</load_address>
         <run_address>0x342</run_address>
         <size>0x4f</size>
         <input_file_ref idref="fl-74"/>
      </object_component>
      <object_component id="oc-1f">
         <name>.debug_line</name>
         <load_address>0x391</load_address>
         <run_address>0x391</run_address>
         <size>0x3d</size>
         <input_file_ref idref="fl-75"/>
      </object_component>
      <object_component id="oc-22">
         <name>.debug_line</name>
         <load_address>0x3ce</load_address>
         <run_address>0x3ce</run_address>
         <size>0x3e</size>
         <input_file_ref idref="fl-76"/>
      </object_component>
      <object_component id="oc-27">
         <name>.debug_line</name>
         <load_address>0x40c</load_address>
         <run_address>0x40c</run_address>
         <size>0x92</size>
         <input_file_ref idref="fl-77"/>
      </object_component>
      <object_component id="oc-2a">
         <name>.debug_line</name>
         <load_address>0x49e</load_address>
         <run_address>0x49e</run_address>
         <size>0x6a</size>
         <input_file_ref idref="fl-78"/>
      </object_component>
      <object_component id="oc-2d">
         <name>.debug_line</name>
         <load_address>0x508</load_address>
         <run_address>0x508</run_address>
         <size>0x3d</size>
         <input_file_ref idref="fl-79"/>
      </object_component>
      <object_component id="oc-31">
         <name>.debug_line</name>
         <load_address>0x545</load_address>
         <run_address>0x545</run_address>
         <size>0x91</size>
         <input_file_ref idref="fl-7a"/>
      </object_component>
      <object_component id="oc-34">
         <name>.debug_line</name>
         <load_address>0x5d6</load_address>
         <run_address>0x5d6</run_address>
         <size>0x3c</size>
         <input_file_ref idref="fl-7b"/>
      </object_component>
      <object_component id="oc-39">
         <name>.debug_line</name>
         <load_address>0x612</load_address>
         <run_address>0x612</run_address>
         <size>0x133</size>
         <input_file_ref idref="fl-7c"/>
      </object_component>
      <object_component id="oc-3c">
         <name>.debug_line</name>
         <load_address>0x745</load_address>
         <run_address>0x745</run_address>
         <size>0x4a</size>
         <input_file_ref idref="fl-7d"/>
      </object_component>
      <object_component id="oc-42">
         <name>.debug_line</name>
         <load_address>0x78f</load_address>
         <run_address>0x78f</run_address>
         <size>0xa8</size>
         <input_file_ref idref="fl-7e"/>
      </object_component>
      <object_component id="oc-45">
         <name>.debug_line</name>
         <load_address>0x837</load_address>
         <run_address>0x837</run_address>
         <size>0x46</size>
         <input_file_ref idref="fl-7f"/>
      </object_component>
      <object_component id="oc-48">
         <name>.debug_line</name>
         <load_address>0x87d</load_address>
         <run_address>0x87d</run_address>
         <size>0x69</size>
         <input_file_ref idref="fl-80"/>
      </object_component>
      <object_component id="oc-4b">
         <name>.debug_line</name>
         <load_address>0x8e6</load_address>
         <run_address>0x8e6</run_address>
         <size>0x39</size>
         <input_file_ref idref="fl-81"/>
      </object_component>
      <object_component id="oc-4f">
         <name>.debug_line</name>
         <load_address>0x91f</load_address>
         <run_address>0x91f</run_address>
         <size>0x114</size>
         <input_file_ref idref="fl-82"/>
      </object_component>
      <object_component id="oc-53">
         <name>.debug_line</name>
         <load_address>0xa33</load_address>
         <run_address>0xa33</run_address>
         <size>0x68</size>
         <input_file_ref idref="fl-83"/>
      </object_component>
      <object_component id="oc-56">
         <name>.debug_line</name>
         <load_address>0xa9b</load_address>
         <run_address>0xa9b</run_address>
         <size>0x40</size>
         <input_file_ref idref="fl-84"/>
      </object_component>
      <object_component id="oc-5b">
         <name>.debug_line</name>
         <load_address>0xadb</load_address>
         <run_address>0xadb</run_address>
         <size>0x35</size>
         <input_file_ref idref="fl-85"/>
      </object_component>
      <object_component id="oc-5f">
         <name>.debug_line</name>
         <load_address>0xb10</load_address>
         <run_address>0xb10</run_address>
         <size>0x31d</size>
         <input_file_ref idref="fl-86"/>
      </object_component>
      <object_component id="oc-62">
         <name>.debug_line</name>
         <load_address>0xe2d</load_address>
         <run_address>0xe2d</run_address>
         <size>0x3f</size>
         <input_file_ref idref="fl-87"/>
      </object_component>
      <object_component id="oc-65">
         <name>.debug_line</name>
         <load_address>0xe6c</load_address>
         <run_address>0xe6c</run_address>
         <size>0x45</size>
         <input_file_ref idref="fl-88"/>
      </object_component>
      <object_component id="oc-68">
         <name>.debug_line</name>
         <load_address>0xeb1</load_address>
         <run_address>0xeb1</run_address>
         <size>0x51</size>
         <input_file_ref idref="fl-89"/>
      </object_component>
      <object_component id="oc-6b">
         <name>.debug_line</name>
         <load_address>0xf02</load_address>
         <run_address>0xf02</run_address>
         <size>0x44</size>
         <input_file_ref idref="fl-8a"/>
      </object_component>
      <object_component id="oc-74">
         <name>.debug_line</name>
         <load_address>0xf46</load_address>
         <run_address>0xf46</run_address>
         <size>0x3c</size>
         <input_file_ref idref="fl-8d"/>
      </object_component>
      <object_component id="oc-77">
         <name>.debug_line</name>
         <load_address>0xf82</load_address>
         <run_address>0xf82</run_address>
         <size>0x3d</size>
         <input_file_ref idref="fl-8e"/>
      </object_component>
      <object_component id="oc-7a">
         <name>.debug_line</name>
         <load_address>0xfbf</load_address>
         <run_address>0xfbf</run_address>
         <size>0x3d</size>
         <input_file_ref idref="fl-8f"/>
      </object_component>
      <object_component id="oc-7d">
         <name>.debug_line</name>
         <load_address>0xffc</load_address>
         <run_address>0xffc</run_address>
         <size>0x3e</size>
         <input_file_ref idref="fl-90"/>
      </object_component>
      <object_component id="oc-80">
         <name>.debug_line</name>
         <load_address>0x103a</load_address>
         <run_address>0x103a</run_address>
         <size>0x73</size>
         <input_file_ref idref="fl-91"/>
      </object_component>
      <object_component id="oc-83">
         <name>.debug_line</name>
         <load_address>0x10ad</load_address>
         <run_address>0x10ad</run_address>
         <size>0x61</size>
         <input_file_ref idref="fl-92"/>
      </object_component>
      <object_component id="oc-86">
         <name>.debug_line</name>
         <load_address>0x110e</load_address>
         <run_address>0x110e</run_address>
         <size>0x38</size>
         <input_file_ref idref="fl-93"/>
      </object_component>
      <object_component id="oc-89">
         <name>.debug_line</name>
         <load_address>0x1146</load_address>
         <run_address>0x1146</run_address>
         <size>0x56</size>
         <input_file_ref idref="fl-94"/>
      </object_component>
      <object_component id="oc-8c">
         <name>.debug_line</name>
         <load_address>0x119c</load_address>
         <run_address>0x119c</run_address>
         <size>0x40</size>
         <input_file_ref idref="fl-95"/>
      </object_component>
      <object_component id="oc-8f">
         <name>.debug_line</name>
         <load_address>0x11dc</load_address>
         <run_address>0x11dc</run_address>
         <size>0x3f</size>
         <input_file_ref idref="fl-96"/>
      </object_component>
      <object_component id="oc-92">
         <name>.debug_line</name>
         <load_address>0x121b</load_address>
         <run_address>0x121b</run_address>
         <size>0x39</size>
         <input_file_ref idref="fl-97"/>
      </object_component>
      <object_component id="oc-95">
         <name>.debug_line</name>
         <load_address>0x1254</load_address>
         <run_address>0x1254</run_address>
         <size>0x3f</size>
         <input_file_ref idref="fl-98"/>
      </object_component>
      <object_component id="oc-98">
         <name>.debug_line</name>
         <load_address>0x1293</load_address>
         <run_address>0x1293</run_address>
         <size>0x23</size>
         <input_file_ref idref="fl-99"/>
      </object_component>
      <object_component id="oc-7">
         <name>.debug_abbrev</name>
         <load_address>0x0</load_address>
         <run_address>0x0</run_address>
         <size>0x107</size>
         <input_file_ref idref="fl-2"/>
      </object_component>
      <object_component id="oc-e">
         <name>.debug_abbrev</name>
         <load_address>0x107</load_address>
         <run_address>0x107</run_address>
         <size>0x102</size>
         <input_file_ref idref="fl-3"/>
      </object_component>
      <object_component id="oc-12">
         <name>.debug_abbrev</name>
         <load_address>0x209</load_address>
         <run_address>0x209</run_address>
         <size>0xe7</size>
         <input_file_ref idref="fl-71"/>
      </object_component>
      <object_component id="oc-15">
         <name>.debug_abbrev</name>
         <load_address>0x2f0</load_address>
         <run_address>0x2f0</run_address>
         <size>0xe7</size>
         <input_file_ref idref="fl-72"/>
      </object_component>
      <object_component id="oc-18">
         <name>.debug_abbrev</name>
         <load_address>0x3d7</load_address>
         <run_address>0x3d7</run_address>
         <size>0x3b</size>
         <input_file_ref idref="fl-73"/>
      </object_component>
      <object_component id="oc-1d">
         <name>.debug_abbrev</name>
         <load_address>0x412</load_address>
         <run_address>0x412</run_address>
         <size>0x119</size>
         <input_file_ref idref="fl-74"/>
      </object_component>
      <object_component id="oc-20">
         <name>.debug_abbrev</name>
         <load_address>0x52b</load_address>
         <run_address>0x52b</run_address>
         <size>0x11a</size>
         <input_file_ref idref="fl-75"/>
      </object_component>
      <object_component id="oc-23">
         <name>.debug_abbrev</name>
         <load_address>0x645</load_address>
         <run_address>0x645</run_address>
         <size>0x12d</size>
         <input_file_ref idref="fl-76"/>
      </object_component>
      <object_component id="oc-28">
         <name>.debug_abbrev</name>
         <load_address>0x772</load_address>
         <run_address>0x772</run_address>
         <size>0x1a0</size>
         <input_file_ref idref="fl-77"/>
      </object_component>
      <object_component id="oc-2b">
         <name>.debug_abbrev</name>
         <load_address>0x912</load_address>
         <run_address>0x912</run_address>
         <size>0x129</size>
         <input_file_ref idref="fl-78"/>
      </object_component>
      <object_component id="oc-2e">
         <name>.debug_abbrev</name>
         <load_address>0xa3b</load_address>
         <run_address>0xa3b</run_address>
         <size>0x109</size>
         <input_file_ref idref="fl-79"/>
      </object_component>
      <object_component id="oc-32">
         <name>.debug_abbrev</name>
         <load_address>0xb44</load_address>
         <run_address>0xb44</run_address>
         <size>0x135</size>
         <input_file_ref idref="fl-7a"/>
      </object_component>
      <object_component id="oc-35">
         <name>.debug_abbrev</name>
         <load_address>0xc79</load_address>
         <run_address>0xc79</run_address>
         <size>0xd1</size>
         <input_file_ref idref="fl-7b"/>
      </object_component>
      <object_component id="oc-3a">
         <name>.debug_abbrev</name>
         <load_address>0xd4a</load_address>
         <run_address>0xd4a</run_address>
         <size>0x22b</size>
         <input_file_ref idref="fl-7c"/>
      </object_component>
      <object_component id="oc-3d">
         <name>.debug_abbrev</name>
         <load_address>0xf75</load_address>
         <run_address>0xf75</run_address>
         <size>0x3b</size>
         <input_file_ref idref="fl-7d"/>
      </object_component>
      <object_component id="oc-43">
         <name>.debug_abbrev</name>
         <load_address>0xfb0</load_address>
         <run_address>0xfb0</run_address>
         <size>0x1f8</size>
         <input_file_ref idref="fl-7e"/>
      </object_component>
      <object_component id="oc-46">
         <name>.debug_abbrev</name>
         <load_address>0x11a8</load_address>
         <run_address>0x11a8</run_address>
         <size>0xd0</size>
         <input_file_ref idref="fl-7f"/>
      </object_component>
      <object_component id="oc-49">
         <name>.debug_abbrev</name>
         <load_address>0x1278</load_address>
         <run_address>0x1278</run_address>
         <size>0x14b</size>
         <input_file_ref idref="fl-80"/>
      </object_component>
      <object_component id="oc-4c">
         <name>.debug_abbrev</name>
         <load_address>0x13c3</load_address>
         <run_address>0x13c3</run_address>
         <size>0xab</size>
         <input_file_ref idref="fl-81"/>
      </object_component>
      <object_component id="oc-50">
         <name>.debug_abbrev</name>
         <load_address>0x146e</load_address>
         <run_address>0x146e</run_address>
         <size>0x151</size>
         <input_file_ref idref="fl-82"/>
      </object_component>
      <object_component id="oc-54">
         <name>.debug_abbrev</name>
         <load_address>0x15bf</load_address>
         <run_address>0x15bf</run_address>
         <size>0xd5</size>
         <input_file_ref idref="fl-83"/>
      </object_component>
      <object_component id="oc-57">
         <name>.debug_abbrev</name>
         <load_address>0x1694</load_address>
         <run_address>0x1694</run_address>
         <size>0xd1</size>
         <input_file_ref idref="fl-84"/>
      </object_component>
      <object_component id="oc-5c">
         <name>.debug_abbrev</name>
         <load_address>0x1765</load_address>
         <run_address>0x1765</run_address>
         <size>0x9f</size>
         <input_file_ref idref="fl-85"/>
      </object_component>
      <object_component id="oc-60">
         <name>.debug_abbrev</name>
         <load_address>0x1804</load_address>
         <run_address>0x1804</run_address>
         <size>0x1d1</size>
         <input_file_ref idref="fl-86"/>
      </object_component>
      <object_component id="oc-63">
         <name>.debug_abbrev</name>
         <load_address>0x19d5</load_address>
         <run_address>0x19d5</run_address>
         <size>0xe1</size>
         <input_file_ref idref="fl-87"/>
      </object_component>
      <object_component id="oc-66">
         <name>.debug_abbrev</name>
         <load_address>0x1ab6</load_address>
         <run_address>0x1ab6</run_address>
         <size>0xcc</size>
         <input_file_ref idref="fl-88"/>
      </object_component>
      <object_component id="oc-69">
         <name>.debug_abbrev</name>
         <load_address>0x1b82</load_address>
         <run_address>0x1b82</run_address>
         <size>0x155</size>
         <input_file_ref idref="fl-89"/>
      </object_component>
      <object_component id="oc-6c">
         <name>.debug_abbrev</name>
         <load_address>0x1cd7</load_address>
         <run_address>0x1cd7</run_address>
         <size>0x10c</size>
         <input_file_ref idref="fl-8a"/>
      </object_component>
      <object_component id="oc-6e">
         <name>.debug_abbrev</name>
         <load_address>0x1de3</load_address>
         <run_address>0x1de3</run_address>
         <size>0x5f</size>
         <input_file_ref idref="fl-8b"/>
      </object_component>
      <object_component id="oc-72">
         <name>.debug_abbrev</name>
         <load_address>0x1e42</load_address>
         <run_address>0x1e42</run_address>
         <size>0x8e</size>
         <input_file_ref idref="fl-8c"/>
      </object_component>
      <object_component id="oc-75">
         <name>.debug_abbrev</name>
         <load_address>0x1ed0</load_address>
         <run_address>0x1ed0</run_address>
         <size>0xf5</size>
         <input_file_ref idref="fl-8d"/>
      </object_component>
      <object_component id="oc-78">
         <name>.debug_abbrev</name>
         <load_address>0x1fc5</load_address>
         <run_address>0x1fc5</run_address>
         <size>0xac</size>
         <input_file_ref idref="fl-8e"/>
      </object_component>
      <object_component id="oc-7b">
         <name>.debug_abbrev</name>
         <load_address>0x2071</load_address>
         <run_address>0x2071</run_address>
         <size>0xc3</size>
         <input_file_ref idref="fl-8f"/>
      </object_component>
      <object_component id="oc-7e">
         <name>.debug_abbrev</name>
         <load_address>0x2134</load_address>
         <run_address>0x2134</run_address>
         <size>0x8c</size>
         <input_file_ref idref="fl-90"/>
      </object_component>
      <object_component id="oc-81">
         <name>.debug_abbrev</name>
         <load_address>0x21c0</load_address>
         <run_address>0x21c0</run_address>
         <size>0xc3</size>
         <input_file_ref idref="fl-91"/>
      </object_component>
      <object_component id="oc-84">
         <name>.debug_abbrev</name>
         <load_address>0x2283</load_address>
         <run_address>0x2283</run_address>
         <size>0xc3</size>
         <input_file_ref idref="fl-92"/>
      </object_component>
      <object_component id="oc-87">
         <name>.debug_abbrev</name>
         <load_address>0x2346</load_address>
         <run_address>0x2346</run_address>
         <size>0xd0</size>
         <input_file_ref idref="fl-93"/>
      </object_component>
      <object_component id="oc-8a">
         <name>.debug_abbrev</name>
         <load_address>0x2416</load_address>
         <run_address>0x2416</run_address>
         <size>0xa3</size>
         <input_file_ref idref="fl-94"/>
      </object_component>
      <object_component id="oc-8d">
         <name>.debug_abbrev</name>
         <load_address>0x24b9</load_address>
         <run_address>0x24b9</run_address>
         <size>0xe3</size>
         <input_file_ref idref="fl-95"/>
      </object_component>
      <object_component id="oc-90">
         <name>.debug_abbrev</name>
         <load_address>0x259c</load_address>
         <run_address>0x259c</run_address>
         <size>0xae</size>
         <input_file_ref idref="fl-96"/>
      </object_component>
      <object_component id="oc-93">
         <name>.debug_abbrev</name>
         <load_address>0x264a</load_address>
         <run_address>0x264a</run_address>
         <size>0x71</size>
         <input_file_ref idref="fl-97"/>
      </object_component>
      <object_component id="oc-96">
         <name>.debug_abbrev</name>
         <load_address>0x26bb</load_address>
         <run_address>0x26bb</run_address>
         <size>0x10b</size>
         <input_file_ref idref="fl-98"/>
      </object_component>
      <object_component id="oc-99">
         <name>.debug_abbrev</name>
         <load_address>0x27c6</load_address>
         <run_address>0x27c6</run_address>
         <size>0x90</size>
         <input_file_ref idref="fl-99"/>
      </object_component>
      <object_component id="oc-151">
         <name>.debug_abbrev</name>
         <load_address>0x2856</load_address>
         <run_address>0x2856</run_address>
         <size>0xd</size>
      </object_component>
   </object_component_list>
   <logical_group_list>
      <logical_group id="lg-f7">
         <name>.text</name>
         <load_address>0x20</load_address>
         <run_address>0x20</run_address>
         <size>0x6c20</size>
         <contents>
            <object_component_ref idref="oc-b1"/>
            <object_component_ref idref="oc-ea"/>
            <object_component_ref idref="oc-e0"/>
            <object_component_ref idref="oc-c9"/>
            <object_component_ref idref="oc-bb"/>
            <object_component_ref idref="oc-c5"/>
            <object_component_ref idref="oc-d4"/>
            <object_component_ref idref="oc-c8"/>
            <object_component_ref idref="oc-e5"/>
            <object_component_ref idref="oc-e8"/>
            <object_component_ref idref="oc-b3"/>
            <object_component_ref idref="oc-c2"/>
            <object_component_ref idref="oc-f2"/>
            <object_component_ref idref="oc-df"/>
            <object_component_ref idref="oc-d5"/>
            <object_component_ref idref="oc-ca"/>
            <object_component_ref idref="oc-dd"/>
            <object_component_ref idref="oc-a7"/>
            <object_component_ref idref="oc-e7"/>
            <object_component_ref idref="oc-bd"/>
            <object_component_ref idref="oc-f1"/>
            <object_component_ref idref="oc-a3"/>
            <object_component_ref idref="oc-e4"/>
            <object_component_ref idref="oc-cd"/>
            <object_component_ref idref="oc-d9"/>
            <object_component_ref idref="oc-c7"/>
            <object_component_ref idref="oc-c6"/>
            <object_component_ref idref="oc-d8"/>
            <object_component_ref idref="oc-bc"/>
            <object_component_ref idref="oc-b8"/>
            <object_component_ref idref="oc-a1"/>
            <object_component_ref idref="oc-9a"/>
            <object_component_ref idref="oc-e2"/>
            <object_component_ref idref="oc-d2"/>
            <object_component_ref idref="oc-9d"/>
            <object_component_ref idref="oc-9f"/>
            <object_component_ref idref="oc-d3"/>
            <object_component_ref idref="oc-c3"/>
            <object_component_ref idref="oc-9c"/>
            <object_component_ref idref="oc-cb"/>
            <object_component_ref idref="oc-a2"/>
            <object_component_ref idref="oc-a0"/>
            <object_component_ref idref="oc-cc"/>
            <object_component_ref idref="oc-eb"/>
            <object_component_ref idref="oc-b4"/>
            <object_component_ref idref="oc-c0"/>
            <object_component_ref idref="oc-b7"/>
            <object_component_ref idref="oc-c1"/>
            <object_component_ref idref="oc-ed"/>
            <object_component_ref idref="oc-ce"/>
            <object_component_ref idref="oc-9e"/>
            <object_component_ref idref="oc-f4"/>
            <object_component_ref idref="oc-e6"/>
            <object_component_ref idref="oc-e9"/>
            <object_component_ref idref="oc-ec"/>
            <object_component_ref idref="oc-de"/>
            <object_component_ref idref="oc-a5"/>
            <object_component_ref idref="oc-e3"/>
            <object_component_ref idref="oc-a6"/>
            <object_component_ref idref="oc-d0"/>
            <object_component_ref idref="oc-cf"/>
            <object_component_ref idref="oc-d7"/>
            <object_component_ref idref="oc-ee"/>
            <object_component_ref idref="oc-f5"/>
            <object_component_ref idref="oc-2"/>
            <object_component_ref idref="oc-b6"/>
            <object_component_ref idref="oc-b2"/>
            <object_component_ref idref="oc-aa"/>
            <object_component_ref idref="oc-d1"/>
            <object_component_ref idref="oc-f6"/>
            <object_component_ref idref="oc-b5"/>
            <object_component_ref idref="oc-d6"/>
            <object_component_ref idref="oc-a9"/>
            <object_component_ref idref="oc-dc"/>
            <object_component_ref idref="oc-db"/>
            <object_component_ref idref="oc-9b"/>
            <object_component_ref idref="oc-f0"/>
            <object_component_ref idref="oc-ef"/>
            <object_component_ref idref="oc-f3"/>
            <object_component_ref idref="oc-e1"/>
            <object_component_ref idref="oc-a4"/>
            <object_component_ref idref="oc-be"/>
            <object_component_ref idref="oc-ba"/>
            <object_component_ref idref="oc-bf"/>
            <object_component_ref idref="oc-b9"/>
            <object_component_ref idref="oc-a8"/>
            <object_component_ref idref="oc-c4"/>
         </contents>
      </logical_group>
      <logical_group id="lg-f8">
         <name>.const</name>
         <load_address>0x6c40</load_address>
         <run_address>0x6c40</run_address>
         <size>0x3b47</size>
         <contents>
            <object_component_ref idref="oc-ad"/>
            <object_component_ref idref="oc-ae"/>
            <object_component_ref idref="oc-af"/>
            <object_component_ref idref="oc-b0"/>
            <object_component_ref idref="oc-4"/>
            <object_component_ref idref="oc-30"/>
            <object_component_ref idref="oc-da"/>
            <object_component_ref idref="oc-b"/>
            <object_component_ref idref="oc-ab"/>
            <object_component_ref idref="oc-ac"/>
            <object_component_ref idref="oc-5e"/>
         </contents>
      </logical_group>
      <logical_group id="lg-f9">
         <name>.data</name>
         <run_address>0x8</run_address>
         <size>0x0</size>
         <contents>
         </contents>
      </logical_group>
      <logical_group id="lg-fa">
         <name>.bss</name>
         <run_address>0x8</run_address>
         <size>0x0</size>
         <contents>
         </contents>
      </logical_group>
      <logical_group id="lg-fb">
         <name>.cinit</name>
         <load_address>0xb760</load_address>
         <run_address>0xb760</run_address>
         <size>0xc14</size>
         <contents>
            <object_component_ref idref="oc-9"/>
            <object_component_ref idref="oc-70"/>
            <object_component_ref idref="oc-37"/>
            <object_component_ref idref="oc-1a"/>
            <object_component_ref idref="oc-3f"/>
            <object_component_ref idref="oc-59"/>
            <object_component_ref idref="oc-25"/>
         </contents>
      </logical_group>
      <logical_group id="lg-fc">
         <name>.pinit</name>
         <run_address>0x0</run_address>
         <size>0x0</size>
         <contents>
         </contents>
      </logical_group>
      <logical_group id="lg-fd">
         <name>.stack</name>
         <run_address>0xc378</run_address>
[...]
            <object_component_ref idref="oc-4c"/>
            <object_component_ref idref="oc-50"/>
            <object_component_ref idref="oc-54"/>
            <object_component_ref idref="oc-57"/>
            <object_component_ref idref="oc-5c"/>
            <object_component_ref idref="oc-60"/>
            <object_component_ref idref="oc-63"/>
            <object_component_ref idref="oc-66"/>
            <object_component_ref idref="oc-69"/>
            <object_component_ref idref="oc-6c"/>
            <object_component_ref idref="oc-6e"/>
            <object_component_ref idref="oc-72"/>
            <object_component_ref idref="oc-75"/>
            <object_component_ref idref="oc-78"/>
            <object_component_ref idref="oc-7b"/>
            <object_component_ref idref="oc-7e"/>
            <object_component_ref idref="oc-81"/>
            <object_component_ref idref="oc-84"/>
            <object_component_ref idref="oc-87"/>
            <object_component_ref idref="oc-8a"/>
            <object_component_ref idref="oc-8d"/>
            <object_component_ref idref="oc-90"/>
            <object_component_ref idref="oc-93"/>
            <object_component_ref idref="oc-96"/>
            <object_component_ref idref="oc-99"/>
            <object_component_ref idref="oc-151"/>
         </contents>
      </logical_group>
   </logical_group_list>
   <placement_map>
      <memory_area>
         <name>RAM</name>
         <page_id>0x0</page_id>
         <origin>0x1</origin>
         <length>0xfffffffe</length>
         <used_space>0xd46f</used_space>
         <unused_space>0xffff2b8f</unused_space>
         <attributes>RWIX</attributes>
         <usage_details>
            <available_space>
               <start_address>0x1</start_address>
               <size>0x7</size>
            </available_space>
            <allocated_space>
               <start_address>0x8</start_address>
               <size>0x0</size>
               <logical_group_ref idref="lg-fa"/>
            </allocated_space>
            <allocated_space>
               <start_address>0x8</start_address>
               <size>0x0</size>
               <logical_group_ref idref="lg-f9"/>
            </allocated_space>
            <available_space>
               <start_address>0x8</start_address>
               <size>0x18</size>
            </available_space>
            <allocated_space>
               <start_address>0x20</start_address>
               <size>0x6c20</size>
               <logical_group_ref idref="lg-f7"/>
            </allocated_space>
            <allocated_space>
               <start_address>0x6c40</start_address>
               <size>0x3b47</size>
               <logical_group_ref idref="lg-f8"/>
            </allocated_space>
            <available_space>
               <start_address>0xa787</start_address>
               <size>0x1</size>
            </available_space>
            <allocated_space>
               <start_address>0xa788</start_address>
               <size>0xfd4</size>
               <logical_group_ref idref="lg-ff"/>
            </allocated_space>
            <available_space>
               <start_address>0xb75c</start_address>
               <size>0x4</size>
            </available_space>
            <allocated_space>
               <start_address>0xb760</start_address>
               <size>0xc14</size>
               <logical_group_ref idref="lg-fb"/>
            </allocated_space>
            <available_space>
               <start_address>0xc374</start_address>
               <size>0x4</size>
            </available_space>
            <allocated_space>
               <start_address>0xc378</start_address>
               <size>0x800</size>
               <logical_group_ref idref="lg-fd"/>
            </allocated_space>
            <allocated_space>
               <start_address>0xcb78</start_address>
               <size>0x800</size>
               <logical_group_ref idref="lg-fe"/>
            </allocated_space>
            <allocated_space>
               <start_address>0xd378</start_address>
               <size>0x120</size>
               <logical_group_ref idref="lg-101"/>
            </allocated_space>
            <available_space>
               <start_address>0xd498</start_address>
               <size>0xffff2b67</size>
            </available_space>
         </usage_details>
      </memory_area>
   </placement_map>
   <symbol_table>
      <symbol id="sm-0">
         <name>cinit</name>
         <value>0xb760</value>
      </symbol>
      <symbol id="sm-1">
         <name>___cinit__</name>
         <value>0xb760</value>
      </symbol>
      <symbol id="sm-2">
         <name>pinit</name>
         <value>0xffffffff</value>
      </symbol>
      <symbol id="sm-3">
         <name>___pinit__</name>
         <value>0xffffffff</value>
      </symbol>
      <symbol id="sm-4">
         <name>binit</name>
         <value>0xffffffff</value>
      </symbol>
      <symbol id="sm-5">
         <name>___binit__</name>
         <value>0xffffffff</value>
      </symbol>
      <symbol id="sm-6">
         <name>__STACK_SIZE</name>
         <value>0x800</value>
      </symbol>
      <symbol id="sm-7">
         <name>__STACK_END</name>
         <value>0xcb78</value>
      </symbol>
      <symbol id="sm-8">
         <name>__SYSMEM_SIZE</name>
         <value>0x800</value>
      </symbol>
      <symbol id="sm-9">
         <name>___c_args__</name>
         <value>0xffffffff</value>
      </symbol>
      <symbol id="sm-a">
         <name>.text</name>
         <value>0x20</value>
      </symbol>
      <symbol id="sm-b">
         <name>___text__</name>
         <value>0x20</value>
      </symbol>
      <symbol id="sm-c">
         <name>etext</name>
         <value>0x6c40</value>
      </symbol>
      <symbol id="sm-d">
         <name>___etext__</name>
         <value>0x6c40</value>
      </symbol>
      <symbol id="sm-e">
         <name>.data</name>
         <value>0x8</value>
      </symbol>
      <symbol id="sm-f">
         <name>___data__</name>
         <value>0x8</value>
      </symbol>
      <symbol id="sm-10">
         <name>edata</name>
         <value>0x8</value>
      </symbol>
      <symbol id="sm-11">
         <name>___edata__</name>
         <value>0x8</value>
      </symbol>
      <symbol id="sm-12">
         <name>.bss</name>
         <value>0x8</value>
      </symbol>
      <symbol id="sm-13">
         <name>___bss__</name>
         <value>0x8</value>
      </symbol>
      <symbol id="sm-14">
         <name>end</name>
         <value>0x8</value>
      </symbol>
      <symbol id="sm-15">
         <name>___end__</name>
         <value>0x8</value>
      </symbol>
      <symbol id="sm-16">
         <name>___TI_pprof_out_hndl</name>
         <value>0xffffffff</value>
      </symbol>
      <symbol id="sm-17">
         <name>___TI_prof_data_start</name>
         <value>0xffffffff</value>
      </symbol>
      <symbol id="sm-18">
         <name>___TI_prof_data_size</name>
         <value>0xffffffff</value>
      </symbol>
      <symbol id="sm-19">
         <name>$bss</name>
         <value>0x8</value>
      </symbol>
      <symbol id="sm-ac">
         <name>_filter_signal</name>
         <value>0x3b4</value>
         <object_component_ref idref="oc-b1"/>
      </symbol>
      <symbol id="sm-ad">
         <name>_print_statistics</name>
         <value>0x20</value>
         <object_component_ref idref="oc-b1"/>
      </symbol>
      <symbol id="sm-ae">
         <name>_record_output</name>
         <value>0x610</value>
         <object_component_ref idref="oc-b1"/>
      </symbol>
      <symbol id="sm-af">
         <name>_calculate_mean</name>
         <value>0x280</value>
         <object_component_ref idref="oc-b1"/>
      </symbol>
      <symbol id="sm-b0">
         <name>_symm_filter_signal</name>
         <value>0x48c</value>
         <object_component_ref idref="oc-b1"/>
      </symbol>
      <symbol id="sm-b1">
         <name>_generate_signal</name>
         <value>0x2f4</value>
         <object_component_ref idref="oc-b1"/>
      </symbol>
      <symbol id="sm-e5">
         <name>_main</name>
         <value>0x3960</value>
         <object_component_ref idref="oc-a7"/>
      </symbol>
      <symbol id="sm-e6">
         <name>_Filter_2_b_fir</name>
         <value>0xad30</value>
         <object_component_ref idref="oc-a"/>
      </symbol>
      <symbol id="sm-e7">
         <name>_Filter_1_a_fir</name>
         <value>0xad28</value>
         <object_component_ref idref="oc-a"/>
      </symbol>
      <symbol id="sm-e8">
         <name>_Filter_1_b_fir</name>
         <value>0xa788</value>
         <object_component_ref idref="oc-a"/>
      </symbol>
      <symbol id="sm-e9">
         <name>_Filter_2_a_fir</name>
         <value>0xb220</value>
         <object_component_ref idref="oc-a"/>
      </symbol>
      <symbol id="sm-f8">
         <name>_c_int00</name>
         <value>0x65c0</value>
         <object_component_ref idref="oc-2"/>
      </symbol>
      <symbol id="sm-f9">
         <name>__stack</name>
         <value>0xc378</value>
         <object_component_ref idref="oc-10"/>
      </symbol>
      <symbol id="sm-109">
         <name>__divf</name>
         <value>0x2940</value>
         <object_component_ref idref="oc-b3"/>
      </symbol>
      <symbol id="sm-112">
         <name>__c6xabi_divu</name>
         <value>0x58c0</value>
         <object_component_ref idref="oc-b4"/>
      </symbol>
      <symbol id="sm-113">
         <name>__divu</name>
         <value>0x58c0</value>
         <object_component_ref idref="oc-b4"/>
      </symbol>
      <symbol id="sm-12c">
         <name>C$$EXIT</name>
         <value>0x6c00</value>
         <object_component_ref idref="oc-a8"/>
      </symbol>
      <symbol id="sm-12d">
         <name>_exit</name>
         <value>0x5400</value>
         <object_component_ref idref="oc-9c"/>
      </symbol>
      <symbol id="sm-12e">
         <name>___TI_enable_exit_profile_output</name>
         <value>0xb748</value>
         <object_component_ref idref="oc-1b"/>
      </symbol>
      <symbol id="sm-12f">
         <name>_abort</name>
         <value>0x6c00</value>
         <object_component_ref idref="oc-a8"/>
      </symbol>
      <symbol id="sm-130">
         <name>__cleanup_ptr</name>
         <value>0xb740</value>
         <object_component_ref idref="oc-1b"/>
      </symbol>
      <symbol id="sm-131">
         <name>__dtors_ptr</name>
         <value>0xb744</value>
         <object_component_ref idref="oc-1b"/>
      </symbol>
      <symbol id="sm-143">
         <name>_fclose</name>
         <value>0x4b60</value>
         <object_component_ref idref="oc-b8"/>
      </symbol>
      <symbol id="sm-150">
         <name>__doflush</name>
         <value>0x5980</value>
         <object_component_ref idref="oc-c0"/>
      </symbol>
      <symbol id="sm-17b">
         <name>__cleanup</name>
         <value>0x5740</value>
         <object_component_ref idref="oc-cc"/>
      </symbol>
      <symbol id="sm-17c">
         <name>_fopen</name>
         <value>0x68a0</value>
         <object_component_ref idref="oc-b5"/>
      </symbol>
      <symbol id="sm-18e">
         <name>_fprintf</name>
         <value>0x6640</value>
         <object_component_ref idref="oc-b6"/>
      </symbol>
      <symbol id="sm-1a0">
         <name>_putc</name>
         <value>0x47c0</value>
         <object_component_ref idref="oc-c6"/>
      </symbol>
      <symbol id="sm-1a1">
         <name>_fputc</name>
         <value>0x47c0</value>
         <object_component_ref idref="oc-c6"/>
      </symbol>
      <symbol id="sm-1bb">
         <name>_fputs</name>
         <value>0x1b80</value>
         <object_component_ref idref="oc-c5"/>
      </symbol>
      <symbol id="sm-1c8">
         <name>_fseek</name>
         <value>0x5a40</value>
         <object_component_ref idref="oc-b7"/>
      </symbol>
      <symbol id="sm-219">
         <name>_unlink</name>
         <value>0x67c0</value>
         <object_component_ref idref="oc-d1"/>
      </symbol>
      <symbol id="sm-21a">
         <name>_open</name>
         <value>0x4380</value>
         <object_component_ref idref="oc-cd"/>
      </symbol>
      <symbol id="sm-21b">
         <name>_lseek</name>
         <value>0x5b00</value>
         <object_component_ref idref="oc-c1"/>
      </symbol>
      <symbol id="sm-21c">
         <name>_close</name>
         <value>0x5320</value>
         <object_component_ref idref="oc-c3"/>
      </symbol>
      <symbol id="sm-21d">
         <name>_write</name>
         <value>0x5c80</value>
         <object_component_ref idref="oc-ce"/>
      </symbol>
      <symbol id="sm-225">
         <name>_memcpy</name>
         <value>0x6240</value>
         <object_component_ref idref="oc-a6"/>
      </symbol>
      <symbol id="sm-25d">
         <name>__sys_memory</name>
         <value>0xcb78</value>
         <object_component_ref idref="oc-41"/>
      </symbol>
      <symbol id="sm-25e">
         <name>_free</name>
         <value>0x2bc0</value>
         <object_component_ref idref="oc-c2"/>
      </symbol>
      <symbol id="sm-25f">
         <name>_malloc</name>
         <value>0x4200</value>
         <object_component_ref idref="oc-e4"/>
      </symbol>
      <symbol id="sm-26a">
         <name>_memset</name>
         <value>0x54e0</value>
         <object_component_ref idref="oc-cb"/>
      </symbol>
      <symbol id="sm-27c">
         <name>_printf</name>
         <value>0x66c0</value>
         <object_component_ref idref="oc-b2"/>
      </symbol>
      <symbol id="sm-286">
         <name>_remove</name>
         <value>0x6c20</value>
         <object_component_ref idref="oc-c4"/>
      </symbol>
      <symbol id="sm-2b0">
         <name>_HOSTopen</name>
         <value>0x5080</value>
         <object_component_ref idref="oc-9d"/>
      </symbol>
      <symbol id="sm-2b1">
         <name>_HOSTread</name>
         <value>0x5160</value>
         <object_component_ref idref="oc-9f"/>
      </symbol>
      <symbol id="sm-2b2">
         <name>_HOSTrename</name>
         <value>0x4080</value>
         <object_component_ref idref="oc-a3"/>
      </symbol>
      <symbol id="sm-2b3">
         <name>_HOSTwrite</name>
         <value>0x5680</value>
         <object_component_ref idref="oc-a0"/>
      </symbol>
      <symbol id="sm-2b4">
         <name>_HOSTlseek</name>
         <value>0x4c80</value>
         <object_component_ref idref="oc-a1"/>
      </symbol>
      <symbol id="sm-2b5">
         <name>_HOSTunlink</name>
         <value>0x55c0</value>
         <object_component_ref idref="oc-a2"/>
      </symbol>
      <symbol id="sm-2b6">
         <name>_HOSTclose</name>
         <value>0x5d40</value>
         <object_component_ref idref="oc-9e"/>
      </symbol>
      <symbol id="sm-2c6">
         <name>C$$IO$$</name>
         <value>0x69b8</value>
         <object_component_ref idref="oc-a9"/>
      </symbol>
      <symbol id="sm-2c7">
         <name>__CIOBUF_</name>
         <value>0xd378</value>
         <object_component_ref idref="oc-52"/>
      </symbol>
      <symbol id="sm-2c8">
         <name>_readmsg</name>
         <value>0x6740</value>
         <object_component_ref idref="oc-aa"/>
      </symbol>
      <symbol id="sm-2c9">
         <name>_writemsg</name>
         <value>0x6960</value>
         <object_component_ref idref="oc-a9"/>
      </symbol>
      <symbol id="sm-2d8">
         <name>__wrt_ok</name>
         <value>0x4f80</value>
         <object_component_ref idref="oc-d2"/>
      </symbol>
      <symbol id="sm-2e6">
         <name>__unlock</name>
         <value>0xb750</value>
         <object_component_ref idref="oc-5a"/>
      </symbol>
      <symbol id="sm-2e7">
         <name>__lock</name>
         <value>0xb74c</value>
         <object_component_ref idref="oc-5a"/>
      </symbol>
      <symbol id="sm-2e8">
         <name>__nop</name>
         <value>0x6b60</value>
         <object_component_ref idref="oc-a4"/>
      </symbol>
      <symbol id="sm-3f5">
         <name>__printfi</name>
         <value>0x1740</value>
         <object_component_ref idref="oc-bb"/>
      </symbol>
      <symbol id="sm-3ff">
         <name>__args_main</name>
         <value>0x6a40</value>
         <object_component_ref idref="oc-9b"/>
      </symbol>
      <symbol id="sm-400">
         <name>__TI_args_main</name>
         <value>0x1</value>
      </symbol>
      <symbol id="sm-40e">
         <name>_atoi</name>
         <value>0x5240</value>
         <object_component_ref idref="oc-d3"/>
      </symbol>
      <symbol id="sm-420">
         <name>__auto_init</name>
         <value>0x4d80</value>
         <object_component_ref idref="oc-9a"/>
      </symbol>
      <symbol id="sm-42e">
         <name>_copy_in</name>
         <value>0x6100</value>
         <object_component_ref idref="oc-a5"/>
      </symbol>
      <symbol id="sm-436">
         <name>__ctypes_</name>
         <value>0xa5b8</value>
         <object_component_ref idref="oc-da"/>
      </symbol>
      <symbol id="sm-440">
         <name>__tmpnams</name>
         <value>0xb408</value>
         <object_component_ref idref="oc-71"/>
      </symbol>
      <symbol id="sm-441">
         <name>__ft_end</name>
         <value>0xb548</value>
         <object_component_ref idref="oc-71"/>
      </symbol>
      <symbol id="sm-442">
         <name>__ftable</name>
         <value>0xb228</value>
         <object_component_ref idref="oc-71"/>
      </symbol>
      <symbol id="sm-454">
         <name>__divd</name>
         <value>0x6e0</value>
         <object_component_ref idref="oc-ea"/>
      </symbol>
      <symbol id="sm-461">
         <name>__fixdli</name>
         <value>0x5fc0</value>
         <object_component_ref idref="oc-ec"/>
      </symbol>
      <symbol id="sm-46c">
         <name>__fltlid</name>
         <value>0x64c0</value>
         <object_component_ref idref="oc-ee"/>
      </symbol>
      <symbol id="sm-476">
         <name>__frcmpyd_div</name>
         <value>0x6a80</value>
         <object_component_ref idref="oc-f0"/>
      </symbol>
      <symbol id="sm-486">
         <name>__divul</name>
         <value>0x3ee0</value>
         <object_component_ref idref="oc-f1"/>
      </symbol>
      <symbol id="sm-487">
         <name>__remli</name>
         <value>0x6b00</value>
         <object_component_ref idref="oc-f3"/>
      </symbol>
      <symbol id="sm-488">
         <name>__divli</name>
         <value>0x5de0</value>
         <object_component_ref idref="oc-f4"/>
      </symbol>
      <symbol id="sm-49c">
         <name>__subcull</name>
         <value>0x6840</value>
         <object_component_ref idref="oc-f6"/>
      </symbol>
      <symbol id="sm-49d">
         <name>__divull</name>
         <value>0x2e40</value>
         <object_component_ref idref="oc-f2"/>
      </symbol>
      <symbol id="sm-4a7">
         <name>___isinf</name>
         <value>0x69c0</value>
         <object_component_ref idref="oc-dc"/>
      </symbol>
      <symbol id="sm-4b5">
         <name>__llshl</name>
         <value>0x6540</value>
         <object_component_ref idref="oc-f5"/>
      </symbol>
      <symbol id="sm-4b6">
         <name>__llshru</name>
         <value>0x6ac0</value>
         <object_component_ref idref="oc-ef"/>
      </symbol>
      <symbol id="sm-4c3">
         <name>_ltoa</name>
         <value>0x5bc0</value>
         <object_component_ref idref="oc-ed"/>
      </symbol>
      <symbol id="sm-4d0">
         <name>_memccpy</name>
         <value>0x6900</value>
         <object_component_ref idref="oc-d6"/>
      </symbol>
      <symbol id="sm-4da">
         <name>__negll</name>
         <value>0x6b40</value>
         <object_component_ref idref="oc-e1"/>
      </symbol>
      <symbol id="sm-4eb">
         <name>_setvbuf</name>
         <value>0x4500</value>
         <object_component_ref idref="oc-d9"/>
      </symbol>
   </symbol_table>
</link_info>
