******************************************************************************
               TMS320C6x Linker Unix v7.3.23                   
******************************************************************************
>> Linked Tue Jan 20 16:55:47 2026

OUTPUT FILE NAME:   <lab1.out>
ENTRY POINT SYMBOL: "_c_int00"  address: 80005620


MEMORY CONFIGURATION

         name            origin    length      used     unused   attr    fill
----------------------  --------  ---------  --------  --------  ----  --------
  DSPL2ROM              00700000   00100000  00000000  00100000  RWIX
  DSPL2RAM              00800000   00040000  00000000  00040000  RWIX
  DSPL1PRAM             00e00000   00008000  00000000  00008000  RWIX
  DSPL1DRAM             00f00000   00008000  00000000  00008000  RWIX
  SHDSPL2ROM            11700000   00100000  00000000  00100000  RWIX
  SHDSPL2RAM            11800000   00040000  00000000  00040000  RWIX
  SHDSPL1PRAM           11e00000   00008000  00000000  00008000  RWIX
  SHDSPL1DRAM           11f00000   00008000  00000000  00008000  RWIX
  EMIFACS0              40000000   20000000  00000000  20000000  RWIX
  EMIFACS2              60000000   02000000  00000000  02000000  RWIX
  EMIFACS3              62000000   02000000  00000000  02000000  RWIX
  EMIFACS4              64000000   02000000  00000000  02000000  RWIX
  EMIFACS5              66000000   02000000  00000000  02000000  RWIX
  SHRAM                 80000000   00020000  00007488  00018b78  RWIX
  DDR2                  c0000000   20000000  00000000  20000000  RWIX


SECTION ALLOCATION MAP

 output                                  attributes/
section   page    origin      length       input sections
--------  ----  ----------  ----------   ----------------
.pinit     0    80000000    00000000     UNINITIALIZED

.bss       0    80000000    00000000     UNINITIALIZED

.data      0    80000000    00000000     UNINITIALIZED

.text      0    80000000    00005b80     
                  80000000    000005a0     rts6740.lib : divd.obj (.text:__divd)
                  800005a0    00000580                 : _printfi.obj (.text:__getarg_diouxp)
                  80000b20    00000540                 : _printfi.obj (.text:__setfield)
                  80001060    00000440                 : _printfi.obj (.text:__printfi)
                  800014a0    00000300                 : fputs.obj (.text:_fputs)
                  800017a0    000002c0                 : _printfi.obj (.text:__pproc_fge)
                  80001a60    000002c0                 : _printfi.obj (.text:__pproc_fwp)
                  80001d20    000002a0                 : _printfi.obj (.text:_ecvt)
                  80001fc0    000002a0                 : _printfi.obj (.text:_fcvt)
                  80002260    00000280                 : memory.obj (.text:_free)
                  800024e0    00000260                 : imath64.obj (.text:__divull)
                  80002740    00000260                 : _printfi.obj (.text:__pconv_e)
                  800029a0    00000240                 : _printfi.obj (.text:__pproc_diouxp)
                  80002be0    00000220                 : _printfi.obj (.text:__pproc_str)
                  80002e00    00000200                 : _printfi.obj (.text:__pconv_g)
                  80003000    000001c0                 : _printfi.obj (.text:__mcpy)
                  800031c0    000001a0                 : imath40.obj (.text:__divul)
                  80003360    00000180                 : trgdrv.obj (.text:_HOSTrename)
                  800034e0    00000180                 : memory.obj (.text:_malloc)
                  80003660    00000180                 : setvbuf.obj (.text:_setvbuf)
                  800037e0    00000140                 : _printfi.obj (.text:__pproc_fflags)
                  80003920    00000140                 : fputc.obj (.text:_fputc)
                  80003a60    00000140                 : lowlev.obj (.text:_getdevice)
                  80003ba0    00000120                 : fclose.obj (.text:_fclose)
                  80003cc0    00000100                 : trgdrv.obj (.text:_HOSTlseek)
                  80003dc0    00000100                 : autoinit.obj (.text:__auto_init)
                  80003ec0    00000100                 : _printfi.obj (.text:__ltostr)
                  80003fc0    00000100                 : _io_perm.obj (.text:__wrt_ok)
                  800040c0    000000e0                 : trgdrv.obj (.text:_HOSTopen)
                  800041a0    000000e0                 : trgdrv.obj (.text:_HOSTread)
                  80004280    000000e0                 : atoi.obj (.text:_atoi)
                  80004360    000000e0                 : lowlev.obj (.text:_close)
                  80004440    000000e0                 : exit.obj (.text:_exit)
                  80004520    000000e0                 : memset.obj (.text:_memset)
                  80004600    000000c0                 : trgdrv.obj (.text:_HOSTunlink)
                  800046c0    000000c0                 : trgdrv.obj (.text:_HOSTwrite)
                  80004780    000000c0                 : fopen.obj (.text:__cleanup)
                  80004840    000000c0                 : _printfi.obj (.text:__div)
                  80004900    000000c0                 : divu.obj (.text:__divu)
                  800049c0    000000c0                 : fflush.obj (.text:__doflush)
                  80004a80    000000c0                 : fseek.obj (.text:_fseek)
                  80004b40    000000c0                 : lowlev.obj (.text:_lseek)
                  80004c00    000000c0                 : ltoa.obj (.text:_ltoa)
                  80004cc0    000000c0                 : lowlev.obj (.text:_write)
                  80004d80    000000c0     main.obj (.text)
                  80004e40    000000a0     rts6740.lib : trgdrv.obj (.text:_HOSTclose)
                  80004ee0    000000a0                 : imath40.obj (.text:__divli)
                  80004f80    000000a0                 : _printfi.obj (.text:__ecpy)
                  80005020    000000a0                 : _printfi.obj (.text:__fcpy)
                  800050c0    000000a0                 : fixdli.obj (.text:__fixdli)
                  80005160    000000a0                 : _printfi.obj (.text:__pconv_f)
                  80005200    000000a0                 : cpy_tbl.obj (.text:_copy_in)
                  800052a0    000000a0                 : lowlev.obj (.text:_finddevice)
                  80005340    000000a0                 : memcpy64.obj (.text:_memcpy)
                  800053e0    000000a0                 : memory.obj (.text:_minsert)
                  80005480    000000a0                 : memory.obj (.text:_mremove)
                  80005520    00000080                 : fltlid.obj (.text:__fltlid)
                  800055a0    00000080                 : llshift.obj (.text:__llshl)
                  80005620    00000080                 : boot.obj (.text:_c_int00)
                  800056a0    00000080                 : printf.obj (.text:_printf)
                  80005720    00000080                 : trgmsg.obj (.text:_readmsg)
                  800057a0    00000080                 : lowlev.obj (.text:_unlink)
                  80005820    00000060                 : imath64.obj (.text:__subcull)
                  80005880    00000060                 : memccpy.obj (.text:_memccpy)
                  800058e0    00000060                 : trgmsg.obj (.text:_writemsg)
                  80005940    00000040                 : isinf.obj (.text:___isinf)
                  80005980    00000040                 : _printfi.obj (.text:___isnan)
                  800059c0    00000040                 : args_main.obj (.text:__args_main)
                  80005a00    00000040                 : frcmpyd_div.obj (.text:__frcmpyd_div)
                  80005a40    00000040                 : llshift.obj (.text:__llshru)
                  80005a80    00000040                 : imath40.obj (.text:__remli)
                  80005ac0    00000020                 : negll.obj (.text:__negll)
                  80005ae0    00000020                 : _lock.obj (.text:__nop)
                  80005b00    00000020                 : printf.obj (.text:__outc)
                  80005b20    00000020                 : printf.obj (.text:__outs)
                  80005b40    00000020                 : exit.obj (.text:_abort)
                  80005b60    00000020                 : remove.obj (.text:_remove)

.stack     0    80005b80    00000800     UNINITIALIZED
                  80005b80    00000008     rts6740.lib : boot.obj (.stack)
                  80005b88    000007f8     --HOLE--

.sysmem    0    80006380    00000800     UNINITIALIZED
                  80006380    00000008     rts6740.lib : memory.obj (.sysmem)
                  80006388    000007f8     --HOLE--

.far       0    80006b80    00000548     UNINITIALIZED
                  80006b80    00000324     rts6740.lib : defs.obj (.far)
                  80006ea4    00000004                 : fopen.obj (.far)
                  80006ea8    0000011c                 : lowlev.obj (.far)
                  80006fc4    00000004     --HOLE--
                  80006fc8    000000d0                 : trgdrv.obj (.far)
                  80007098    00000014     main.obj (.far)
                  800070ac    0000000c     rts6740.lib : exit.obj (.far)
                  800070b8    00000008                 : _lock.obj (.far)
                  800070c0    00000008                 : memory.obj (.far)

.cinit     0    800070c8    00000174     
                  800070c8    0000005c     rts6740.lib : defs.obj (.cinit)
                  80007124    00000004     --HOLE-- [fill = 0]
                  80007128    0000005c                 : lowlev.obj (.cinit)
                  80007184    00000004     --HOLE-- [fill = 0]
                  80007188    0000002c                 : exit.obj (.cinit)
                  800071b4    00000004     --HOLE-- [fill = 0]
                  800071b8    0000002c                 : memory.obj (.cinit)
                  800071e4    00000004     --HOLE-- [fill = 0]
                  800071e8    0000001c     main.obj (.cinit)
                  80007204    00000004     --HOLE-- [fill = 0]
                  80007208    0000001c     rts6740.lib : _lock.obj (.cinit)
                  80007224    00000004     --HOLE-- [fill = 0]
                  80007228    0000000c                 : fopen.obj (.cinit)
                  80007234    00000004     --HOLE-- [fill = 0]
                  80007238    00000004     (.pad.cinit) [fill = 0]

.const     0    80007240    0000012c     
                  80007240    00000101     rts6740.lib : ctype.obj (.const:.string:__ctypes_)
                  80007341    00000023                 : _printfi.obj (.const:.string)
                  80007364    00000006     main.obj (.const:.string)
                  8000736a    00000002     rts6740.lib : fputs.obj (.const:.string)

.cio       0    80007370    00000120     UNINITIALIZED
                  80007370    00000120     rts6740.lib : trgmsg.obj (.cio)


GLOBAL SYMBOLS: SORTED ALPHABETICALLY BY Name 

address    name
--------   ----
80000000   $bss
80000000   .bss
80000000   .data
80000000   .text
80005b40   C$$EXIT
80005938   C$$IO$$
80004e40   _HOSTclose
80003cc0   _HOSTlseek
800040c0   _HOSTopen
800041a0   _HOSTread
80003360   _HOSTrename
80004600   _HOSTunlink
800046c0   _HOSTwrite
80007370   __CIOBUF_
80006380   __STACK_END
00000800   __STACK_SIZE
00000800   __SYSMEM_SIZE
00000001   __TI_args_main
800070b4   ___TI_enable_exit_profile_output
ffffffff   ___TI_pprof_out_hndl
ffffffff   ___TI_prof_data_size
ffffffff   ___TI_prof_data_start
ffffffff   ___binit__
80000000   ___bss__
ffffffff   ___c_args__
800070c8   ___cinit__
80000000   ___data__
80000000   ___edata__
80000000   ___end__
80005b80   ___etext__
80005940   ___isinf
ffffffff   ___pinit__
80000000   ___text__
800059c0   __args_main
80003dc0   __auto_init
80004900   __c6xabi_divu
80004780   __cleanup
800070ac   __cleanup_ptr
80007240   __ctypes_
80000000   __divd
80004ee0   __divli
80004900   __divu
800031c0   __divul
800024e0   __divull
800049c0   __doflush
800070b0   __dtors_ptr
800050c0   __fixdli
80005520   __fltlid
80005a00   __frcmpyd_div
80006ea0   __ft_end
80006b80   __ftable
800055a0   __llshl
80005a40   __llshru
800070b8   __lock
80005ac0   __negll
80005ae0   __nop
80001060   __printfi
80005a80   __remli
80005b80   __stack
80005820   __subcull
80006380   __sys_memory
80006d60   __tmpnams
800070bc   __unlock
80003fc0   __wrt_ok
80005b40   _abort
80004280   _atoi
80005620   _c_int00
80004360   _close
80005200   _copy_in
80004440   _exit
80003ba0   _fclose
80003920   _fputc
800014a0   _fputs
80002260   _free
80004a80   _fseek
80007098   _g_buf
80004b40   _lseek
80004c00   _ltoa
80004de0   _main
800034e0   _malloc
80005880   _memccpy
80005340   _memcpy
80004520   _memset
800056a0   _printf
80003920   _putc
80005720   _readmsg
80005b60   _remove
80003660   _setvbuf
800057a0   _unlink
80004cc0   _write
800058e0   _writemsg
ffffffff   binit
800070c8   cinit
80000000   edata
80000000   end
80005b80   etext
ffffffff   pinit


GLOBAL SYMBOLS: SORTED BY Symbol Address 

address    name
--------   ----
00000001   __TI_args_main
00000800   __STACK_SIZE
00000800   __SYSMEM_SIZE
80000000   $bss
80000000   .bss
80000000   .data
80000000   .text
80000000   ___bss__
80000000   ___data__
80000000   ___edata__
80000000   ___end__
80000000   ___text__
80000000   __divd
80000000   edata
80000000   end
80001060   __printfi
800014a0   _fputs
80002260   _free
800024e0   __divull
800031c0   __divul
80003360   _HOSTrename
800034e0   _malloc
80003660   _setvbuf
80003920   _fputc
80003920   _putc
80003ba0   _fclose
80003cc0   _HOSTlseek
80003dc0   __auto_init
80003fc0   __wrt_ok
800040c0   _HOSTopen
800041a0   _HOSTread
80004280   _atoi
80004360   _close
80004440   _exit
80004520   _memset
80004600   _HOSTunlink
800046c0   _HOSTwrite
80004780   __cleanup
80004900   __c6xabi_divu
80004900   __divu
800049c0   __doflush
80004a80   _fseek
80004b40   _lseek
80004c00   _ltoa
80004cc0   _write
80004de0   _main
80004e40   _HOSTclose
80004ee0   __divli
800050c0   __fixdli
80005200   _copy_in
80005340   _memcpy
80005520   __fltlid
800055a0   __llshl
80005620   _c_int00
800056a0   _printf
80005720   _readmsg
800057a0   _unlink
80005820   __subcull
80005880   _memccpy
800058e0   _writemsg
80005938   C$$IO$$
80005940   ___isinf
800059c0   __args_main
80005a00   __frcmpyd_div
80005a40   __llshru
80005a80   __remli
80005ac0   __negll
80005ae0   __nop
80005b40   C$$EXIT
80005b40   _abort
80005b60   _remove
80005b80   ___etext__
80005b80   __stack
80005b80   etext
80006380   __STACK_END
80006380   __sys_memory
80006b80   __ftable
80006d60   __tmpnams
80006ea0   __ft_end
80007098   _g_buf
800070ac   __cleanup_ptr
800070b0   __dtors_ptr
800070b4   ___TI_enable_exit_profile_output
800070b8   __lock
800070bc   __unlock
800070c8   ___cinit__
800070c8   cinit
80007240   __ctypes_
80007370   __CIOBUF_
ffffffff   ___TI_pprof_out_hndl
ffffffff   ___TI_prof_data_size
ffffffff   ___TI_prof_data_start
ffffffff   ___binit__
ffffffff   ___c_args__
ffffffff   ___pinit__
ffffffff   binit
ffffffff   pinit

[97 symbols]
