<?xml version="1.0"?>
<link_info>
   <banner>TMS320C6x Linker Unix v7.3.23</banner>
   <copyright>Copyright (c) 1996-2015 Texas Instruments Incorporated</copyright>
   <link_time>0x696fb393</link_time>
   <output_file>lab1.out</output_file>
   <entry_point>
      <name>_c_int00</name>
      <address>0x80005620</address>
   </entry_point>
   <input_file_list>
      <input_file id="fl-2">
         <path>./</path>
         <kind>object</kind>
         <file>main.obj</file>
         <name>main.obj</name>
      </input_file>
      <input_file id="fl-71">
         <path>/home/preben/myApps/ti/ccs1280/ccs/tools/compiler/c6000_7.3.23/lib/</path>
         <kind>archive</kind>
         <file>rts6740.lib</file>
         <name>boot.obj</name>
      </input_file>
      <input_file id="fl-72">
         <path>/home/preben/myApps/ti/ccs1280/ccs/tools/compiler/c6000_7.3.23/lib/</path>
         <kind>archive</kind>
         <file>rts6740.lib</file>
         <name>exit.obj</name>
      </input_file>
      <input_file id="fl-73">
         <path>/home/preben/myApps/ti/ccs1280/ccs/tools/compiler/c6000_7.3.23/lib/</path>
         <kind>archive</kind>
         <file>rts6740.lib</file>
         <name>memset.obj</name>
      </input_file>
      <input_file id="fl-74">
         <path>/home/preben/myApps/ti/ccs1280/ccs/tools/compiler/c6000_7.3.23/lib/</path>
         <kind>archive</kind>
         <file>rts6740.lib</file>
         <name>printf.obj</name>
      </input_file>
      <input_file id="fl-75">
         <path>/home/preben/myApps/ti/ccs1280/ccs/tools/compiler/c6000_7.3.23/lib/</path>
         <kind>archive</kind>
         <file>rts6740.lib</file>
         <name>_lock.obj</name>
      </input_file>
      <input_file id="fl-76">
         <path>/home/preben/myApps/ti/ccs1280/ccs/tools/compiler/c6000_7.3.23/lib/</path>
         <kind>archive</kind>
         <file>rts6740.lib</file>
         <name>_printfi.obj</name>
      </input_file>
      <input_file id="fl-77">
         <path>/home/preben/myApps/ti/ccs1280/ccs/tools/compiler/c6000_7.3.23/lib/</path>
         <kind>archive</kind>
         <file>rts6740.lib</file>
         <name>args_main.obj</name>
      </input_file>
      <input_file id="fl-78">
         <path>/home/preben/myApps/ti/ccs1280/ccs/tools/compiler/c6000_7.3.23/lib/</path>
         <kind>archive</kind>
         <file>rts6740.lib</file>
         <name>atoi.obj</name>
      </input_file>
      <input_file id="fl-79">
         <path>/home/preben/myApps/ti/ccs1280/ccs/tools/compiler/c6000_7.3.23/lib/</path>
         <kind>archive</kind>
         <file>rts6740.lib</file>
         <name>autoinit.obj</name>
      </input_file>
      <input_file id="fl-7a">
         <path>/home/preben/myApps/ti/ccs1280/ccs/tools/compiler/c6000_7.3.23/lib/</path>
         <kind>archive</kind>
         <file>rts6740.lib</file>
         <name>cpy_tbl.obj</name>
      </input_file>
      <input_file id="fl-7b">
         <path>/home/preben/myApps/ti/ccs1280/ccs/tools/compiler/c6000_7.3.23/lib/</path>
         <kind>archive</kind>
         <file>rts6740.lib</file>
         <name>ctype.obj</name>
      </input_file>
      <input_file id="fl-7c">
         <path>/home/preben/myApps/ti/ccs1280/ccs/tools/compiler/c6000_7.3.23/lib/</path>
         <kind>archive</kind>
         <file>rts6740.lib</file>
         <name>defs.obj</name>
      </input_file>
      <input_file id="fl-7d">
         <path>/home/preben/myApps/ti/ccs1280/ccs/tools/compiler/c6000_7.3.23/lib/</path>
         <kind>archive</kind>
         <file>rts6740.lib</file>
         <name>divd.obj</name>
      </input_file>
      <input_file id="fl-7e">
         <path>/home/preben/myApps/ti/ccs1280/ccs/tools/compiler/c6000_7.3.23/lib/</path>
         <kind>archive</kind>
         <file>rts6740.lib</file>
         <name>divu.obj</name>
      </input_file>
      <input_file id="fl-7f">
         <path>/home/preben/myApps/ti/ccs1280/ccs/tools/compiler/c6000_7.3.23/lib/</path>
         <kind>archive</kind>
         <file>rts6740.lib</file>
         <name>fixdli.obj</name>
      </input_file>
      <input_file id="fl-80">
         <path>/home/preben/myApps/ti/ccs1280/ccs/tools/compiler/c6000_7.3.23/lib/</path>
         <kind>archive</kind>
         <file>rts6740.lib</file>
         <name>fltlid.obj</name>
      </input_file>
      <input_file id="fl-81">
         <path>/home/preben/myApps/ti/ccs1280/ccs/tools/compiler/c6000_7.3.23/lib/</path>
         <kind>archive</kind>
         <file>rts6740.lib</file>
         <name>fputc.obj</name>
      </input_file>
      <input_file id="fl-82">
         <path>/home/preben/myApps/ti/ccs1280/ccs/tools/compiler/c6000_7.3.23/lib/</path>
         <kind>archive</kind>
         <file>rts6740.lib</file>
         <name>fputs.obj</name>
      </input_file>
      <input_file id="fl-83">
         <path>/home/preben/myApps/ti/ccs1280/ccs/tools/compiler/c6000_7.3.23/lib/</path>
         <kind>archive</kind>
         <file>rts6740.lib</file>
         <name>frcmpyd_div.obj</name>
      </input_file>
      <input_file id="fl-84">
         <path>/home/preben/myApps/ti/ccs1280/ccs/tools/compiler/c6000_7.3.23/lib/</path>
         <kind>archive</kind>
         <file>rts6740.lib</file>
         <name>imath40.obj</name>
      </input_file>
      <input_file id="fl-85">
         <path>/home/preben/myApps/ti/ccs1280/ccs/tools/compiler/c6000_7.3.23/lib/</path>
         <kind>archive</kind>
         <file>rts6740.lib</file>
         <name>imath64.obj</name>
      </input_file>
      <input_file id="fl-86">
         <path>/home/preben/myApps/ti/ccs1280/ccs/tools/compiler/c6000_7.3.23/lib/</path>
         <kind>archive</kind>
         <file>rts6740.lib</file>
         <name>isinf.obj</name>
      </input_file>
      <input_file id="fl-87">
         <path>/home/preben/myApps/ti/ccs1280/ccs/tools/compiler/c6000_7.3.23/lib/</path>
         <kind>archive</kind>
         <file>rts6740.lib</file>
         <name>llshift.obj</name>
      </input_file>
      <input_file id="fl-88">
         <path>/home/preben/myApps/ti/ccs1280/ccs/tools/compiler/c6000_7.3.23/lib/</path>
         <kind>archive</kind>
         <file>rts6740.lib</file>
         <name>lowlev.obj</name>
      </input_file>
      <input_file id="fl-89">
         <path>/home/preben/myApps/ti/ccs1280/ccs/tools/compiler/c6000_7.3.23/lib/</path>
         <kind>archive</kind>
         <file>rts6740.lib</file>
         <name>ltoa.obj</name>
      </input_file>
      <input_file id="fl-8a">
         <path>/home/preben/myApps/ti/ccs1280/ccs/tools/compiler/c6000_7.3.23/lib/</path>
         <kind>archive</kind>
         <file>rts6740.lib</file>
         <name>memccpy.obj</name>
      </input_file>
      <input_file id="fl-8b">
         <path>/home/preben/myApps/ti/ccs1280/ccs/tools/compiler/c6000_7.3.23/lib/</path>
         <kind>archive</kind>
         <file>rts6740.lib</file>
         <name>memcpy64.obj</name>
      </input_file>
      <input_file id="fl-8c">
         <path>/home/preben/myApps/ti/ccs1280/ccs/tools/compiler/c6000_7.3.23/lib/</path>
         <kind>archive</kind>
         <file>rts6740.lib</file>
         <name>negll.obj</name>
      </input_file>
      <input_file id="fl-8d">
         <path>/home/preben/myApps/ti/ccs1280/ccs/tools/compiler/c6000_7.3.23/lib/</path>
         <kind>archive</kind>
         <file>rts6740.lib</file>
         <name>trgdrv.obj</name>
      </input_file>
      <input_file id="fl-8e">
         <path>/home/preben/myApps/ti/ccs1280/ccs/tools/compiler/c6000_7.3.23/lib/</path>
         <kind>archive</kind>
         <file>rts6740.lib</file>
         <name>trgmsg.obj</name>
      </input_file>
      <input_file id="fl-8f">
         <path>/home/preben/myApps/ti/ccs1280/ccs/tools/compiler/c6000_7.3.23/lib/</path>
         <kind>archive</kind>
         <file>rts6740.lib</file>
         <name>_io_perm.obj</name>
      </input_file>
      <input_file id="fl-90">
         <path>/home/preben/myApps/ti/ccs1280/ccs/tools/compiler/c6000_7.3.23/lib/</path>
         <kind>archive</kind>
         <file>rts6740.lib</file>
         <name>abs.obj</name>
      </input_file>
      <input_file id="fl-91">
         <path>/home/preben/myApps/ti/ccs1280/ccs/tools/compiler/c6000_7.3.23/lib/</path>
         <kind>archive</kind>
         <file>rts6740.lib</file>
         <name>fflush.obj</name>
      </input_file>
      <input_file id="fl-92">
         <path>/home/preben/myApps/ti/ccs1280/ccs/tools/compiler/c6000_7.3.23/lib/</path>
         <kind>archive</kind>
         <file>rts6740.lib</file>
         <name>fseek.obj</name>
      </input_file>
      <input_file id="fl-93">
         <path>/home/preben/myApps/ti/ccs1280/ccs/tools/compiler/c6000_7.3.23/lib/</path>
         <kind>archive</kind>
         <file>rts6740.lib</file>
         <name>setvbuf.obj</name>
      </input_file>
      <input_file id="fl-94">
         <path>/home/preben/myApps/ti/ccs1280/ccs/tools/compiler/c6000_7.3.23/lib/</path>
         <kind>archive</kind>
         <file>rts6740.lib</file>
         <name>fopen.obj</name>
      </input_file>
      <input_file id="fl-95">
         <path>/home/preben/myApps/ti/ccs1280/ccs/tools/compiler/c6000_7.3.23/lib/</path>
         <kind>archive</kind>
         <file>rts6740.lib</file>
         <name>memory.obj</name>
      </input_file>
      <input_file id="fl-96">
         <path>/home/preben/myApps/ti/ccs1280/ccs/tools/compiler/c6000_7.3.23/lib/</path>
         <kind>archive</kind>
         <file>rts6740.lib</file>
         <name>fclose.obj</name>
      </input_file>
      <input_file id="fl-97">
         <path>/home/preben/myApps/ti/ccs1280/ccs/tools/compiler/c6000_7.3.23/lib/</path>
         <kind>archive</kind>
         <file>rts6740.lib</file>
         <name>remove.obj</name>
      </input_file>
   </input_file_list>
   <object_component_list>
      <object_component id="oc-da">
         <name>.text:__divd</name>
         <load_address>0x80000000</load_address>
         <run_address>0x80000000</run_address>
         <size>0x5a0</size>
         <input_file_ref idref="fl-7d"/>
      </object_component>
      <object_component id="oc-ce">
         <name>.text:__getarg_diouxp</name>
         <load_address>0x800005a0</load_address>
         <run_address>0x800005a0</run_address>
         <size>0x580</size>
         <input_file_ref idref="fl-76"/>
      </object_component>
      <object_component id="oc-bd">
         <name>.text:__setfield</name>
         <load_address>0x80000b20</load_address>
         <run_address>0x80000b20</run_address>
         <size>0x540</size>
         <input_file_ref idref="fl-76"/>
      </object_component>
      <object_component id="oc-b8">
         <name>.text:__printfi</name>
         <load_address>0x80001060</load_address>
         <run_address>0x80001060</run_address>
         <size>0x440</size>
         <input_file_ref idref="fl-76"/>
      </object_component>
      <object_component id="oc-b9">
         <name>.text:_fputs</name>
         <load_address>0x800014a0</load_address>
         <run_address>0x800014a0</run_address>
         <size>0x300</size>
         <input_file_ref idref="fl-82"/>
      </object_component>
      <object_component id="oc-c3">
         <name>.text:__pproc_fge</name>
         <load_address>0x800017a0</load_address>
         <run_address>0x800017a0</run_address>
         <size>0x2c0</size>
         <input_file_ref idref="fl-76"/>
      </object_component>
      <object_component id="oc-bc">
         <name>.text:__pproc_fwp</name>
         <load_address>0x80001a60</load_address>
         <run_address>0x80001a60</run_address>
         <size>0x2c0</size>
         <input_file_ref idref="fl-76"/>
      </object_component>
      <object_component id="oc-d5">
         <name>.text:_ecvt</name>
         <load_address>0x80001d20</load_address>
         <run_address>0x80001d20</run_address>
         <size>0x2a0</size>
         <input_file_ref idref="fl-76"/>
      </object_component>
      <object_component id="oc-d8">
         <name>.text:_fcvt</name>
         <load_address>0x80001fc0</load_address>
         <run_address>0x80001fc0</run_address>
         <size>0x2a0</size>
         <input_file_ref idref="fl-76"/>
      </object_component>
      <object_component id="oc-d2">
         <name>.text:_free</name>
         <load_address>0x80002260</load_address>
         <run_address>0x80002260</run_address>
         <size>0x280</size>
         <input_file_ref idref="fl-95"/>
      </object_component>
      <object_component id="oc-e6">
         <name>.text:__divull</name>
         <load_address>0x800024e0</load_address>
         <run_address>0x800024e0</run_address>
         <size>0x260</size>
         <input_file_ref idref="fl-85"/>
      </object_component>
      <object_component id="oc-cd">
         <name>.text:__pconv_e</name>
         <load_address>0x80002740</load_address>
         <run_address>0x80002740</run_address>
         <size>0x260</size>
         <input_file_ref idref="fl-76"/>
      </object_component>
      <object_component id="oc-c4">
         <name>.text:__pproc_diouxp</name>
         <load_address>0x800029a0</load_address>
         <run_address>0x800029a0</run_address>
         <size>0x240</size>
         <input_file_ref idref="fl-76"/>
      </object_component>
      <object_component id="oc-be">
         <name>.text:__pproc_str</name>
         <load_address>0x80002be0</load_address>
         <run_address>0x80002be0</run_address>
         <size>0x220</size>
         <input_file_ref idref="fl-76"/>
      </object_component>
      <object_component id="oc-cb">
         <name>.text:__pconv_g</name>
         <load_address>0x80002e00</load_address>
         <run_address>0x80002e00</run_address>
         <size>0x200</size>
         <input_file_ref idref="fl-76"/>
      </object_component>
      <object_component id="oc-d7">
         <name>.text:__mcpy</name>
         <load_address>0x80003000</load_address>
         <run_address>0x80003000</run_address>
         <size>0x1c0</size>
         <input_file_ref idref="fl-76"/>
      </object_component>
      <object_component id="oc-e5">
         <name>.text:__divul</name>
         <load_address>0x800031c0</load_address>
         <run_address>0x800031c0</run_address>
         <size>0x1a0</size>
         <input_file_ref idref="fl-84"/>
      </object_component>
      <object_component id="oc-ad">
         <name>.text:_HOSTrename</name>
         <load_address>0x80003360</load_address>
         <run_address>0x80003360</run_address>
         <size>0x180</size>
         <input_file_ref idref="fl-8d"/>
      </object_component>
      <object_component id="oc-d3">
         <name>.text:_malloc</name>
         <load_address>0x800034e0</load_address>
         <run_address>0x800034e0</run_address>
         <size>0x180</size>
         <input_file_ref idref="fl-95"/>
      </object_component>
      <object_component id="oc-c7">
         <name>.text:_setvbuf</name>
         <load_address>0x80003660</load_address>
         <run_address>0x80003660</run_address>
         <size>0x180</size>
         <input_file_ref idref="fl-93"/>
      </object_component>
      <object_component id="oc-bb">
         <name>.text:__pproc_fflags</name>
         <load_address>0x800037e0</load_address>
         <run_address>0x800037e0</run_address>
         <size>0x140</size>
         <input_file_ref idref="fl-76"/>
      </object_component>
      <object_component id="oc-ba">
         <name>.text:_fputc</name>
         <load_address>0x80003920</load_address>
         <run_address>0x80003920</run_address>
         <size>0x140</size>
         <input_file_ref idref="fl-81"/>
      </object_component>
      <object_component id="oc-ee">
         <name>.text:_getdevice</name>
         <load_address>0x80003a60</load_address>
         <run_address>0x80003a60</run_address>
         <size>0x140</size>
         <input_file_ref idref="fl-88"/>
      </object_component>
      <object_component id="oc-de">
         <name>.text:_fclose</name>
         <load_address>0x80003ba0</load_address>
         <run_address>0x80003ba0</run_address>
         <size>0x120</size>
         <input_file_ref idref="fl-96"/>
      </object_component>
      <object_component id="oc-ab">
         <name>.text:_HOSTlseek</name>
         <load_address>0x80003cc0</load_address>
         <run_address>0x80003cc0</run_address>
         <size>0x100</size>
         <input_file_ref idref="fl-8d"/>
      </object_component>
      <object_component id="oc-a3">
         <name>.text:__auto_init</name>
         <load_address>0x80003dc0</load_address>
         <run_address>0x80003dc0</run_address>
         <size>0x100</size>
         <input_file_ref idref="fl-79"/>
      </object_component>
      <object_component id="oc-d0">
         <name>.text:__ltostr</name>
         <load_address>0x80003ec0</load_address>
         <run_address>0x80003ec0</run_address>
         <size>0x100</size>
         <input_file_ref idref="fl-76"/>
      </object_component>
      <object_component id="oc-bf">
         <name>.text:__wrt_ok</name>
         <load_address>0x80003fc0</load_address>
         <run_address>0x80003fc0</run_address>
         <size>0x100</size>
         <input_file_ref idref="fl-8f"/>
      </object_component>
      <object_component id="oc-a7">
         <name>.text:_HOSTopen</name>
         <load_address>0x800040c0</load_address>
         <run_address>0x800040c0</run_address>
         <size>0xe0</size>
         <input_file_ref idref="fl-8d"/>
      </object_component>
      <object_component id="oc-a9">
         <name>.text:_HOSTread</name>
         <load_address>0x800041a0</load_address>
         <run_address>0x800041a0</run_address>
         <size>0xe0</size>
         <input_file_ref idref="fl-8d"/>
      </object_component>
      <object_component id="oc-c2">
         <name>.text:_atoi</name>
         <load_address>0x80004280</load_address>
         <run_address>0x80004280</run_address>
         <size>0xe0</size>
         <input_file_ref idref="fl-78"/>
      </object_component>
      <object_component id="oc-e7">
         <name>.text:_close</name>
         <load_address>0x80004360</load_address>
         <run_address>0x80004360</run_address>
         <size>0xe0</size>
         <input_file_ref idref="fl-88"/>
      </object_component>
      <object_component id="oc-a5">
         <name>.text:_exit</name>
         <load_address>0x80004440</load_address>
         <run_address>0x80004440</run_address>
         <size>0xe0</size>
         <input_file_ref idref="fl-72"/>
      </object_component>
      <object_component id="oc-b5">
         <name>.text:_memset</name>
         <load_address>0x80004520</load_address>
         <run_address>0x80004520</run_address>
         <size>0xe0</size>
         <input_file_ref idref="fl-73"/>
      </object_component>
      <object_component id="oc-ac">
         <name>.text:_HOSTunlink</name>
         <load_address>0x80004600</load_address>
         <run_address>0x80004600</run_address>
         <size>0xc0</size>
         <input_file_ref idref="fl-8d"/>
      </object_component>
      <object_component id="oc-aa">
         <name>.text:_HOSTwrite</name>
         <load_address>0x800046c0</load_address>
         <run_address>0x800046c0</run_address>
         <size>0xc0</size>
         <input_file_ref idref="fl-8d"/>
      </object_component>
      <object_component id="oc-d4">
         <name>.text:__cleanup</name>
         <load_address>0x80004780</load_address>
         <run_address>0x80004780</run_address>
         <size>0xc0</size>
         <input_file_ref idref="fl-94"/>
      </object_component>
      <object_component id="oc-db">
         <name>.text:__div</name>
         <load_address>0x80004840</load_address>
         <run_address>0x80004840</run_address>
         <size>0xc0</size>
         <input_file_ref idref="fl-76"/>
      </object_component>
      <object_component id="oc-e4">
         <name>.text:__divu</name>
         <load_address>0x80004900</load_address>
         <run_address>0x80004900</run_address>
         <size>0xc0</size>
         <input_file_ref idref="fl-7e"/>
      </object_component>
      <object_component id="oc-c0">
         <name>.text:__doflush</name>
         <load_address>0x800049c0</load_address>
         <run_address>0x800049c0</run_address>
         <size>0xc0</size>
         <input_file_ref idref="fl-91"/>
      </object_component>
      <object_component id="oc-c6">
         <name>.text:_fseek</name>
         <load_address>0x80004a80</load_address>
         <run_address>0x80004a80</run_address>
         <size>0xc0</size>
         <input_file_ref idref="fl-92"/>
      </object_component>
      <object_component id="oc-d1">
         <name>.text:_lseek</name>
         <load_address>0x80004b40</load_address>
         <run_address>0x80004b40</run_address>
         <size>0xc0</size>
         <input_file_ref idref="fl-88"/>
      </object_component>
      <object_component id="oc-e0">
         <name>.text:_ltoa</name>
         <load_address>0x80004c00</load_address>
         <run_address>0x80004c00</run_address>
         <size>0xc0</size>
         <input_file_ref idref="fl-89"/>
      </object_component>
      <object_component id="oc-c1">
         <name>.text:_write</name>
         <load_address>0x80004cc0</load_address>
         <run_address>0x80004cc0</run_address>
         <size>0xc0</size>
         <input_file_ref idref="fl-88"/>
      </object_component>
      <object_component id="oc-b0">
         <name>.text</name>
         <load_address>0x80004d80</load_address>
         <run_address>0x80004d80</run_address>
         <size>0xc0</size>
         <input_file_ref idref="fl-2"/>
      </object_component>
      <object_component id="oc-a8">
         <name>.text:_HOSTclose</name>
         <load_address>0x80004e40</load_address>
         <run_address>0x80004e40</run_address>
         <size>0xa0</size>
         <input_file_ref idref="fl-8d"/>
      </object_component>
      <object_component id="oc-ea">
         <name>.text:__divli</name>
         <load_address>0x80004ee0</load_address>
         <run_address>0x80004ee0</run_address>
         <size>0xa0</size>
         <input_file_ref idref="fl-84"/>
      </object_component>
      <object_component id="oc-d6">
         <name>.text:__ecpy</name>
         <load_address>0x80004f80</load_address>
         <run_address>0x80004f80</run_address>
         <size>0xa0</size>
         <input_file_ref idref="fl-76"/>
      </object_component>
      <object_component id="oc-d9">
         <name>.text:__fcpy</name>
         <load_address>0x80005020</load_address>
         <run_address>0x80005020</run_address>
         <size>0xa0</size>
         <input_file_ref idref="fl-76"/>
      </object_component>
      <object_component id="oc-df">
         <name>.text:__fixdli</name>
         <load_address>0x800050c0</load_address>
         <run_address>0x800050c0</run_address>
         <size>0xa0</size>
         <input_file_ref idref="fl-7f"/>
      </object_component>
      <object_component id="oc-cc">
         <name>.text:__pconv_f</name>
         <load_address>0x80005160</load_address>
         <run_address>0x80005160</run_address>
         <size>0xa0</size>
         <input_file_ref idref="fl-76"/>
      </object_component>
      <object_component id="oc-ae">
         <name>.text:_copy_in</name>
         <load_address>0x80005200</load_address>
         <run_address>0x80005200</run_address>
         <size>0xa0</size>
         <input_file_ref idref="fl-7a"/>
      </object_component>
      <object_component id="oc-ef">
         <name>.text:_finddevice</name>
         <load_address>0x800052a0</load_address>
         <run_address>0x800052a0</run_address>
         <size>0xa0</size>
         <input_file_ref idref="fl-88"/>
      </object_component>
      <object_component id="oc-af">
         <name>.text:_memcpy</name>
         <load_address>0x80005340</load_address>
         <run_address>0x80005340</run_address>
         <size>0xa0</size>
         <input_file_ref idref="fl-8b"/>
      </object_component>
      <object_component id="oc-dd">
         <name>.text:_minsert</name>
         <load_address>0x800053e0</load_address>
         <run_address>0x800053e0</run_address>
         <size>0xa0</size>
         <input_file_ref idref="fl-95"/>
      </object_component>
      <object_component id="oc-dc">
         <name>.text:_mremove</name>
         <load_address>0x80005480</load_address>
         <run_address>0x80005480</run_address>
         <size>0xa0</size>
         <input_file_ref idref="fl-95"/>
      </object_component>
      <object_component id="oc-e1">
         <name>.text:__fltlid</name>
         <load_address>0x80005520</load_address>
         <run_address>0x80005520</run_address>
         <size>0x80</size>
         <input_file_ref idref="fl-80"/>
      </object_component>
      <object_component id="oc-eb">
         <name>.text:__llshl</name>
         <load_address>0x800055a0</load_address>
         <run_address>0x800055a0</run_address>
         <size>0x80</size>
         <input_file_ref idref="fl-87"/>
      </object_component>
      <object_component id="oc-17">
         <name>.text:_c_int00</name>
         <load_address>0x80005620</load_address>
         <run_address>0x80005620</run_address>
         <size>0x80</size>
         <input_file_ref idref="fl-71"/>
      </object_component>
      <object_component id="oc-b4">
         <name>.text:_printf</name>
         <load_address>0x800056a0</load_address>
         <run_address>0x800056a0</run_address>
         <size>0x80</size>
         <input_file_ref idref="fl-74"/>
      </object_component>
      <object_component id="oc-b3">
         <name>.text:_readmsg</name>
         <load_address>0x80005720</load_address>
         <run_address>0x80005720</run_address>
         <size>0x80</size>
         <input_file_ref idref="fl-8e"/>
      </object_component>
      <object_component id="oc-ed">
         <name>.text:_unlink</name>
         <load_address>0x800057a0</load_address>
         <run_address>0x800057a0</run_address>
         <size>0x80</size>
         <input_file_ref idref="fl-88"/>
      </object_component>
      <object_component id="oc-ec">
         <name>.text:__subcull</name>
         <load_address>0x80005820</load_address>
         <run_address>0x80005820</run_address>
         <size>0x60</size>
         <input_file_ref idref="fl-85"/>
      </object_component>
      <object_component id="oc-c5">
         <name>.text:_memccpy</name>
         <load_address>0x80005880</load_address>
         <run_address>0x80005880</run_address>
         <size>0x60</size>
         <input_file_ref idref="fl-8a"/>
      </object_component>
      <object_component id="oc-b2">
         <name>.text:_writemsg</name>
         <load_address>0x800058e0</load_address>
         <run_address>0x800058e0</run_address>
         <size>0x60</size>
         <input_file_ref idref="fl-8e"/>
      </object_component>
      <object_component id="oc-ca">
         <name>.text:___isinf</name>
         <load_address>0x80005940</load_address>
         <run_address>0x80005940</run_address>
         <size>0x40</size>
         <input_file_ref idref="fl-86"/>
      </object_component>
      <object_component id="oc-c9">
         <name>.text:___isnan</name>
         <load_address>0x80005980</load_address>
         <run_address>0x80005980</run_address>
         <size>0x40</size>
         <input_file_ref idref="fl-76"/>
      </object_component>
      <object_component id="oc-a4">
         <name>.text:__args_main</name>
         <load_address>0x800059c0</load_address>
         <run_address>0x800059c0</run_address>
         <size>0x40</size>
         <input_file_ref idref="fl-77"/>
      </object_component>
      <object_component id="oc-e3">
         <name>.text:__frcmpyd_div</name>
         <load_address>0x80005a00</load_address>
         <run_address>0x80005a00</run_address>
         <size>0x40</size>
         <input_file_ref idref="fl-83"/>
      </object_component>
      <object_component id="oc-e2">
         <name>.text:__llshru</name>
         <load_address>0x80005a40</load_address>
         <run_address>0x80005a40</run_address>
         <size>0x40</size>
         <input_file_ref idref="fl-87"/>
      </object_component>
      <object_component id="oc-e9">
         <name>.text:__remli</name>
         <load_address>0x80005a80</load_address>
         <run_address>0x80005a80</run_address>
         <size>0x40</size>
         <input_file_ref idref="fl-84"/>
      </object_component>
      <object_component id="oc-cf">
         <name>.text:__negll</name>
         <load_address>0x80005ac0</load_address>
         <run_address>0x80005ac0</run_address>
         <size>0x20</size>
         <input_file_ref idref="fl-8c"/>
      </object_component>
      <object_component id="oc-a6">
         <name>.text:__nop</name>
         <load_address>0x80005ae0</load_address>
         <run_address>0x80005ae0</run_address>
         <size>0x20</size>
         <input_file_ref idref="fl-75"/>
      </object_component>
      <object_component id="oc-b7">
         <name>.text:__outc</name>
         <load_address>0x80005b00</load_address>
         <run_address>0x80005b00</run_address>
         <size>0x20</size>
         <input_file_ref idref="fl-74"/>
      </object_component>
      <object_component id="oc-b6">
         <name>.text:__outs</name>
         <load_address>0x80005b20</load_address>
         <run_address>0x80005b20</run_address>
         <size>0x20</size>
         <input_file_ref idref="fl-74"/>
      </object_component>
      <object_component id="oc-b1">
         <name>.text:_abort</name>
         <load_address>0x80005b40</load_address>
         <run_address>0x80005b40</run_address>
         <size>0x20</size>
         <input_file_ref idref="fl-72"/>
      </object_component>
      <object_component id="oc-e8">
         <name>.text:_remove</name>
         <load_address>0x80005b60</load_address>
         <run_address>0x80005b60</run_address>
         <size>0x20</size>
         <input_file_ref idref="fl-97"/>
      </object_component>
      <object_component id="oc-1f">
         <name>.stack</name>
         <uninitialized>true</uninitialized>
         <run_address>0x80005b80</run_address>
         <size>0x8</size>
         <input_file_ref idref="fl-71"/>
      </object_component>
      <object_component id="oc-10c">
         <name>.stack</name>
         <uninitialized>true</uninitialized>
         <run_address>0x80005b80</run_address>
         <size>0x0</size>
      </object_component>
      <object_component id="oc-80">
         <name>.cio</name>
         <uninitialized>true</uninitialized>
         <run_address>0x80007370</run_address>
         <size>0x120</size>
         <input_file_ref idref="fl-8e"/>
      </object_component>
      <object_component id="oc-c8">
         <name>.const:.string:__ctypes_</name>
         <load_address>0x80007240</load_address>
         <run_address>0x80007240</run_address>
         <size>0x101</size>
         <input_file_ref idref="fl-7b"/>
      </object_component>
      <object_component id="oc-33">
         <name>.const:.string</name>
         <load_address>0x80007341</load_address>
         <run_address>0x80007341</run_address>
         <size>0x23</size>
         <input_file_ref idref="fl-76"/>
      </object_component>
      <object_component id="oc-1b">
         <name>.const:.string</name>
         <load_address>0x80007364</load_address>
         <run_address>0x80007364</run_address>
         <size>0x6</size>
         <input_file_ref idref="fl-2"/>
      </object_component>
      <object_component id="oc-58">
         <name>.const:.string</name>
         <load_address>0x8000736a</load_address>
         <run_address>0x8000736a</run_address>
         <size>0x2</size>
         <input_file_ref idref="fl-82"/>
      </object_component>
      <object_component id="oc-9a">
         <name>.sysmem</name>
         <uninitialized>true</uninitialized>
         <run_address>0x80006380</run_address>
         <size>0x8</size>
         <input_file_ref idref="fl-95"/>
      </object_component>
      <object_component id="oc-10d">
         <name>.sysmem</name>
         <uninitialized>true</uninitialized>
         <run_address>0x80006380</run_address>
         <size>0x0</size>
      </object_component>
      <object_component id="oc-1a">
         <name>.far</name>
         <uninitialized>true</uninitialized>
         <run_address>0x80007098</run_address>
         <size>0x14</size>
         <input_file_ref idref="fl-2"/>
      </object_component>
      <object_component id="oc-24">
         <name>.far</name>
         <uninitialized>true</uninitialized>
         <run_address>0x800070ac</run_address>
         <size>0xc</size>
         <input_file_ref idref="fl-72"/>
      </object_component>
      <object_component id="oc-2f">
         <name>.far</name>
         <uninitialized>true</uninitialized>
         <run_address>0x800070b8</run_address>
         <size>0x8</size>
         <input_file_ref idref="fl-75"/>
      </object_component>
      <object_component id="oc-46">
         <name>.far</name>
         <uninitialized>true</uninitialized>
         <run_address>0x80006b80</run_address>
         <size>0x324</size>
         <input_file_ref idref="fl-7c"/>
      </object_component>
      <object_component id="oc-6c">
         <name>.far</name>
         <uninitialized>true</uninitialized>
         <run_address>0x80006ea8</run_address>
         <size>0x11c</size>
         <input_file_ref idref="fl-88"/>
      </object_component>
      <object_component id="oc-7c">
         <name>.far</name>
         <uninitialized>true</uninitialized>
         <run_address>0x80006fc8</run_address>
         <size>0xd0</size>
         <input_file_ref idref="fl-8d"/>
      </object_component>
      <object_component id="oc-94">
         <name>.far</name>
         <uninitialized>true</uninitialized>
         <run_address>0x80006ea4</run_address>
         <size>0x4</size>
         <input_file_ref idref="fl-94"/>
      </object_component>
      <object_component id="oc-99">
         <name>.far</name>
         <uninitialized>true</uninitialized>
         <run_address>0x800070c0</run_address>
         <size>0x8</size>
         <input_file_ref idref="fl-95"/>
      </object_component>
      <object_component id="oc-45">
         <name>.cinit</name>
         <load_address>0x800070c8</load_address>
         <run_address>0x800070c8</run_address>
         <size>0x5c</size>
         <input_file_ref idref="fl-7c"/>
      </object_component>
      <object_component id="oc-6b">
         <name>.cinit</name>
         <load_address>0x80007128</load_address>
         <run_address>0x80007128</run_address>
         <size>0x5c</size>
         <input_file_ref idref="fl-88"/>
      </object_component>
      <object_component id="oc-23">
         <name>.cinit</name>
         <load_address>0x80007188</load_address>
         <run_address>0x80007188</run_address>
         <size>0x2c</size>
         <input_file_ref idref="fl-72"/>
      </object_component>
      <object_component id="oc-98">
         <name>.cinit</name>
         <load_address>0x800071b8</load_address>
         <run_address>0x800071b8</run_address>
         <size>0x2c</size>
         <input_file_ref idref="fl-95"/>
      </object_component>
      <object_component id="oc-19">
         <name>.cinit</name>
         <load_address>0x800071e8</load_address>
         <run_address>0x800071e8</run_address>
         <size>0x1c</size>
         <input_file_ref idref="fl-2"/>
      </object_component>
      <object_component id="oc-2e">
         <name>.cinit</name>
         <load_address>0x80007208</load_address>
         <run_address>0x80007208</run_address>
         <size>0x1c</size>
         <input_file_ref idref="fl-75"/>
      </object_component>
      <object_component id="oc-93">
         <name>.cinit</name>
         <load_address>0x80007228</load_address>
         <run_address>0x80007228</run_address>
         <size>0xc</size>
         <input_file_ref idref="fl-94"/>
      </object_component>
      <object_component id="oc-18">
         <name>.debug_info</name>
         <load_address>0x0</load_address>
         <run_address>0x0</run_address>
         <size>0x87d</size>
         <input_file_ref idref="fl-2"/>
      </object_component>
      <object_component id="oc-1e">
         <name>.debug_info</name>
         <load_address>0x87d</load_address>
         <run_address>0x87d</run_address>
         <size>0x6d3</size>
         <input_file_ref idref="fl-71"/>
      </object_component>
      <object_component id="oc-22">
         <name>.debug_info</name>
         <load_address>0xf50</load_address>
         <run_address>0xf50</run_address>
         <size>0x7fa</size>
         <input_file_ref idref="fl-72"/>
      </object_component>
      <object_component id="oc-27">
         <name>.debug_info</name>
         <load_address>0x174a</load_address>
         <run_address>0x174a</run_address>
         <size>0x79e</size>
         <input_file_ref idref="fl-73"/>
      </object_component>
      <object_component id="oc-2a">
         <name>.debug_info</name>
         <load_address>0x1ee8</load_address>
         <run_address>0x1ee8</run_address>
         <size>0x8a1</size>
         <input_file_ref idref="fl-74"/>
      </object_component>
      <object_component id="oc-2d">
         <name>.debug_info</name>
         <load_address>0x2789</load_address>
         <run_address>0x2789</run_address>
         <size>0x634</size>
         <input_file_ref idref="fl-75"/>
      </object_component>
      <object_component id="oc-32">
         <name>.debug_info</name>
         <load_address>0x2dbd</load_address>
         <run_address>0x2dbd</run_address>
         <size>0x265b</size>
         <input_file_ref idref="fl-76"/>
      </object_component>
      <object_component id="oc-36">
         <name>.debug_info</name>
         <load_address>0x5418</load_address>
         <run_address>0x5418</run_address>
         <size>0x6c9</size>
         <input_file_ref idref="fl-77"/>
      </object_component>
      <object_component id="oc-39">
         <name>.debug_info</name>
         <load_address>0x5ae1</load_address>
         <run_address>0x5ae1</run_address>
         <size>0x6d6</size>
         <input_file_ref idref="fl-78"/>
      </object_component>
      <object_component id="oc-3c">
         <name>.debug_info</name>
         <load_address>0x61b7</load_address>
         <run_address>0x61b7</run_address>
         <size>0x8b0</size>
         <input_file_ref idref="fl-79"/>
      </object_component>
      <object_component id="oc-3f">
         <name>.debug_info</name>
         <load_address>0x6a67</load_address>
         <run_address>0x6a67</run_address>
         <size>0x7ad</size>
         <input_file_ref idref="fl-7a"/>
      </object_component>
      <object_component id="oc-42">
         <name>.debug_info</name>
         <load_address>0x7214</load_address>
         <run_address>0x7214</run_address>
         <size>0x5e2</size>
         <input_file_ref idref="fl-7b"/>
      </object_component>
      <object_component id="oc-44">
         <name>.debug_info</name>
         <load_address>0x77f6</load_address>
         <run_address>0x77f6</run_address>
         <size>0x6cf</size>
         <input_file_ref idref="fl-7c"/>
      </object_component>
      <object_component id="oc-48">
         <name>.debug_info</name>
         <load_address>0x7ec5</load_address>
         <run_address>0x7ec5</run_address>
         <size>0x96b</size>
         <input_file_ref idref="fl-7d"/>
      </object_component>
      <object_component id="oc-4b">
         <name>.debug_info</name>
         <load_address>0x8830</load_address>
         <run_address>0x8830</run_address>
         <size>0xbc</size>
         <input_file_ref idref="fl-7e"/>
      </object_component>
      <object_component id="oc-4e">
         <name>.debug_info</name>
         <load_address>0x88ec</load_address>
         <run_address>0x88ec</run_address>
         <size>0x679</size>
         <input_file_ref idref="fl-7f"/>
      </object_component>
      <object_component id="oc-51">
         <name>.debug_info</name>
         <load_address>0x8f65</load_address>
         <run_address>0x8f65</run_address>
         <size>0x698</size>
         <input_file_ref idref="fl-80"/>
      </object_component>
      <object_component id="oc-54">
         <name>.debug_info</name>
         <load_address>0x95fd</load_address>
         <run_address>0x95fd</run_address>
         <size>0x795</size>
         <input_file_ref idref="fl-81"/>
      </object_component>
      <object_component id="oc-57">
         <name>.debug_info</name>
         <load_address>0x9d92</load_address>
         <run_address>0x9d92</run_address>
         <size>0xa28</size>
         <input_file_ref idref="fl-82"/>
      </object_component>
      <object_component id="oc-5b">
         <name>.debug_info</name>
         <load_address>0xa7ba</load_address>
         <run_address>0xa7ba</run_address>
         <size>0x654</size>
         <input_file_ref idref="fl-83"/>
      </object_component>
      <object_component id="oc-5e">
         <name>.debug_info</name>
         <load_address>0xae0e</load_address>
         <run_address>0xae0e</run_address>
         <size>0x78b</size>
         <input_file_ref idref="fl-84"/>
      </object_component>
      <object_component id="oc-61">
         <name>.debug_info</name>
         <load_address>0xb599</load_address>
         <run_address>0xb599</run_address>
         <size>0x786</size>
         <input_file_ref idref="fl-85"/>
      </object_component>
      <object_component id="oc-64">
         <name>.debug_info</name>
         <load_address>0xbd1f</load_address>
         <run_address>0xbd1f</run_address>
         <size>0x7fe</size>
         <input_file_ref idref="fl-86"/>
      </object_component>
      <object_component id="oc-67">
         <name>.debug_info</name>
         <load_address>0xc51d</load_address>
         <run_address>0xc51d</run_address>
         <size>0x6e9</size>
         <input_file_ref idref="fl-87"/>
      </object_component>
      <object_component id="oc-6a">
         <name>.debug_info</name>
         <load_address>0xcc06</load_address>
         <run_address>0xcc06</run_address>
         <size>0xe8d</size>
         <input_file_ref idref="fl-88"/>
      </object_component>
      <object_component id="oc-6f">
         <name>.debug_info</name>
         <load_address>0xda93</load_address>
         <run_address>0xda93</run_address>
         <size>0x717</size>
         <input_file_ref idref="fl-89"/>
      </object_component>
      <object_component id="oc-72">
         <name>.debug_info</name>
         <load_address>0xe1aa</load_address>
         <run_address>0xe1aa</run_address>
         <size>0x6ba</size>
         <input_file_ref idref="fl-8a"/>
      </object_component>
      <object_component id="oc-75">
         <name>.debug_info</name>
         <load_address>0xe864</load_address>
         <run_address>0xe864</run_address>
         <size>0xcb</size>
         <input_file_ref idref="fl-8b"/>
      </object_component>
      <object_component id="oc-78">
         <name>.debug_info</name>
         <load_address>0xe92f</load_address>
         <run_address>0xe92f</run_address>
         <size>0x600</size>
         <input_file_ref idref="fl-8c"/>
      </object_component>
      <object_component id="oc-7b">
         <name>.debug_info</name>
         <load_address>0xef2f</load_address>
         <run_address>0xef2f</run_address>
         <size>0xdc3</size>
         <input_file_ref idref="fl-8d"/>
      </object_component>
      <object_component id="oc-7f">
         <name>.debug_info</name>
         <load_address>0xfcf2</load_address>
         <run_address>0xfcf2</run_address>
         <size>0x851</size>
         <input_file_ref idref="fl-8e"/>
      </object_component>
      <object_component id="oc-83">
         <name>.debug_info</name>
         <load_address>0x10543</load_address>
         <run_address>0x10543</run_address>
         <size>0x742</size>
         <input_file_ref idref="fl-8f"/>
      </object_component>
      <object_component id="oc-86">
         <name>.debug_info</name>
         <load_address>0x10c85</load_address>
         <run_address>0x10c85</run_address>
         <size>0x5b4</size>
         <input_file_ref idref="fl-90"/>
      </object_component>
      <object_component id="oc-89">
         <name>.debug_info</name>
         <load_address>0x11239</load_address>
         <run_address>0x11239</run_address>
         <size>0x769</size>
         <input_file_ref idref="fl-91"/>
      </object_component>
      <object_component id="oc-8c">
         <name>.debug_info</name>
         <load_address>0x119a2</load_address>
         <run_address>0x119a2</run_address>
         <size>0x74b</size>
         <input_file_ref idref="fl-92"/>
      </object_component>
      <object_component id="oc-8f">
         <name>.debug_info</name>
         <load_address>0x120ed</load_address>
         <run_address>0x120ed</run_address>
         <size>0x798</size>
         <input_file_ref idref="fl-93"/>
      </object_component>
      <object_component id="oc-92">
         <name>.debug_info</name>
         <load_address>0x12885</load_address>
         <run_address>0x12885</run_address>
         <size>0x850</size>
         <input_file_ref idref="fl-94"/>
      </object_component>
      <object_component id="oc-97">
         <name>.debug_info</name>
         <load_address>0x130d5</load_address>
         <run_address>0x130d5</run_address>
         <size>0xac6</size>
         <input_file_ref idref="fl-95"/>
      </object_component>
      <object_component id="oc-9d">
         <name>.debug_info</name>
         <load_address>0x13b9b</load_address>
         <run_address>0x13b9b</run_address>
         <size>0x7b2</size>
         <input_file_ref idref="fl-96"/>
      </object_component>
      <object_component id="oc-a0">
         <name>.debug_info</name>
         <load_address>0x1434d</load_address>
         <run_address>0x1434d</run_address>
         <size>0x64c</size>
         <input_file_ref idref="fl-97"/>
      </object_component>
      <object_component id="oc-10e">
         <name>.debug_info</name>
         <load_address>0x14999</load_address>
         <run_address>0x14999</run_address>
         <size>0x70</size>
      </object_component>
      <object_component id="oc-1c">
         <name>.debug_line</name>
         <load_address>0x0</load_address>
         <run_address>0x0</run_address>
         <size>0x69</size>
         <input_file_ref idref="fl-2"/>
      </object_component>
      <object_component id="oc-20">
         <name>.debug_line</name>
         <load_address>0x69</load_address>
         <run_address>0x69</run_address>
         <size>0x3d</size>
         <input_file_ref idref="fl-71"/>
      </object_component>
      <object_component id="oc-25">
         <name>.debug_line</name>
         <load_address>0xa6</load_address>
         <run_address>0xa6</run_address>
         <size>0x4f</size>
         <input_file_ref idref="fl-72"/>
      </object_component>
      <object_component id="oc-28">
         <name>.debug_line</name>
         <load_address>0xf5</load_address>
         <run_address>0xf5</run_address>
         <size>0x46</size>
         <input_file_ref idref="fl-73"/>
      </object_component>
      <object_component id="oc-2b">
         <name>.debug_line</name>
         <load_address>0x13b</load_address>
         <run_address>0x13b</run_address>
         <size>0x69</size>
         <input_file_ref idref="fl-74"/>
      </object_component>
      <object_component id="oc-30">
         <name>.debug_line</name>
         <load_address>0x1a4</load_address>
         <run_address>0x1a4</run_address>
         <size>0x35</size>
         <input_file_ref idref="fl-75"/>
      </object_component>
      <object_component id="oc-34">
         <name>.debug_line</name>
         <load_address>0x1d9</load_address>
         <run_address>0x1d9</run_address>
         <size>0x31d</size>
         <input_file_ref idref="fl-76"/>
      </object_component>
      <object_component id="oc-37">
         <name>.debug_line</name>
         <load_address>0x4f6</load_address>
         <run_address>0x4f6</run_address>
         <size>0x3f</size>
         <input_file_ref idref="fl-77"/>
      </object_component>
      <object_component id="oc-3a">
         <name>.debug_line</name>
         <load_address>0x535</load_address>
         <run_address>0x535</run_address>
         <size>0x45</size>
         <input_file_ref idref="fl-78"/>
      </object_component>
      <object_component id="oc-3d">
         <name>.debug_line</name>
         <load_address>0x57a</load_address>
         <run_address>0x57a</run_address>
         <size>0x51</size>
         <input_file_ref idref="fl-79"/>
      </object_component>
      <object_component id="oc-40">
         <name>.debug_line</name>
         <load_address>0x5cb</load_address>
         <run_address>0x5cb</run_address>
         <size>0x44</size>
         <input_file_ref idref="fl-7a"/>
      </object_component>
      <object_component id="oc-49">
         <name>.debug_line</name>
         <load_address>0x60f</load_address>
         <run_address>0x60f</run_address>
         <size>0x3c</size>
         <input_file_ref idref="fl-7d"/>
      </object_component>
      <object_component id="oc-4c">
         <name>.debug_line</name>
         <load_address>0x64b</load_address>
         <run_address>0x64b</run_address>
         <size>0x44</size>
         <input_file_ref idref="fl-7e"/>
      </object_component>
      <object_component id="oc-4f">
         <name>.debug_line</name>
         <load_address>0x68f</load_address>
         <run_address>0x68f</run_address>
         <size>0x3d</size>
         <input_file_ref idref="fl-7f"/>
      </object_component>
      <object_component id="oc-52">
         <name>.debug_line</name>
         <load_address>0x6cc</load_address>
         <run_address>0x6cc</run_address>
         <size>0x3d</size>
         <input_file_ref idref="fl-80"/>
      </object_component>
      <object_component id="oc-55">
         <name>.debug_line</name>
         <load_address>0x709</load_address>
         <run_address>0x709</run_address>
         <size>0x3d</size>
         <input_file_ref idref="fl-81"/>
      </object_component>
      <object_component id="oc-59">
         <name>.debug_line</name>
         <load_address>0x746</load_address>
         <run_address>0x746</run_address>
         <size>0x91</size>
         <input_file_ref idref="fl-82"/>
      </object_component>
      <object_component id="oc-5c">
         <name>.debug_line</name>
         <load_address>0x7d7</load_address>
         <run_address>0x7d7</run_address>
         <size>0x3e</size>
         <input_file_ref idref="fl-83"/>
      </object_component>
      <object_component id="oc-5f">
         <name>.debug_line</name>
         <load_address>0x815</load_address>
         <run_address>0x815</run_address>
         <size>0x73</size>
         <input_file_ref idref="fl-84"/>
      </object_component>
      <object_component id="oc-62">
         <name>.debug_line</name>
         <load_address>0x888</load_address>
         <run_address>0x888</run_address>
         <size>0x61</size>
         <input_file_ref idref="fl-85"/>
      </object_component>
      <object_component id="oc-65">
         <name>.debug_line</name>
         <load_address>0x8e9</load_address>
         <run_address>0x8e9</run_address>
         <size>0x38</size>
         <input_file_ref idref="fl-86"/>
      </object_component>
      <object_component id="oc-68">
         <name>.debug_line</name>
         <load_address>0x921</load_address>
         <run_address>0x921</run_address>
         <size>0x56</size>
         <input_file_ref idref="fl-87"/>
      </object_component>
      <object_component id="oc-6d">
         <name>.debug_line</name>
         <load_address>0x977</load_address>
         <run_address>0x977</run_address>
         <size>0xf8</size>
         <input_file_ref idref="fl-88"/>
      </object_component>
      <object_component id="oc-70">
         <name>.debug_line</name>
         <load_address>0xa6f</load_address>
         <run_address>0xa6f</run_address>
         <size>0x40</size>
         <input_file_ref idref="fl-89"/>
      </object_component>
      <object_component id="oc-73">
         <name>.debug_line</name>
         <load_address>0xaaf</load_address>
         <run_address>0xaaf</run_address>
         <size>0x3f</size>
         <input_file_ref idref="fl-8a"/>
      </object_component>
      <object_component id="oc-76">
         <name>.debug_line</name>
         <load_address>0xaee</load_address>
         <run_address>0xaee</run_address>
         <size>0x4a</size>
         <input_file_ref idref="fl-8b"/>
      </object_component>
      <object_component id="oc-79">
         <name>.debug_line</name>
         <load_address>0xb38</load_address>
         <run_address>0xb38</run_address>
         <size>0x39</size>
         <input_file_ref idref="fl-8c"/>
      </object_component>
      <object_component id="oc-7d">
         <name>.debug_line</name>
         <load_address>0xb71</load_address>
         <run_address>0xb71</run_address>
         <size>0x114</size>
         <input_file_ref idref="fl-8d"/>
      </object_component>
      <object_component id="oc-81">
         <name>.debug_line</name>
         <load_address>0xc85</load_address>
         <run_address>0xc85</run_address>
         <size>0x68</size>
         <input_file_ref idref="fl-8e"/>
      </object_component>
      <object_component id="oc-84">
         <name>.debug_line</name>
         <load_address>0xced</load_address>
         <run_address>0xced</run_address>
         <size>0x40</size>
         <input_file_ref idref="fl-8f"/>
      </object_component>
      <object_component id="oc-87">
         <name>.debug_line</name>
         <load_address>0xd2d</load_address>
         <run_address>0xd2d</run_address>
         <size>0x23</size>
         <input_file_ref idref="fl-90"/>
      </object_component>
      <object_component id="oc-8a">
         <name>.debug_line</name>
         <load_address>0xd50</load_address>
         <run_address>0xd50</run_address>
         <size>0x3e</size>
         <input_file_ref idref="fl-91"/>
      </object_component>
      <object_component id="oc-8d">
         <name>.debug_line</name>
         <load_address>0xd8e</load_address>
         <run_address>0xd8e</run_address>
         <size>0x3c</size>
         <input_file_ref idref="fl-92"/>
      </object_component>
      <object_component id="oc-90">
         <name>.debug_line</name>
         <load_address>0xdca</load_address>
         <run_address>0xdca</run_address>
         <size>0x3f</size>
         <input_file_ref idref="fl-93"/>
      </object_component>
      <object_component id="oc-95">
         <name>.debug_line</name>
         <load_address>0xe09</load_address>
         <run_address>0xe09</run_address>
         <size>0x42</size>
         <input_file_ref idref="fl-94"/>
      </object_component>
      <object_component id="oc-9b">
         <name>.debug_line</name>
         <load_address>0xe4b</load_address>
         <run_address>0xe4b</run_address>
         <size>0xa8</size>
         <input_file_ref idref="fl-95"/>
      </object_component>
      <object_component id="oc-9e">
         <name>.debug_line</name>
         <load_address>0xef3</load_address>
         <run_address>0xef3</run_address>
         <size>0x3d</size>
         <input_file_ref idref="fl-96"/>
      </object_component>
      <object_component id="oc-a1">
         <name>.debug_line</name>
         <load_address>0xf30</load_address>
         <run_address>0xf30</run_address>
         <size>0x39</size>
         <input_file_ref idref="fl-97"/>
      </object_component>
      <object_component id="oc-1d">
         <name>.debug_abbrev</name>
         <load_address>0x0</load_address>
         <run_address>0x0</run_address>
         <size>0x141</size>
         <input_file_ref idref="fl-2"/>
      </object_component>
      <object_component id="oc-21">
         <name>.debug_abbrev</name>
         <load_address>0x141</load_address>
         <run_address>0x141</run_address>
         <size>0xe7</size>
         <input_file_ref idref="fl-71"/>
      </object_component>
      <object_component id="oc-26">
         <name>.debug_abbrev</name>
         <load_address>0x228</load_address>
         <run_address>0x228</run_address>
         <size>0x119</size>
         <input_file_ref idref="fl-72"/>
      </object_component>
      <object_component id="oc-29">
         <name>.debug_abbrev</name>
         <load_address>0x341</load_address>
         <run_address>0x341</run_address>
         <size>0xd0</size>
         <input_file_ref idref="fl-73"/>
      </object_component>
      <object_component id="oc-2c">
         <name>.debug_abbrev</name>
         <load_address>0x411</load_address>
         <run_address>0x411</run_address>
         <size>0x14b</size>
         <input_file_ref idref="fl-74"/>
      </object_component>
      <object_component id="oc-31">
         <name>.debug_abbrev</name>
         <load_address>0x55c</load_address>
         <run_address>0x55c</run_address>
         <size>0x9f</size>
         <input_file_ref idref="fl-75"/>
      </object_component>
      <object_component id="oc-35">
         <name>.debug_abbrev</name>
         <load_address>0x5fb</load_address>
         <run_address>0x5fb</run_address>
         <size>0x1d1</size>
         <input_file_ref idref="fl-76"/>
      </object_component>
      <object_component id="oc-38">
         <name>.debug_abbrev</name>
         <load_address>0x7cc</load_address>
         <run_address>0x7cc</run_address>
         <size>0xe1</size>
         <input_file_ref idref="fl-77"/>
      </object_component>
      <object_component id="oc-3b">
         <name>.debug_abbrev</name>
         <load_address>0x8ad</load_address>
         <run_address>0x8ad</run_address>
         <size>0xcc</size>
         <input_file_ref idref="fl-78"/>
      </object_component>
      <object_component id="oc-3e">
         <name>.debug_abbrev</name>
         <load_address>0x979</load_address>
         <run_address>0x979</run_address>
         <size>0x155</size>
         <input_file_ref idref="fl-79"/>
      </object_component>
      <object_component id="oc-41">
         <name>.debug_abbrev</name>
         <load_address>0xace</load_address>
         <run_address>0xace</run_address>
         <size>0x10c</size>
         <input_file_ref idref="fl-7a"/>
      </object_component>
      <object_component id="oc-43">
         <name>.debug_abbrev</name>
         <load_address>0xbda</load_address>
         <run_address>0xbda</run_address>
         <size>0x5f</size>
         <input_file_ref idref="fl-7b"/>
      </object_component>
      <object_component id="oc-47">
         <name>.debug_abbrev</name>
         <load_address>0xc39</load_address>
         <run_address>0xc39</run_address>
         <size>0x8e</size>
         <input_file_ref idref="fl-7c"/>
      </object_component>
      <object_component id="oc-4a">
         <name>.debug_abbrev</name>
         <load_address>0xcc7</load_address>
         <run_address>0xcc7</run_address>
         <size>0xf5</size>
         <input_file_ref idref="fl-7d"/>
      </object_component>
      <object_component id="oc-4d">
         <name>.debug_abbrev</name>
         <load_address>0xdbc</load_address>
         <run_address>0xdbc</run_address>
         <size>0x3b</size>
         <input_file_ref idref="fl-7e"/>
      </object_component>
      <object_component id="oc-50">
         <name>.debug_abbrev</name>
         <load_address>0xdf7</load_address>
         <run_address>0xdf7</run_address>
         <size>0xac</size>
         <input_file_ref idref="fl-7f"/>
      </object_component>
      <object_component id="oc-53">
         <name>.debug_abbrev</name>
         <load_address>0xea3</load_address>
         <run_address>0xea3</run_address>
         <size>0xc3</size>
         <input_file_ref idref="fl-80"/>
      </object_component>
      <object_component id="oc-56">
         <name>.debug_abbrev</name>
         <load_address>0xf66</load_address>
         <run_address>0xf66</run_address>
         <size>0x109</size>
         <input_file_ref idref="fl-81"/>
      </object_component>
      <object_component id="oc-5a">
         <name>.debug_abbrev</name>
         <load_address>0x106f</load_address>
         <run_address>0x106f</run_address>
         <size>0x135</size>
         <input_file_ref idref="fl-82"/>
      </object_component>
      <object_component id="oc-5d">
         <name>.debug_abbrev</name>
         <load_address>0x11a4</load_address>
         <run_address>0x11a4</run_address>
         <size>0x8c</size>
         <input_file_ref idref="fl-83"/>
      </object_component>
      <object_component id="oc-60">
         <name>.debug_abbrev</name>
         <load_address>0x1230</load_address>
         <run_address>0x1230</run_address>
         <size>0xc3</size>
         <input_file_ref idref="fl-84"/>
      </object_component>
      <object_component id="oc-63">
         <name>.debug_abbrev</name>
         <load_address>0x12f3</load_address>
         <run_address>0x12f3</run_address>
         <size>0xc3</size>
         <input_file_ref idref="fl-85"/>
      </object_component>
      <object_component id="oc-66">
         <name>.debug_abbrev</name>
         <load_address>0x13b6</load_address>
         <run_address>0x13b6</run_address>
         <size>0xd0</size>
         <input_file_ref idref="fl-86"/>
      </object_component>
      <object_component id="oc-69">
         <name>.debug_abbrev</name>
         <load_address>0x1486</load_address>
         <run_address>0x1486</run_address>
         <size>0xa3</size>
         <input_file_ref idref="fl-87"/>
      </object_component>
      <object_component id="oc-6e">
         <name>.debug_abbrev</name>
         <load_address>0x1529</load_address>
         <run_address>0x1529</run_address>
         <size>0x22b</size>
         <input_file_ref idref="fl-88"/>
      </object_component>
      <object_component id="oc-71">
         <name>.debug_abbrev</name>
         <load_address>0x1754</load_address>
         <run_address>0x1754</run_address>
         <size>0xe3</size>
         <input_file_ref idref="fl-89"/>
      </object_component>
      <object_component id="oc-74">
         <name>.debug_abbrev</name>
         <load_address>0x1837</load_address>
         <run_address>0x1837</run_address>
         <size>0xae</size>
         <input_file_ref idref="fl-8a"/>
      </object_component>
      <object_component id="oc-77">
         <name>.debug_abbrev</name>
         <load_address>0x18e5</load_address>
         <run_address>0x18e5</run_address>
         <size>0x3b</size>
         <input_file_ref idref="fl-8b"/>
      </object_component>
      <object_component id="oc-7a">
         <name>.debug_abbrev</name>
         <load_address>0x1920</load_address>
         <run_address>0x1920</run_address>
         <size>0x71</size>
         <input_file_ref idref="fl-8c"/>
      </object_component>
      <object_component id="oc-7e">
         <name>.debug_abbrev</name>
         <load_address>0x1991</load_address>
         <run_address>0x1991</run_address>
         <size>0x151</size>
         <input_file_ref idref="fl-8d"/>
      </object_component>
      <object_component id="oc-82">
         <name>.debug_abbrev</name>
         <load_address>0x1ae2</load_address>
         <run_address>0x1ae2</run_address>
         <size>0xd5</size>
         <input_file_ref idref="fl-8e"/>
      </object_component>
      <object_component id="oc-85">
         <name>.debug_abbrev</name>
         <load_address>0x1bb7</load_address>
         <run_address>0x1bb7</run_address>
         <size>0xd1</size>
         <input_file_ref idref="fl-8f"/>
      </object_component>
      <object_component id="oc-88">
         <name>.debug_abbrev</name>
         <load_address>0x1c88</load_address>
         <run_address>0x1c88</run_address>
         <size>0x90</size>
         <input_file_ref idref="fl-90"/>
      </object_component>
      <object_component id="oc-8b">
         <name>.debug_abbrev</name>
         <load_address>0x1d18</load_address>
         <run_address>0x1d18</run_address>
         <size>0x12d</size>
         <input_file_ref idref="fl-91"/>
      </object_component>
      <object_component id="oc-8e">
         <name>.debug_abbrev</name>
         <load_address>0x1e45</load_address>
         <run_address>0x1e45</run_address>
         <size>0xd1</size>
         <input_file_ref idref="fl-92"/>
      </object_component>
      <object_component id="oc-91">
         <name>.debug_abbrev</name>
         <load_address>0x1f16</load_address>
         <run_address>0x1f16</run_address>
         <size>0x10b</size>
         <input_file_ref idref="fl-93"/>
      </object_component>
      <object_component id="oc-96">
         <name>.debug_abbrev</name>
         <load_address>0x2021</load_address>
         <run_address>0x2021</run_address>
         <size>0x1a0</size>
         <input_file_ref idref="fl-94"/>
      </object_component>
      <object_component id="oc-9c">
         <name>.debug_abbrev</name>
         <load_address>0x21c1</load_address>
         <run_address>0x21c1</run_address>
         <size>0x1f8</size>
         <input_file_ref idref="fl-95"/>
      </object_component>
      <object_component id="oc-9f">
         <name>.debug_abbrev</name>
         <load_address>0x23b9</load_address>
         <run_address>0x23b9</run_address>
         <size>0x11a</size>
         <input_file_ref idref="fl-96"/>
      </object_component>
      <object_component id="oc-a2">
         <name>.debug_abbrev</name>
         <load_address>0x24d3</load_address>
         <run_address>0x24d3</run_address>
         <size>0xab</size>
         <input_file_ref idref="fl-97"/>
      </object_component>
      <object_component id="oc-10f">
         <name>.debug_abbrev</name>
         <load_address>0x257e</load_address>
         <run_address>0x257e</run_address>
         <size>0xd</size>
      </object_component>
   </object_component_list>
   <logical_group_list>
      <logical_group id="lg-2">
         <name>.text</name>
         <load_address>0x80000000</load_address>
         <run_address>0x80000000</run_address>
         <size>0x5b80</size>
         <contents>
            <object_component_ref idref="oc-da"/>
            <object_component_ref idref="oc-ce"/>
            <object_component_ref idref="oc-bd"/>
            <object_component_ref idref="oc-b8"/>
            <object_component_ref idref="oc-b9"/>
            <object_component_ref idref="oc-c3"/>
            <object_component_ref idref="oc-bc"/>
            <object_component_ref idref="oc-d5"/>
            <object_component_ref idref="oc-d8"/>
            <object_component_ref idref="oc-d2"/>
            <object_component_ref idref="oc-e6"/>
            <object_component_ref idref="oc-cd"/>
            <object_component_ref idref="oc-c4"/>
            <object_component_ref idref="oc-be"/>
            <object_component_ref idref="oc-cb"/>
            <object_component_ref idref="oc-d7"/>
            <object_component_ref idref="oc-e5"/>
            <object_component_ref idref="oc-ad"/>
            <object_component_ref idref="oc-d3"/>
            <object_component_ref idref="oc-c7"/>
            <object_component_ref idref="oc-bb"/>
            <object_component_ref idref="oc-ba"/>
            <object_component_ref idref="oc-ee"/>
            <object_component_ref idref="oc-de"/>
            <object_component_ref idref="oc-ab"/>
            <object_component_ref idref="oc-a3"/>
            <object_component_ref idref="oc-d0"/>
            <object_component_ref idref="oc-bf"/>
            <object_component_ref idref="oc-a7"/>
            <object_component_ref idref="oc-a9"/>
            <object_component_ref idref="oc-c2"/>
            <object_component_ref idref="oc-e7"/>
            <object_component_ref idref="oc-a5"/>
            <object_component_ref idref="oc-b5"/>
            <object_component_ref idref="oc-ac"/>
            <object_component_ref idref="oc-aa"/>
            <object_component_ref idref="oc-d4"/>
            <object_component_ref idref="oc-db"/>
            <object_component_ref idref="oc-e4"/>
            <object_component_ref idref="oc-c0"/>
            <object_component_ref idref="oc-c6"/>
            <object_component_ref idref="oc-d1"/>
            <object_component_ref idref="oc-e0"/>
            <object_component_ref idref="oc-c1"/>
            <object_component_ref idref="oc-b0"/>
            <object_component_ref idref="oc-a8"/>
            <object_component_ref idref="oc-ea"/>
            <object_component_ref idref="oc-d6"/>
            <object_component_ref idref="oc-d9"/>
            <object_component_ref idref="oc-df"/>
            <object_component_ref idref="oc-cc"/>
            <object_component_ref idref="oc-ae"/>
            <object_component_ref idref="oc-ef"/>
            <object_component_ref idref="oc-af"/>
            <object_component_ref idref="oc-dd"/>
            <object_component_ref idref="oc-dc"/>
            <object_component_ref idref="oc-e1"/>
            <object_component_ref idref="oc-eb"/>
            <object_component_ref idref="oc-17"/>
            <object_component_ref idref="oc-b4"/>
            <object_component_ref idref="oc-b3"/>
            <object_component_ref idref="oc-ed"/>
            <object_component_ref idref="oc-ec"/>
            <object_component_ref idref="oc-c5"/>
            <object_component_ref idref="oc-b2"/>
            <object_component_ref idref="oc-ca"/>
            <object_component_ref idref="oc-c9"/>
            <object_component_ref idref="oc-a4"/>
            <object_component_ref idref="oc-e3"/>
            <object_component_ref idref="oc-e2"/>
            <object_component_ref idref="oc-e9"/>
            <object_component_ref idref="oc-cf"/>
            <object_component_ref idref="oc-a6"/>
            <object_component_ref idref="oc-b7"/>
            <object_component_ref idref="oc-b6"/>
            <object_component_ref idref="oc-b1"/>
            <object_component_ref idref="oc-e8"/>
         </contents>
      </logical_group>
      <logical_group id="lg-3">
         <name>.stack</name>
         <run_address>0x80005b80</run_address>
         <size>0x800</size>
         <contents>
            <object_component_ref idref="oc-1f"/>
            <object_component_ref idref="oc-10c"/>
         </contents>
      </logical_group>
      <logical_group id="lg-4">
         <name>.bss</name>
         <run_address>0x80000000</run_address>
         <size>0x0</size>
         <contents>
         </contents>
      </logical_group>
      <logical_group id="lg-5">
         <name>.cio</name>
         <run_address>0x80007370</run_address>
         <size>0x120</size>
         <contents>
            <object_component_ref idref="oc-80"/>
         </contents>
      </logical_group>
      <logical_group id="lg-6">
         <name>.const</name>
         <load_address>0x80007240</load_address>
         <run_address>0x80007240</run_address>
         <size>0x12c</size>
         <contents>
            <object_component_ref idref="oc-c8"/>
            <object_component_ref idref="oc-33"/>
            <object_component_ref idref="oc-1b"/>
            <object_component_ref idref="oc-58"/>
         </contents>
      </logical_group>
      <logical_group id="lg-7">
         <name>.data</name>
         <run_address>0x80000000</run_address>
         <size>0x0</size>
         <contents>
         </contents>
      </logical_group>
      <logical_group id="lg-8">
         <name>.switch</name>
         <run_address>0x0</run_address>
         <size>0x0</size>
         <contents>
         </contents>
      </logical_group>
      <logical_group id="lg-9">
         <name>.sysmem</name>
         <run_address>0x80006380</run_address>
         <size>0x800</size>
         <contents>
            <object_component_ref idref="oc-9a"/>
            <object_component_ref idref="oc-10d"/>
         </contents>
      </logical_group>
      <logical_group id="lg-a">
         <name>.far</name>
         <run_address>0x80006b80</run_address>
         <size>0x548</size>
         <contents>
            <object_component_ref idref="oc-1a"/>
            <object_component_ref idref="oc-24"/>
            <object_component_ref idref="oc-2f"/>
            <object_component_ref idref="oc-46"/>
            <object_component_ref idref="oc-6c"/>
            <object_component_ref idref="oc-7c"/>
            <object_component_ref idref="oc-94"/>
            <object_component_ref idref="oc-99"/>
         </contents>
      </logical_group>
      <logical_group id="lg-b">
         <name>.args</name>
         <run_address>0x0</run_address>
         <size>0x0</size>
         <contents>
         </contents>
      </logical_group>
      <logical_group id="lg-c">
         <name>.ppinfo</name>
         <run_address>0x0</run_address>
         <size>0x0</size>
         <contents>
         </contents>
      </logical_group>
      <logical_group id="lg-d">
         <name>.ppdata</name>
         <run_address>0x0</run_address>
         <size>0x0</size>
         <contents>
         </contents>
      </logical_group>
      <logical_group id="lg-e">
         <name>.pinit</name>
         <run_address>0x0</run_address>
         <size>0x0</size>
         <contents>
         </contents>
      </logical_group>
      <logical_group id="lg-f">
         <name>.cinit</name>
         <load_address>0x800070c8</load_address>
         <run_address>0x800070c8</run_address>
         <size>0x174</size>
         <contents>
            <object_component_ref idref="oc-45"/>
            <object_component_ref idref="oc-6b"/>
            <object_component_ref idref="oc-23"/>
            <object_component_ref idref="oc-98"/>
            <object_component_ref idref="oc-19"/>
            <object_component_ref idref="oc-2e"/>
            <object_component_ref idref="oc-93"/>
         </contents>
      </logical_group>
      <logical_group id="lg-10">
         <name>.binit</name>
         <run_address>0x0</run_address>
         <size>0x0</size>
         <contents>
         </contents>
      </logical_group>
      <logical_group id="lg-11">
         <name>.init_array</name>
         <run_address>0x0</run_address>
         <size>0x0</size>
         <contents>
         </contents>
      </logical_group>
      <logical_group id="lg-12">
         <name>.neardata</name>
         <run_address>0x0</run_address>
         <size>0x0</size>
         <contents>
         </contents>
      </logical_group>
      <logical_group id="lg-13">
         <name>.fardata</name>
         <run_address>0x0</run_address>
         <size>0x0</size>
         <contents>
         </contents>
      </logical_group>
      <logical_group id="lg-14">
         <name>.rodata</name>
         <run_address>0x0</run_address>
         <size>0x0</size>
         <contents>
         </contents>
      </logical_group>
      <logical_group id="lg-15">
         <name>.c6xabi.exidx</name>
         <run_address>0x0</run_address>
         <size>0x0</size>
         <contents>
         </contents>
      </logical_group>
      <logical_group id="lg-16">
         <name>.c6xabi.extab</name>
         <run_address>0x0</run_address>
         <size>0x0</size>
         <contents>
         </contents>
      </logical_group>
      <logical_group id="lg-105">
         <name>.debug_info</name>
         <load_address>0x0</load_address>
         <run_address>0x0</run_address>
         <size>0x14a09</size>
         <contents>
            <object_component_ref idref="oc-18"/>
            <object_component_ref idref="oc-1e"/>
            <object_component_ref idref="oc-22"/>
            <object_component_ref idref="oc-27"/>
            <object_component_ref idref="oc-2a"/>
            <object_component_ref idref="oc-2d"/>
            <object_component_ref idref="oc-32"/>
            <object_component_ref idref="oc-36"/>
            <object_component_ref idref="oc-39"/>
            <object_component_ref idref="oc-3c"/>
            <object_component_ref idref="oc-3f"/>
            <object_component_ref idref="oc-42"/>
            <object_component_ref idref="oc-44"/>
            <object_component_ref idref="oc-48"/>
            <object_component_ref idref="oc-4b"/>
            <object_component_ref idref="oc-4e"/>
            <object_component_ref idref="oc-51"/>
            <object_component_ref idref="oc-54"/>
            <object_component_ref idref="oc-57"/>
            <object_component_ref idref="oc-5b"/>
            <object_component_ref idref="oc-5e"/>
            <object_component_ref idref="oc-61"/>
            <object_component_ref idref="oc-64"/>
            <object_component_ref idref="oc-67"/>
            <object_component_ref idref="oc-6a"/>
            <object_component_ref idref="oc-6f"/>
            <object_component_ref idref="oc-72"/>
            <object_component_ref idref="oc-75"/>
            <object_component_ref idref="oc-78"/>
            <object_component_ref idref="oc-7b"/>
            <object_component_ref idref="oc-7f"/>
            <object_component_ref idref="oc-83"/>
            <object_component_ref idref="oc-86"/>
            <object_component_ref idref="oc-89"/>
            <object_component_ref idref="oc-8c"/>
            <object_component_ref idref="oc-8f"/>
            <object_component_ref idref="oc-92"/>
            <object_component_ref idref="oc-97"/>
            <object_component_ref idref="oc-9d"/>
            <object_component_ref idref="oc-a0"/>
            <object_component_ref idref="oc-10e"/>
         </contents>
      </logical_group>
      <logical_group id="lg-107">
         <name>.debug_line</name>
         <load_address>0x0</load_address>
         <run_address>0x0</run_address>
         <size>0xf69</size>
         <contents>
            <object_component_ref idref="oc-1c"/>
            <object_component_ref idref="oc-20"/>
            <object_component_ref idref="oc-25"/>
            <object_component_ref idref="oc-28"/>
            <object_component_ref idref="oc-2b"/>
            <object_component_ref idref="oc-30"/>
            <object_component_ref idref="oc-34"/>
            <object_component_ref idref="oc-37"/>
            <object_component_ref idref="oc-3a"/>
            <object_component_ref idref="oc-3d"/>
            <object_component_ref idref="oc-40"/>
            <object_component_ref idref="oc-49"/>
            <object_component_ref idref="oc-4c"/>
            <object_component_ref idref="oc-4f"/>
            <object_component_ref idref="oc-52"/>
            <object_component_ref idref="oc-55"/>
            <object_component_ref idref="oc-59"/>
            <object_component_ref idref="oc-5c"/>
            <object_component_ref idref="oc-5f"/>
            <object_component_ref idref="oc-62"/>
            <object_component_ref idref="oc-65"/>
            <object_component_ref idref="oc-68"/>
            <object_component_ref idref="oc-6d"/>
            <object_component_ref idref="oc-70"/>
            <object_component_ref idref="oc-73"/>
            <object_component_ref idref="oc-76"/>
            <object_component_ref idref="oc-79"/>
            <object_component_ref idref="oc-7d"/>
            <object_component_ref idref="oc-81"/>
            <object_component_ref idref="oc-84"/>
            <object_component_ref idref="oc-87"/>
            <object_component_ref idref="oc-8a"/>
            <object_component_ref idref="oc-8d"/>
            <object_component_ref idref="oc-90"/>
            <object_component_ref idref="oc-95"/>
            <object_component_ref idref="oc-9b"/>
            <object_component_ref idref="oc-9e"/>
[...]
         <page_id>0x0</page_id>
         <origin>0x11700000</origin>
         <length>0x100000</length>
         <used_space>0x0</used_space>
         <unused_space>0x100000</unused_space>
         <attributes>RWIX</attributes>
         <usage_details>
         </usage_details>
      </memory_area>
      <memory_area>
         <name>SHDSPL2RAM</name>
         <page_id>0x0</page_id>
         <origin>0x11800000</origin>
         <length>0x40000</length>
         <used_space>0x0</used_space>
         <unused_space>0x40000</unused_space>
         <attributes>RWIX</attributes>
         <usage_details>
         </usage_details>
      </memory_area>
      <memory_area>
         <name>SHDSPL1PRAM</name>
         <page_id>0x0</page_id>
         <origin>0x11e00000</origin>
         <length>0x8000</length>
         <used_space>0x0</used_space>
         <unused_space>0x8000</unused_space>
         <attributes>RWIX</attributes>
         <usage_details>
         </usage_details>
      </memory_area>
      <memory_area>
         <name>SHDSPL1DRAM</name>
         <page_id>0x0</page_id>
         <origin>0x11f00000</origin>
         <length>0x8000</length>
         <used_space>0x0</used_space>
         <unused_space>0x8000</unused_space>
         <attributes>RWIX</attributes>
         <usage_details>
         </usage_details>
      </memory_area>
      <memory_area>
         <name>EMIFACS0</name>
         <page_id>0x0</page_id>
         <origin>0x40000000</origin>
         <length>0x20000000</length>
         <used_space>0x0</used_space>
         <unused_space>0x20000000</unused_space>
         <attributes>RWIX</attributes>
         <usage_details>
         </usage_details>
      </memory_area>
      <memory_area>
         <name>EMIFACS2</name>
         <page_id>0x0</page_id>
         <origin>0x60000000</origin>
         <length>0x2000000</length>
         <used_space>0x0</used_space>
         <unused_space>0x2000000</unused_space>
         <attributes>RWIX</attributes>
         <usage_details>
         </usage_details>
      </memory_area>
      <memory_area>
         <name>EMIFACS3</name>
         <page_id>0x0</page_id>
         <origin>0x62000000</origin>
         <length>0x2000000</length>
         <used_space>0x0</used_space>
         <unused_space>0x2000000</unused_space>
         <attributes>RWIX</attributes>
         <usage_details>
         </usage_details>
      </memory_area>
      <memory_area>
         <name>EMIFACS4</name>
         <page_id>0x0</page_id>
         <origin>0x64000000</origin>
         <length>0x2000000</length>
         <used_space>0x0</used_space>
         <unused_space>0x2000000</unused_space>
         <attributes>RWIX</attributes>
         <usage_details>
         </usage_details>
      </memory_area>
      <memory_area>
         <name>EMIFACS5</name>
         <page_id>0x0</page_id>
         <origin>0x66000000</origin>
         <length>0x2000000</length>
         <used_space>0x0</used_space>
         <unused_space>0x2000000</unused_space>
         <attributes>RWIX</attributes>
         <usage_details>
         </usage_details>
      </memory_area>
      <memory_area>
         <name>SHRAM</name>
         <page_id>0x0</page_id>
         <origin>0x80000000</origin>
         <length>0x20000</length>
         <used_space>0x7488</used_space>
         <unused_space>0x18b78</unused_space>
         <attributes>RWIX</attributes>
         <usage_details>
            <allocated_space>
               <start_address>0x80000000</start_address>
               <size>0x0</size>
               <logical_group_ref idref="lg-7"/>
            </allocated_space>
            <allocated_space>
               <start_address>0x80000000</start_address>
               <size>0x0</size>
               <logical_group_ref idref="lg-4"/>
            </allocated_space>
            <allocated_space>
               <start_address>0x80000000</start_address>
               <size>0x5b80</size>
               <logical_group_ref idref="lg-2"/>
            </allocated_space>
            <allocated_space>
               <start_address>0x80005b80</start_address>
               <size>0x800</size>
               <logical_group_ref idref="lg-3"/>
            </allocated_space>
            <allocated_space>
               <start_address>0x80006380</start_address>
               <size>0x800</size>
               <logical_group_ref idref="lg-9"/>
            </allocated_space>
            <allocated_space>
               <start_address>0x80006b80</start_address>
               <size>0x548</size>
               <logical_group_ref idref="lg-a"/>
            </allocated_space>
            <allocated_space>
               <start_address>0x800070c8</start_address>
               <size>0x174</size>
               <logical_group_ref idref="lg-f"/>
            </allocated_space>
            <available_space>
               <start_address>0x8000723c</start_address>
               <size>0x4</size>
            </available_space>
            <allocated_space>
               <start_address>0x80007240</start_address>
               <size>0x12c</size>
               <logical_group_ref idref="lg-6"/>
            </allocated_space>
            <available_space>
               <start_address>0x8000736c</start_address>
               <size>0x4</size>
            </available_space>
            <allocated_space>
               <start_address>0x80007370</start_address>
               <size>0x120</size>
               <logical_group_ref idref="lg-5"/>
            </allocated_space>
            <available_space>
               <start_address>0x80007490</start_address>
               <size>0x18b70</size>
            </available_space>
         </usage_details>
      </memory_area>
      <memory_area>
         <name>DDR2</name>
         <page_id>0x0</page_id>
         <origin>0xc0000000</origin>
         <length>0x20000000</length>
         <used_space>0x0</used_space>
         <unused_space>0x20000000</unused_space>
         <attributes>RWIX</attributes>
         <usage_details>
         </usage_details>
      </memory_area>
   </placement_map>
   <symbol_table>
      <symbol id="sm-0">
         <name>cinit</name>
         <value>0x800070c8</value>
      </symbol>
      <symbol id="sm-1">
         <name>___cinit__</name>
         <value>0x800070c8</value>
      </symbol>
      <symbol id="sm-2">
         <name>pinit</name>
         <value>0xffffffff</value>
      </symbol>
      <symbol id="sm-3">
         <name>___pinit__</name>
         <value>0xffffffff</value>
      </symbol>
      <symbol id="sm-4">
         <name>binit</name>
         <value>0xffffffff</value>
      </symbol>
      <symbol id="sm-5">
         <name>___binit__</name>
         <value>0xffffffff</value>
      </symbol>
      <symbol id="sm-6">
         <name>__STACK_SIZE</name>
         <value>0x800</value>
      </symbol>
      <symbol id="sm-7">
         <name>__STACK_END</name>
         <value>0x80006380</value>
      </symbol>
      <symbol id="sm-8">
         <name>__SYSMEM_SIZE</name>
         <value>0x800</value>
      </symbol>
      <symbol id="sm-9">
         <name>___c_args__</name>
         <value>0xffffffff</value>
      </symbol>
      <symbol id="sm-a">
         <name>.text</name>
         <value>0x80000000</value>
      </symbol>
      <symbol id="sm-b">
         <name>___text__</name>
         <value>0x80000000</value>
      </symbol>
      <symbol id="sm-c">
         <name>etext</name>
         <value>0x80005b80</value>
      </symbol>
      <symbol id="sm-d">
         <name>___etext__</name>
         <value>0x80005b80</value>
      </symbol>
      <symbol id="sm-e">
         <name>.data</name>
         <value>0x80000000</value>
      </symbol>
      <symbol id="sm-f">
         <name>___data__</name>
         <value>0x80000000</value>
      </symbol>
      <symbol id="sm-10">
         <name>edata</name>
         <value>0x80000000</value>
      </symbol>
      <symbol id="sm-11">
         <name>___edata__</name>
         <value>0x80000000</value>
      </symbol>
      <symbol id="sm-12">
         <name>.bss</name>
         <value>0x80000000</value>
      </symbol>
      <symbol id="sm-13">
         <name>___bss__</name>
         <value>0x80000000</value>
      </symbol>
      <symbol id="sm-14">
         <name>end</name>
         <value>0x80000000</value>
      </symbol>
      <symbol id="sm-15">
         <name>___end__</name>
         <value>0x80000000</value>
      </symbol>
      <symbol id="sm-16">
         <name>___TI_pprof_out_hndl</name>
         <value>0xffffffff</value>
      </symbol>
      <symbol id="sm-17">
         <name>___TI_prof_data_start</name>
         <value>0xffffffff</value>
      </symbol>
      <symbol id="sm-18">
         <name>___TI_prof_data_size</name>
         <value>0xffffffff</value>
      </symbol>
      <symbol id="sm-19">
         <name>$bss</name>
         <value>0x80000000</value>
      </symbol>
      <symbol id="sm-5d">
         <name>_main</name>
         <value>0x80004de0</value>
         <object_component_ref idref="oc-b0"/>
      </symbol>
      <symbol id="sm-5e">
         <name>_g_buf</name>
         <value>0x80007098</value>
         <object_component_ref idref="oc-1a"/>
      </symbol>
      <symbol id="sm-6d">
         <name>_c_int00</name>
         <value>0x80005620</value>
         <object_component_ref idref="oc-17"/>
      </symbol>
      <symbol id="sm-6e">
         <name>__stack</name>
         <value>0x80005b80</value>
         <object_component_ref idref="oc-1f"/>
      </symbol>
      <symbol id="sm-87">
         <name>C$$EXIT</name>
         <value>0x80005b40</value>
         <object_component_ref idref="oc-b1"/>
      </symbol>
      <symbol id="sm-88">
         <name>_exit</name>
         <value>0x80004440</value>
         <object_component_ref idref="oc-a5"/>
      </symbol>
      <symbol id="sm-89">
         <name>___TI_enable_exit_profile_output</name>
         <value>0x800070b4</value>
         <object_component_ref idref="oc-24"/>
      </symbol>
      <symbol id="sm-8a">
         <name>_abort</name>
         <value>0x80005b40</value>
         <object_component_ref idref="oc-b1"/>
      </symbol>
      <symbol id="sm-8b">
         <name>__cleanup_ptr</name>
         <value>0x800070ac</value>
         <object_component_ref idref="oc-24"/>
      </symbol>
      <symbol id="sm-8c">
         <name>__dtors_ptr</name>
         <value>0x800070b0</value>
         <object_component_ref idref="oc-24"/>
      </symbol>
      <symbol id="sm-97">
         <name>_memset</name>
         <value>0x80004520</value>
         <object_component_ref idref="oc-b5"/>
      </symbol>
      <symbol id="sm-a9">
         <name>_printf</name>
         <value>0x800056a0</value>
         <object_component_ref idref="oc-b4"/>
      </symbol>
      <symbol id="sm-b7">
         <name>__unlock</name>
         <value>0x800070bc</value>
         <object_component_ref idref="oc-2f"/>
      </symbol>
      <symbol id="sm-b8">
         <name>__lock</name>
         <value>0x800070b8</value>
         <object_component_ref idref="oc-2f"/>
      </symbol>
      <symbol id="sm-b9">
         <name>__nop</name>
         <value>0x80005ae0</value>
         <object_component_ref idref="oc-a6"/>
      </symbol>
      <symbol id="sm-1c6">
         <name>__printfi</name>
         <value>0x80001060</value>
         <object_component_ref idref="oc-b8"/>
      </symbol>
      <symbol id="sm-1d0">
         <name>__args_main</name>
         <value>0x800059c0</value>
         <object_component_ref idref="oc-a4"/>
      </symbol>
      <symbol id="sm-1d1">
         <name>__TI_args_main</name>
         <value>0x1</value>
      </symbol>
      <symbol id="sm-1df">
         <name>_atoi</name>
         <value>0x80004280</value>
         <object_component_ref idref="oc-c2"/>
      </symbol>
      <symbol id="sm-1f1">
         <name>__auto_init</name>
         <value>0x80003dc0</value>
         <object_component_ref idref="oc-a3"/>
      </symbol>
      <symbol id="sm-1ff">
         <name>_copy_in</name>
         <value>0x80005200</value>
         <object_component_ref idref="oc-ae"/>
      </symbol>
      <symbol id="sm-207">
         <name>__ctypes_</name>
         <value>0x80007240</value>
         <object_component_ref idref="oc-c8"/>
      </symbol>
      <symbol id="sm-211">
         <name>__tmpnams</name>
         <value>0x80006d60</value>
         <object_component_ref idref="oc-46"/>
      </symbol>
      <symbol id="sm-212">
         <name>__ft_end</name>
         <value>0x80006ea0</value>
         <object_component_ref idref="oc-46"/>
      </symbol>
      <symbol id="sm-213">
         <name>__ftable</name>
         <value>0x80006b80</value>
         <object_component_ref idref="oc-46"/>
      </symbol>
      <symbol id="sm-225">
         <name>__divd</name>
         <value>0x80000000</value>
         <object_component_ref idref="oc-da"/>
      </symbol>
      <symbol id="sm-22e">
         <name>__c6xabi_divu</name>
         <value>0x80004900</value>
         <object_component_ref idref="oc-e4"/>
      </symbol>
      <symbol id="sm-22f">
         <name>__divu</name>
         <value>0x80004900</value>
         <object_component_ref idref="oc-e4"/>
      </symbol>
      <symbol id="sm-23c">
         <name>__fixdli</name>
         <value>0x800050c0</value>
         <object_component_ref idref="oc-df"/>
      </symbol>
      <symbol id="sm-247">
         <name>__fltlid</name>
         <value>0x80005520</value>
         <object_component_ref idref="oc-e1"/>
      </symbol>
      <symbol id="sm-259">
         <name>_putc</name>
         <value>0x80003920</value>
         <object_component_ref idref="oc-ba"/>
      </symbol>
      <symbol id="sm-25a">
         <name>_fputc</name>
         <value>0x80003920</value>
         <object_component_ref idref="oc-ba"/>
      </symbol>
      <symbol id="sm-274">
         <name>_fputs</name>
         <value>0x800014a0</value>
         <object_component_ref idref="oc-b9"/>
      </symbol>
      <symbol id="sm-27e">
         <name>__frcmpyd_div</name>
         <value>0x80005a00</value>
         <object_component_ref idref="oc-e3"/>
      </symbol>
      <symbol id="sm-28e">
         <name>__divul</name>
         <value>0x800031c0</value>
         <object_component_ref idref="oc-e5"/>
      </symbol>
      <symbol id="sm-28f">
         <name>__remli</name>
         <value>0x80005a80</value>
         <object_component_ref idref="oc-e9"/>
      </symbol>
      <symbol id="sm-290">
         <name>__divli</name>
         <value>0x80004ee0</value>
         <object_component_ref idref="oc-ea"/>
      </symbol>
      <symbol id="sm-2a4">
         <name>__subcull</name>
         <value>0x80005820</value>
         <object_component_ref idref="oc-ec"/>
      </symbol>
      <symbol id="sm-2a5">
         <name>__divull</name>
         <value>0x800024e0</value>
         <object_component_ref idref="oc-e6"/>
      </symbol>
      <symbol id="sm-2af">
         <name>___isinf</name>
         <value>0x80005940</value>
         <object_component_ref idref="oc-ca"/>
      </symbol>
      <symbol id="sm-2bd">
         <name>__llshl</name>
         <value>0x800055a0</value>
         <object_component_ref idref="oc-eb"/>
      </symbol>
      <symbol id="sm-2be">
         <name>__llshru</name>
         <value>0x80005a40</value>
         <object_component_ref idref="oc-e2"/>
      </symbol>
      <symbol id="sm-2fd">
         <name>_unlink</name>
         <value>0x800057a0</value>
         <object_component_ref idref="oc-ed"/>
      </symbol>
      <symbol id="sm-2fe">
         <name>_lseek</name>
         <value>0x80004b40</value>
         <object_component_ref idref="oc-d1"/>
      </symbol>
      <symbol id="sm-2ff">
         <name>_close</name>
         <value>0x80004360</value>
         <object_component_ref idref="oc-e7"/>
      </symbol>
      <symbol id="sm-300">
         <name>_write</name>
         <value>0x80004cc0</value>
         <object_component_ref idref="oc-c1"/>
      </symbol>
      <symbol id="sm-30d">
         <name>_ltoa</name>
         <value>0x80004c00</value>
         <object_component_ref idref="oc-e0"/>
      </symbol>
      <symbol id="sm-31a">
         <name>_memccpy</name>
         <value>0x80005880</value>
         <object_component_ref idref="oc-c5"/>
      </symbol>
      <symbol id="sm-322">
         <name>_memcpy</name>
         <value>0x80005340</value>
         <object_component_ref idref="oc-af"/>
      </symbol>
      <symbol id="sm-32c">
         <name>__negll</name>
         <value>0x80005ac0</value>
         <object_component_ref idref="oc-cf"/>
      </symbol>
      <symbol id="sm-356">
         <name>_HOSTopen</name>
         <value>0x800040c0</value>
         <object_component_ref idref="oc-a7"/>
      </symbol>
      <symbol id="sm-357">
         <name>_HOSTread</name>
         <value>0x800041a0</value>
         <object_component_ref idref="oc-a9"/>
      </symbol>
      <symbol id="sm-358">
         <name>_HOSTrename</name>
         <value>0x80003360</value>
         <object_component_ref idref="oc-ad"/>
      </symbol>
      <symbol id="sm-359">
         <name>_HOSTwrite</name>
         <value>0x800046c0</value>
         <object_component_ref idref="oc-aa"/>
      </symbol>
      <symbol id="sm-35a">
         <name>_HOSTlseek</name>
         <value>0x80003cc0</value>
         <object_component_ref idref="oc-ab"/>
      </symbol>
      <symbol id="sm-35b">
         <name>_HOSTunlink</name>
         <value>0x80004600</value>
         <object_component_ref idref="oc-ac"/>
      </symbol>
      <symbol id="sm-35c">
         <name>_HOSTclose</name>
         <value>0x80004e40</value>
         <object_component_ref idref="oc-a8"/>
      </symbol>
      <symbol id="sm-36c">
         <name>C$$IO$$</name>
         <value>0x80005938</value>
         <object_component_ref idref="oc-b2"/>
      </symbol>
      <symbol id="sm-36d">
         <name>__CIOBUF_</name>
         <value>0x80007370</value>
         <object_component_ref idref="oc-80"/>
      </symbol>
      <symbol id="sm-36e">
         <name>_readmsg</name>
         <value>0x80005720</value>
         <object_component_ref idref="oc-b3"/>
      </symbol>
      <symbol id="sm-36f">
         <name>_writemsg</name>
         <value>0x800058e0</value>
         <object_component_ref idref="oc-b2"/>
      </symbol>
      <symbol id="sm-37e">
         <name>__wrt_ok</name>
         <value>0x80003fc0</value>
         <object_component_ref idref="oc-bf"/>
      </symbol>
      <symbol id="sm-392">
         <name>__doflush</name>
         <value>0x800049c0</value>
         <object_component_ref idref="oc-c0"/>
      </symbol>
      <symbol id="sm-39f">
         <name>_fseek</name>
         <value>0x80004a80</value>
         <object_component_ref idref="oc-c6"/>
      </symbol>
      <symbol id="sm-3b0">
         <name>_setvbuf</name>
         <value>0x80003660</value>
         <object_component_ref idref="oc-c7"/>
      </symbol>
      <symbol id="sm-3c5">
         <name>__cleanup</name>
         <value>0x80004780</value>
         <object_component_ref idref="oc-d4"/>
      </symbol>
      <symbol id="sm-3fd">
         <name>__sys_memory</name>
         <value>0x80006380</value>
         <object_component_ref idref="oc-9a"/>
      </symbol>
      <symbol id="sm-3fe">
         <name>_free</name>
         <value>0x80002260</value>
         <object_component_ref idref="oc-d2"/>
      </symbol>
      <symbol id="sm-3ff">
         <name>_malloc</name>
         <value>0x800034e0</value>
         <object_component_ref idref="oc-d3"/>
      </symbol>
      <symbol id="sm-411">
         <name>_fclose</name>
         <value>0x80003ba0</value>
         <object_component_ref idref="oc-de"/>
      </symbol>
      <symbol id="sm-41b">
         <name>_remove</name>
         <value>0x80005b60</value>
         <object_component_ref idref="oc-e8"/>
      </symbol>
   </symbol_table>
</link_info>
